2026-08-05T08:12:58+00:00 INFO Email "new_order" for order #59688 sent CONTEXT: {"email_type":"new_order","status":"sent","recipient":"superadmin","order":59688}
2026-08-05T08:13:02+00:00 INFO Email "customer_processing_order" for order #59688 sent CONTEXT: {"email_type":"customer_processing_order","status":"sent","recipient":"Sidharth test","order":59688}
2026-08-05T08:32:51+00:00 INFO Email "new_order" for order #59689 sent CONTEXT: {"email_type":"new_order","status":"sent","recipient":"superadmin","order":59689}
2026-08-05T08:32:56+00:00 INFO Email "customer_processing_order" for order #59689 sent CONTEXT: {"email_type":"customer_processing_order","status":"sent","recipient":"Haresh","order":59689}
2026-08-05T13:41:55+00:00 INFO Email "customer_reset_password" for user #166 sent CONTEXT: {"email_type":"customer_reset_password","status":"sent","recipient":"giri.ramamoorthy","user":166}
2026-08-05T13:45:15+00:00 INFO Email "customer_reset_password" for user #140 sent CONTEXT: {"email_type":"customer_reset_password","status":"sent","recipient":"stratos71","user":140}
2026-08-05T13:45:59+00:00 INFO Email "customer_reset_password" for user #354 sent CONTEXT: {"email_type":"customer_reset_password","status":"sent","recipient":"rasheedahmed.ar","user":354}
2026-08-05T13:47:33+00:00 INFO Email "customer_reset_password" for user #441 sent CONTEXT: {"email_type":"customer_reset_password","status":"sent","recipient":"venkatramshravankumar","user":441}
2026-08-05T13:48:18+00:00 INFO Email "cancelled_subscription" for order #58477 sent CONTEXT: {"email_type":"cancelled_subscription","status":"sent","recipient":"superadmin","order":58477}
2026-08-05T13:48:42+00:00 INFO Email "customer_reset_password" for user #216 sent CONTEXT: {"email_type":"customer_reset_password","status":"sent","recipient":"vijayvasudevan1","user":216}
2026-08-05T13:50:21+00:00 INFO Email "customer_reset_password" for user #333 sent CONTEXT: {"email_type":"customer_reset_password","status":"sent","recipient":"laks.bhavs","user":333}
2026-08-05T13:52:38+00:00 INFO Email "customer_reset_password" for user #758 sent CONTEXT: {"email_type":"customer_reset_password","status":"sent","recipient":"vidyaven","user":758}
2026-08-05T14:07:03+00:00 INFO Email "customer_reset_password" for user #753 sent CONTEXT: {"email_type":"customer_reset_password","status":"sent","recipient":"keetsraj","user":753}
2026-08-05T14:08:27+00:00 INFO Email "customer_reset_password" for user #753 sent CONTEXT: {"email_type":"customer_reset_password","status":"sent","recipient":"keetsraj","user":753}
2026-08-05T14:09:07+00:00 INFO Email "customer_reset_password" for user #753 sent CONTEXT: {"email_type":"customer_reset_password","status":"sent","recipient":"keetsraj","user":753}
2026-08-05T14:11:15+00:00 INFO Email "customer_reset_password" for user #67 sent CONTEXT: {"email_type":"customer_reset_password","status":"sent","recipient":"geethu.er","user":67}
2026-08-05T14:16:38+00:00 NOTICE Email "customer_note" for order #76358 not sent: email type is disabled CONTEXT: {"email_type":"customer_note","status":"disabled","recipient":"Test Sibi","order":76358}
2026-08-05T14:18:36+00:00 INFO Email "customer_reset_password" for user #221 sent CONTEXT: {"email_type":"customer_reset_password","status":"sent","recipient":"t_kart","user":221}
2026-08-05T14:19:18+00:00 INFO Email "customer_reset_password" for user #15 sent CONTEXT: {"email_type":"customer_reset_password","status":"sent","recipient":"sanguthebest","user":15}
2026-08-05T14:30:04+00:00 INFO Email "customer_reset_password" for user #221 sent CONTEXT: {"email_type":"customer_reset_password","status":"sent","recipient":"t_kart","user":221}
2026-08-05T14:53:28+00:00 INFO Email "customer_reset_password" for user #440 sent CONTEXT: {"email_type":"customer_reset_password","status":"sent","recipient":"ckvarier","user":440}
2026-08-05T14:58:36+00:00 INFO Email "customer_reset_password" for user #66 sent CONTEXT: {"email_type":"customer_reset_password","status":"sent","recipient":"senthil.kumar.ma","user":66}
2026-08-05T15:09:18+00:00 INFO Email "customer_reset_password" for user #778 sent CONTEXT: {"email_type":"customer_reset_password","status":"sent","recipient":"kshreyaas","user":778}
2026-08-05T15:22:21+00:00 INFO Email "customer_reset_password" for user #785 sent CONTEXT: {"email_type":"customer_reset_password","status":"sent","recipient":"charumathi18","user":785}
2026-08-05T15:31:53+00:00 INFO Email "customer_reset_password" for user #352 sent CONTEXT: {"email_type":"customer_reset_password","status":"sent","recipient":"pappu.divs","user":352}
2026-08-05T15:48:53+00:00 INFO Email "customer_reset_password" for user #274 sent CONTEXT: {"email_type":"customer_reset_password","status":"sent","recipient":"rviji.1092","user":274}
2026-08-05T15:55:09+00:00 INFO Email "customer_reset_password" for user #131 sent CONTEXT: {"email_type":"customer_reset_password","status":"sent","recipient":"g.poorni24","user":131}
2026-08-05T16:18:00+00:00 INFO Email "new_order" for order #76361 sent CONTEXT: {"email_type":"new_order","status":"sent","recipient":"superadmin","order":76361}
2026-08-05T16:18:06+00:00 INFO Email "customer_processing_order" for order #76361 sent CONTEXT: {"email_type":"customer_processing_order","status":"sent","recipient":"Sidharth test","order":76361}
2026-08-05T16:27:40+00:00 INFO Email "new_order" for order #76363 sent CONTEXT: {"email_type":"new_order","status":"sent","recipient":"superadmin","order":76363}
2026-08-05T16:27:46+00:00 INFO Email "customer_processing_order" for order #76363 sent CONTEXT: {"email_type":"customer_processing_order","status":"sent","recipient":"tcebalaece","order":76363}
2026-08-05T16:29:11+00:00 INFO Email "new_order" for order #76364 sent CONTEXT: {"email_type":"new_order","status":"sent","recipient":"superadmin","order":76364}
2026-08-05T16:29:17+00:00 INFO Email "customer_processing_order" for order #76364 sent CONTEXT: {"email_type":"customer_processing_order","status":"sent","recipient":"tcebalaece","order":76364}
2026-08-05T16:44:47+00:00 INFO Email "customer_reset_password" for user #171 sent CONTEXT: {"email_type":"customer_reset_password","status":"sent","recipient":"mr.khadeerahmed","user":171}
2026-08-05T16:54:46+00:00 NOTICE Email "customer_note" for order #76361 not sent: email type is disabled CONTEXT: {"email_type":"customer_note","status":"disabled","recipient":"Sidharth test","order":76361}
2026-08-05T17:00:16+00:00 NOTICE Email "customer_note" for order #76365 not sent: email type is disabled CONTEXT: {"email_type":"customer_note","status":"disabled","recipient":"kannan_s11","order":76365}
2026-08-05T17:00:23+00:00 NOTICE Email "customer_note" for order #76365 not sent: email type is disabled CONTEXT: {"email_type":"customer_note","status":"disabled","recipient":"kannan_s11","order":76365}
2026-08-05T17:01:33+00:00 INFO Email "new_order" for order #76365 sent CONTEXT: {"email_type":"new_order","status":"sent","recipient":"superadmin","order":76365}
2026-08-05T17:01:37+00:00 INFO Email "customer_processing_order" for order #76365 sent CONTEXT: {"email_type":"customer_processing_order","status":"sent","recipient":"kannan_s11","order":76365}
2026-08-05T17:03:25+00:00 NOTICE Email "customer_note" for order #59689 not sent: email type is disabled CONTEXT: {"email_type":"customer_note","status":"disabled","recipient":"Haresh","order":59689}
2026-08-05T17:37:03+00:00 NOTICE Email "customer_note" for order #76370 not sent: email type is disabled CONTEXT: {"email_type":"customer_note","status":"disabled","recipient":"thomas_dason2002","order":76370}
2026-08-05T17:37:32+00:00 NOTICE Email "customer_note" for order #76371 not sent: email type is disabled CONTEXT: {"email_type":"customer_note","status":"disabled","recipient":"thomas_dason2002","order":76371}
2026-08-05T17:37:43+00:00 NOTICE Email "customer_note" for order #76373 not sent: email type is disabled CONTEXT: {"email_type":"customer_note","status":"disabled","recipient":"ravishankar","order":76373}
2026-08-05T17:37:51+00:00 NOTICE Email "customer_note" for order #76374 not sent: email type is disabled CONTEXT: {"email_type":"customer_note","status":"disabled","recipient":"ravishankar","order":76374}
2026-08-05T17:38:00+00:00 NOTICE Email "customer_note" for order #76375 not sent: email type is disabled CONTEXT: {"email_type":"customer_note","status":"disabled","recipient":"shreesekar","order":76375}
2026-08-05T17:38:09+00:00 NOTICE Email "customer_note" for order #76376 not sent: email type is disabled CONTEXT: {"email_type":"customer_note","status":"disabled","recipient":"ganeshbw","order":76376}
2026-08-05T17:38:19+00:00 NOTICE Email "customer_note" for order #76378 not sent: email type is disabled CONTEXT: {"email_type":"customer_note","status":"disabled","recipient":"ganeshbw","order":76378}
2026-08-05T17:38:26+00:00 NOTICE Email "customer_note" for order #76379 not sent: email type is disabled CONTEXT: {"email_type":"customer_note","status":"disabled","recipient":"nalinikumar","order":76379}
2026-08-05T17:38:35+00:00 NOTICE Email "customer_note" for order #76380 not sent: email type is disabled CONTEXT: {"email_type":"customer_note","status":"disabled","recipient":"anand_ranjani","order":76380}
2026-08-05T17:38:42+00:00 NOTICE Email "customer_note" for order #76381 not sent: email type is disabled CONTEXT: {"email_type":"customer_note","status":"disabled","recipient":"anand_ranjani","order":76381}
2026-08-05T17:38:50+00:00 NOTICE Email "customer_note" for order #76382 not sent: email type is disabled CONTEXT: {"email_type":"customer_note","status":"disabled","recipient":"itchingtowrite","order":76382}
2026-08-05T17:38:57+00:00 NOTICE Email "customer_note" for order #76383 not sent: email type is disabled CONTEXT: {"email_type":"customer_note","status":"disabled","recipient":"pdotadir","order":76383}
2026-08-05T17:39:04+00:00 NOTICE Email "customer_note" for order #76384 not sent: email type is disabled CONTEXT: {"email_type":"customer_note","status":"disabled","recipient":"jaysh_vijay","order":76384}
2026-08-05T17:39:13+00:00 NOTICE Email "customer_note" for order #76385 not sent: email type is disabled CONTEXT: {"email_type":"customer_note","status":"disabled","recipient":"nithin153","order":76385}
2026-08-05T17:39:21+00:00 NOTICE Email "customer_note" for order #76386 not sent: email type is disabled CONTEXT: {"email_type":"customer_note","status":"disabled","recipient":"sanguthebest","order":76386}
2026-08-05T17:39:32+00:00 NOTICE Email "customer_note" for order #76387 not sent: email type is disabled CONTEXT: {"email_type":"customer_note","status":"disabled","recipient":"rguruprasath","order":76387}
2026-08-05T17:39:39+00:00 NOTICE Email "customer_note" for order #76388 not sent: email type is disabled CONTEXT: {"email_type":"customer_note","status":"disabled","recipient":"senthil.m7479","order":76388}
2026-08-05T17:39:47+00:00 NOTICE Email "customer_note" for order #76389 not sent: email type is disabled CONTEXT: {"email_type":"customer_note","status":"disabled","recipient":"raj","order":76389}
2026-08-05T17:39:56+00:00 NOTICE Email "customer_note" for order #76390 not sent: email type is disabled CONTEXT: {"email_type":"customer_note","status":"disabled","recipient":"sriram_venkataraman","order":76390}
2026-08-05T17:40:03+00:00 NOTICE Email "customer_note" for order #76391 not sent: email type is disabled CONTEXT: {"email_type":"customer_note","status":"disabled","recipient":"abinaya.kannazhagan","order":76391}
2026-08-05T17:40:12+00:00 NOTICE Email "customer_note" for order #76392 not sent: email type is disabled CONTEXT: {"email_type":"customer_note","status":"disabled","recipient":"anic.vijay","order":76392}
2026-08-05T17:40:19+00:00 NOTICE Email "customer_note" for order #76393 not sent: email type is disabled CONTEXT: {"email_type":"customer_note","status":"disabled","recipient":"kvghome1","order":76393}
2026-08-05T17:40:26+00:00 NOTICE Email "customer_note" for order #76394 not sent: email type is disabled CONTEXT: {"email_type":"customer_note","status":"disabled","recipient":"rajalakshmi.nr","order":76394}
2026-08-05T17:40:33+00:00 NOTICE Email "customer_note" for order #76395 not sent: email type is disabled CONTEXT: {"email_type":"customer_note","status":"disabled","recipient":"uppili45","order":76395}
2026-08-05T17:40:41+00:00 NOTICE Email "customer_note" for order #76396 not sent: email type is disabled CONTEXT: {"email_type":"customer_note","status":"disabled","recipient":"shanthichandrasekar","order":76396}
2026-08-05T17:40:48+00:00 NOTICE Email "customer_note" for order #76397 not sent: email type is disabled CONTEXT: {"email_type":"customer_note","status":"disabled","recipient":"raji.mulpuri","order":76397}
2026-08-05T17:40:56+00:00 NOTICE Email "customer_note" for order #76398 not sent: email type is disabled CONTEXT: {"email_type":"customer_note","status":"disabled","recipient":"raji.mulpuri","order":76398}
2026-08-05T17:41:05+00:00 NOTICE Email "customer_note" for order #76399 not sent: email type is disabled CONTEXT: {"email_type":"customer_note","status":"disabled","recipient":"j.murugavel","order":76399}
2026-08-05T17:41:12+00:00 NOTICE Email "customer_note" for order #76400 not sent: email type is disabled CONTEXT: {"email_type":"customer_note","status":"disabled","recipient":"pree25","order":76400}
2026-08-05T17:41:20+00:00 NOTICE Email "customer_note" for order #76401 not sent: email type is disabled CONTEXT: {"email_type":"customer_note","status":"disabled","recipient":"victoryprathiba2006","order":76401}
2026-08-05T17:41:29+00:00 NOTICE Email "customer_note" for order #76402 not sent: email type is disabled CONTEXT: {"email_type":"customer_note","status":"disabled","recipient":"gau2am","order":76402}
2026-08-05T17:41:36+00:00 NOTICE Email "customer_note" for order #76403 not sent: email type is disabled CONTEXT: {"email_type":"customer_note","status":"disabled","recipient":"vidhyashrre","order":76403}
2026-08-05T17:41:43+00:00 NOTICE Email "customer_note" for order #76404 not sent: email type is disabled CONTEXT: {"email_type":"customer_note","status":"disabled","recipient":"hariharan.t","order":76404}
2026-08-05T17:41:50+00:00 NOTICE Email "customer_note" for order #76405 not sent: email type is disabled CONTEXT: {"email_type":"customer_note","status":"disabled","recipient":"amuthukumaran","order":76405}
2026-08-05T17:41:58+00:00 NOTICE Email "customer_note" for order #76406 not sent: email type is disabled CONTEXT: {"email_type":"customer_note","status":"disabled","recipient":"pork_gee","order":76406}
2026-08-05T17:42:06+00:00 NOTICE Email "customer_note" for order #76407 not sent: email type is disabled CONTEXT: {"email_type":"customer_note","status":"disabled","recipient":"sangeetha.deiveegarajan","order":76407}
2026-08-05T17:42:16+00:00 NOTICE Email "customer_note" for order #76408 not sent: email type is disabled CONTEXT: {"email_type":"customer_note","status":"disabled","recipient":"renukaseshadhri","order":76408}
2026-08-05T17:42:24+00:00 NOTICE Email "customer_note" for order #76409 not sent: email type is disabled CONTEXT: {"email_type":"customer_note","status":"disabled","recipient":"sandhya5565","order":76409}
2026-08-05T17:42:31+00:00 NOTICE Email "customer_note" for order #76410 not sent: email type is disabled CONTEXT: {"email_type":"customer_note","status":"disabled","recipient":"jsridhar00","order":76410}
2026-08-05T17:42:37+00:00 NOTICE Email "customer_note" for order #76411 not sent: email type is disabled CONTEXT: {"email_type":"customer_note","status":"disabled","recipient":"mali","order":76411}
2026-08-05T17:42:43+00:00 INFO Email "new_order" for order #76377 sent CONTEXT: {"email_type":"new_order","status":"sent","recipient":"superadmin","order":76377}
2026-08-05T17:42:44+00:00 NOTICE Email "customer_note" for order #76412 not sent: email type is disabled CONTEXT: {"email_type":"customer_note","status":"disabled","recipient":"priyag2730","order":76412}
2026-08-05T17:42:50+00:00 INFO Email "customer_processing_order" for order #76377 sent CONTEXT: {"email_type":"customer_processing_order","status":"sent","recipient":"rmchuchitra","order":76377}
2026-08-05T17:42:52+00:00 NOTICE Email "customer_note" for order #76413 not sent: email type is disabled CONTEXT: {"email_type":"customer_note","status":"disabled","recipient":"giddisathish","order":76413}
2026-08-05T17:43:00+00:00 NOTICE Email "customer_note" for order #76414 not sent: email type is disabled CONTEXT: {"email_type":"customer_note","status":"disabled","recipient":"marianigli","order":76414}
2026-08-05T17:43:09+00:00 NOTICE Email "customer_note" for order #76415 not sent: email type is disabled CONTEXT: {"email_type":"customer_note","status":"disabled","recipient":"sansik26","order":76415}
2026-08-05T17:43:17+00:00 NOTICE Email "customer_note" for order #76416 not sent: email type is disabled CONTEXT: {"email_type":"customer_note","status":"disabled","recipient":"sureshkumarl_ece","order":76416}
2026-08-05T17:43:29+00:00 NOTICE Email "customer_note" for order #76417 not sent: email type is disabled CONTEXT: {"email_type":"customer_note","status":"disabled","recipient":"hemirami","order":76417}
2026-08-05T17:43:37+00:00 NOTICE Email "customer_note" for order #76418 not sent: email type is disabled CONTEXT: {"email_type":"customer_note","status":"disabled","recipient":"jaanvi68","order":76418}
2026-08-05T17:43:45+00:00 NOTICE Email "customer_note" for order #76419 not sent: email type is disabled CONTEXT: {"email_type":"customer_note","status":"disabled","recipient":"subramoniank","order":76419}
2026-08-05T17:43:52+00:00 NOTICE Email "customer_note" for order #76420 not sent: email type is disabled CONTEXT: {"email_type":"customer_note","status":"disabled","recipient":"kevinsundha","order":76420}
2026-08-05T17:43:58+00:00 NOTICE Email "customer_note" for order #76421 not sent: email type is disabled CONTEXT: {"email_type":"customer_note","status":"disabled","recipient":"pooranyk","order":76421}
2026-08-05T17:44:05+00:00 NOTICE Email "customer_note" for order #76422 not sent: email type is disabled CONTEXT: {"email_type":"customer_note","status":"disabled","recipient":"pooranyk","order":76422}
2026-08-05T17:44:13+00:00 NOTICE Email "customer_note" for order #76423 not sent: email type is disabled CONTEXT: {"email_type":"customer_note","status":"disabled","recipient":"parithi_kasi","order":76423}
2026-08-05T17:44:23+00:00 NOTICE Email "customer_note" for order #76424 not sent: email type is disabled CONTEXT: {"email_type":"customer_note","status":"disabled","recipient":"anjana.damu","order":76424}
2026-08-05T17:44:32+00:00 NOTICE Email "customer_note" for order #76425 not sent: email type is disabled CONTEXT: {"email_type":"customer_note","status":"disabled","recipient":"senthil.kumar.ma","order":76425}
2026-08-05T17:44:41+00:00 NOTICE Email "customer_note" for order #76426 not sent: email type is disabled CONTEXT: {"email_type":"customer_note","status":"disabled","recipient":"geethu.er","order":76426}
2026-08-05T17:44:49+00:00 NOTICE Email "customer_note" for order #76427 not sent: email type is disabled CONTEXT: {"email_type":"customer_note","status":"disabled","recipient":"mathangi.gaj","order":76427}
2026-08-05T17:44:56+00:00 NOTICE Email "customer_note" for order #76428 not sent: email type is disabled CONTEXT: {"email_type":"customer_note","status":"disabled","recipient":"arunt2511","order":76428}
2026-08-05T17:45:03+00:00 NOTICE Email "customer_note" for order #76429 not sent: email type is disabled CONTEXT: {"email_type":"customer_note","status":"disabled","recipient":"spkarri","order":76429}
2026-08-05T17:45:10+00:00 NOTICE Email "customer_note" for order #76430 not sent: email type is disabled CONTEXT: {"email_type":"customer_note","status":"disabled","recipient":"siva","order":76430}
2026-08-05T17:45:18+00:00 NOTICE Email "customer_note" for order #76431 not sent: email type is disabled CONTEXT: {"email_type":"customer_note","status":"disabled","recipient":"bhuulax","order":76431}
2026-08-05T17:45:30+00:00 NOTICE Email "customer_note" for order #76432 not sent: email type is disabled CONTEXT: {"email_type":"customer_note","status":"disabled","recipient":"kannan_s11","order":76432}
2026-08-05T17:45:38+00:00 NOTICE Email "customer_note" for order #76433 not sent: email type is disabled CONTEXT: {"email_type":"customer_note","status":"disabled","recipient":"ramadamu","order":76433}
2026-08-05T17:45:45+00:00 NOTICE Email "customer_note" for order #76434 not sent: email type is disabled CONTEXT: {"email_type":"customer_note","status":"disabled","recipient":"vinujoshua","order":76434}
2026-08-05T17:45:53+00:00 NOTICE Email "customer_note" for order #76435 not sent: email type is disabled CONTEXT: {"email_type":"customer_note","status":"disabled","recipient":"amalirayan","order":76435}
2026-08-05T17:46:02+00:00 NOTICE Email "customer_note" for order #76436 not sent: email type is disabled CONTEXT: {"email_type":"customer_note","status":"disabled","recipient":"mailmenagu","order":76436}
2026-08-05T17:46:08+00:00 NOTICE Email "customer_note" for order #76437 not sent: email type is disabled CONTEXT: {"email_type":"customer_note","status":"disabled","recipient":"arathianan","order":76437}
2026-08-05T17:46:15+00:00 NOTICE Email "customer_note" for order #76438 not sent: email type is disabled CONTEXT: {"email_type":"customer_note","status":"disabled","recipient":"devitholkappiar","order":76438}
2026-08-05T17:46:22+00:00 NOTICE Email "customer_note" for order #76439 not sent: email type is disabled CONTEXT: {"email_type":"customer_note","status":"disabled","recipient":"bhatt1999","order":76439}
2026-08-05T17:46:29+00:00 NOTICE Email "customer_note" for order #76440 not sent: email type is disabled CONTEXT: {"email_type":"customer_note","status":"disabled","recipient":"bhatt1999","order":76440}
2026-08-05T17:46:36+00:00 NOTICE Email "customer_note" for order #76441 not sent: email type is disabled CONTEXT: {"email_type":"customer_note","status":"disabled","recipient":"revathivel","order":76441}
2026-08-05T17:46:44+00:00 NOTICE Email "customer_note" for order #76442 not sent: email type is disabled CONTEXT: {"email_type":"customer_note","status":"disabled","recipient":"sudhagar21","order":76442}
2026-08-05T17:46:51+00:00 NOTICE Email "customer_note" for order #76443 not sent: email type is disabled CONTEXT: {"email_type":"customer_note","status":"disabled","recipient":"muralidharan.go","order":76443}
2026-08-05T17:46:58+00:00 NOTICE Email "customer_note" for order #76444 not sent: email type is disabled CONTEXT: {"email_type":"customer_note","status":"disabled","recipient":"raknas50","order":76444}
2026-08-05T17:47:06+00:00 NOTICE Email "customer_note" for order #76445 not sent: email type is disabled CONTEXT: {"email_type":"customer_note","status":"disabled","recipient":"raknas50","order":76445}
2026-08-05T17:47:13+00:00 NOTICE Email "customer_note" for order #76446 not sent: email type is disabled CONTEXT: {"email_type":"customer_note","status":"disabled","recipient":"sripradhas","order":76446}
2026-08-05T17:47:23+00:00 NOTICE Email "customer_note" for order #76447 not sent: email type is disabled CONTEXT: {"email_type":"customer_note","status":"disabled","recipient":"sripradhas","order":76447}
2026-08-05T17:47:30+00:00 NOTICE Email "customer_note" for order #76448 not sent: email type is disabled CONTEXT: {"email_type":"customer_note","status":"disabled","recipient":"veenajhaver","order":76448}
2026-08-05T17:47:37+00:00 NOTICE Email "customer_note" for order #76449 not sent: email type is disabled CONTEXT: {"email_type":"customer_note","status":"disabled","recipient":"nav_dita","order":76449}
2026-08-05T17:47:44+00:00 NOTICE Email "customer_note" for order #76450 not sent: email type is disabled CONTEXT: {"email_type":"customer_note","status":"disabled","recipient":"aarthisrin","order":76450}
2026-08-05T17:47:52+00:00 NOTICE Email "customer_note" for order #76451 not sent: email type is disabled CONTEXT: {"email_type":"customer_note","status":"disabled","recipient":"aram2k4","order":76451}
2026-08-05T17:48:00+00:00 NOTICE Email "customer_note" for order #76452 not sent: email type is disabled CONTEXT: {"email_type":"customer_note","status":"disabled","recipient":"ramanathanlr","order":76452}
2026-08-05T17:48:07+00:00 NOTICE Email "customer_note" for order #76453 not sent: email type is disabled CONTEXT: {"email_type":"customer_note","status":"disabled","recipient":"shomprabu","order":76453}
2026-08-05T17:48:17+00:00 NOTICE Email "customer_note" for order #76454 not sent: email type is disabled CONTEXT: {"email_type":"customer_note","status":"disabled","recipient":"shomprabu","order":76454}
2026-08-05T17:48:24+00:00 NOTICE Email "customer_note" for order #76455 not sent: email type is disabled CONTEXT: {"email_type":"customer_note","status":"disabled","recipient":"arjunp3000","order":76455}
2026-08-05T17:48:33+00:00 NOTICE Email "customer_note" for order #76456 not sent: email type is disabled CONTEXT: {"email_type":"customer_note","status":"disabled","recipient":"meena.radhakrishnan","order":76456}
2026-08-05T17:48:40+00:00 NOTICE Email "customer_note" for order #76457 not sent: email type is disabled CONTEXT: {"email_type":"customer_note","status":"disabled","recipient":"vanithasridhar80","order":76457}
2026-08-05T17:48:48+00:00 NOTICE Email "customer_note" for order #76458 not sent: email type is disabled CONTEXT: {"email_type":"customer_note","status":"disabled","recipient":"phoenix.cbe","order":76458}
2026-08-05T17:48:56+00:00 NOTICE Email "customer_note" for order #76459 not sent: email type is disabled CONTEXT: {"email_type":"customer_note","status":"disabled","recipient":"cm.krishna","order":76459}
2026-08-05T17:49:03+00:00 NOTICE Email "customer_note" for order #76460 not sent: email type is disabled CONTEXT: {"email_type":"customer_note","status":"disabled","recipient":"srividhyakk","order":76460}
2026-08-05T17:49:09+00:00 NOTICE Email "customer_note" for order #76461 not sent: email type is disabled CONTEXT: {"email_type":"customer_note","status":"disabled","recipient":"jaiganesh61","order":76461}
2026-08-05T17:49:20+00:00 NOTICE Email "customer_note" for order #76462 not sent: email type is disabled CONTEXT: {"email_type":"customer_note","status":"disabled","recipient":"vasan","order":76462}
2026-08-05T17:49:27+00:00 NOTICE Email "customer_note" for order #76463 not sent: email type is disabled CONTEXT: {"email_type":"customer_note","status":"disabled","recipient":"rcharumathi","order":76463}
2026-08-05T17:49:33+00:00 NOTICE Email "customer_note" for order #76464 not sent: email type is disabled CONTEXT: {"email_type":"customer_note","status":"disabled","recipient":"raga.12345","order":76464}
2026-08-05T17:49:41+00:00 NOTICE Email "customer_note" for order #76465 not sent: email type is disabled CONTEXT: {"email_type":"customer_note","status":"disabled","recipient":"sukanv","order":76465}
2026-08-05T17:49:49+00:00 NOTICE Email "customer_note" for order #76466 not sent: email type is disabled CONTEXT: {"email_type":"customer_note","status":"disabled","recipient":"sukanv","order":76466}
2026-08-05T17:49:56+00:00 NOTICE Email "customer_note" for order #76467 not sent: email type is disabled CONTEXT: {"email_type":"customer_note","status":"disabled","recipient":"aradhanagopinath","order":76467}
2026-08-05T17:50:03+00:00 NOTICE Email "customer_note" for order #76468 not sent: email type is disabled CONTEXT: {"email_type":"customer_note","status":"disabled","recipient":"kti377","order":76468}
2026-08-05T17:50:13+00:00 NOTICE Email "customer_note" for order #76470 not sent: email type is disabled CONTEXT: {"email_type":"customer_note","status":"disabled","recipient":"durgasivakumar","order":76470}
2026-08-05T17:50:20+00:00 NOTICE Email "customer_note" for order #76471 not sent: email type is disabled CONTEXT: {"email_type":"customer_note","status":"disabled","recipient":"durgasivakumar","order":76471}
2026-08-05T17:50:30+00:00 NOTICE Email "customer_note" for order #76472 not sent: email type is disabled CONTEXT: {"email_type":"customer_note","status":"disabled","recipient":"jaanu23ravi","order":76472}
2026-08-05T17:50:36+00:00 NOTICE Email "customer_note" for order #76473 not sent: email type is disabled CONTEXT: {"email_type":"customer_note","status":"disabled","recipient":"nals1428","order":76473}
2026-08-05T17:50:45+00:00 NOTICE Email "customer_note" for order #76474 not sent: email type is disabled CONTEXT: {"email_type":"customer_note","status":"disabled","recipient":"krishna.obul","order":76474}
2026-08-05T17:50:53+00:00 NOTICE Email "customer_note" for order #76475 not sent: email type is disabled CONTEXT: {"email_type":"customer_note","status":"disabled","recipient":"g.poorni24","order":76475}
2026-08-05T17:51:01+00:00 NOTICE Email "customer_note" for order #76476 not sent: email type is disabled CONTEXT: {"email_type":"customer_note","status":"disabled","recipient":"laksminarasiman","order":76476}
2026-08-05T17:51:13+00:00 NOTICE Email "customer_note" for order #76478 not sent: email type is disabled CONTEXT: {"email_type":"customer_note","status":"disabled","recipient":"indu_pandurangan","order":76478}
2026-08-05T17:51:22+00:00 NOTICE Email "customer_note" for order #76479 not sent: email type is disabled CONTEXT: {"email_type":"customer_note","status":"disabled","recipient":"rohinirvarma","order":76479}
2026-08-05T17:51:29+00:00 NOTICE Email "customer_note" for order #76480 not sent: email type is disabled CONTEXT: {"email_type":"customer_note","status":"disabled","recipient":"vaikarthi","order":76480}
2026-08-05T17:51:36+00:00 NOTICE Email "customer_note" for order #76481 not sent: email type is disabled CONTEXT: {"email_type":"customer_note","status":"disabled","recipient":"mugdhasethi","order":76481}
2026-08-05T17:51:42+00:00 NOTICE Email "customer_note" for order #76482 not sent: email type is disabled CONTEXT: {"email_type":"customer_note","status":"disabled","recipient":"stratos71","order":76482}
2026-08-05T17:51:49+00:00 NOTICE Email "customer_note" for order #76483 not sent: email type is disabled CONTEXT: {"email_type":"customer_note","status":"disabled","recipient":"kannusamy","order":76483}
2026-08-05T17:51:57+00:00 NOTICE Email "customer_note" for order #76484 not sent: email type is disabled CONTEXT: {"email_type":"customer_note","status":"disabled","recipient":"drnarenkarthik","order":76484}
2026-08-05T17:52:04+00:00 NOTICE Email "customer_note" for order #76485 not sent: email type is disabled CONTEXT: {"email_type":"customer_note","status":"disabled","recipient":"janani.tj","order":76485}
2026-08-05T17:52:11+00:00 NOTICE Email "customer_note" for order #76486 not sent: email type is disabled CONTEXT: {"email_type":"customer_note","status":"disabled","recipient":"kantsrik","order":76486}
2026-08-05T17:52:19+00:00 NOTICE Email "customer_note" for order #76487 not sent: email type is disabled CONTEXT: {"email_type":"customer_note","status":"disabled","recipient":"kantsrik","order":76487}
2026-08-05T17:52:25+00:00 NOTICE Email "customer_note" for order #76488 not sent: email type is disabled CONTEXT: {"email_type":"customer_note","status":"disabled","recipient":"tanugaur","order":76488}
2026-08-05T17:52:32+00:00 NOTICE Email "customer_note" for order #76489 not sent: email type is disabled CONTEXT: {"email_type":"customer_note","status":"disabled","recipient":"tanugaur","order":76489}
2026-08-05T17:52:40+00:00 NOTICE Email "customer_note" for order #76490 not sent: email type is disabled CONTEXT: {"email_type":"customer_note","status":"disabled","recipient":"sndas108","order":76490}
2026-08-05T17:52:48+00:00 NOTICE Email "customer_note" for order #76491 not sent: email type is disabled CONTEXT: {"email_type":"customer_note","status":"disabled","recipient":"sndas108","order":76491}
2026-08-05T17:52:59+00:00 NOTICE Email "customer_note" for order #76492 not sent: email type is disabled CONTEXT: {"email_type":"customer_note","status":"disabled","recipient":"preethi.kashyap","order":76492}
2026-08-05T17:53:06+00:00 NOTICE Email "customer_note" for order #76493 not sent: email type is disabled CONTEXT: {"email_type":"customer_note","status":"disabled","recipient":"sujata_raman","order":76493}
2026-08-05T17:53:15+00:00 NOTICE Email "customer_note" for order #76494 not sent: email type is disabled CONTEXT: {"email_type":"customer_note","status":"disabled","recipient":"rtdhinakar","order":76494}
2026-08-05T17:53:25+00:00 NOTICE Email "customer_note" for order #76496 not sent: email type is disabled CONTEXT: {"email_type":"customer_note","status":"disabled","recipient":"teja.cdtvs","order":76496}
2026-08-05T17:53:33+00:00 NOTICE Email "customer_note" for order #76497 not sent: email type is disabled CONTEXT: {"email_type":"customer_note","status":"disabled","recipient":"gotosurya","order":76497}
2026-08-05T17:53:41+00:00 NOTICE Email "customer_note" for order #76498 not sent: email type is disabled CONTEXT: {"email_type":"customer_note","status":"disabled","recipient":"gotosurya","order":76498}
2026-08-05T17:53:47+00:00 NOTICE Email "customer_note" for order #76499 not sent: email type is disabled CONTEXT: {"email_type":"customer_note","status":"disabled","recipient":"saipadmarajen","order":76499}
2026-08-05T17:53:56+00:00 NOTICE Email "customer_note" for order #76500 not sent: email type is disabled CONTEXT: {"email_type":"customer_note","status":"disabled","recipient":"ssmanister","order":76500}
2026-08-05T17:54:03+00:00 NOTICE Email "customer_note" for order #76501 not sent: email type is disabled CONTEXT: {"email_type":"customer_note","status":"disabled","recipient":"kpraneeth","order":76501}
2026-08-05T17:54:11+00:00 NOTICE Email "customer_note" for order #76502 not sent: email type is disabled CONTEXT: {"email_type":"customer_note","status":"disabled","recipient":"giri.ramamoorthy","order":76502}
2026-08-05T17:54:20+00:00 NOTICE Email "customer_note" for order #76503 not sent: email type is disabled CONTEXT: {"email_type":"customer_note","status":"disabled","recipient":"sunil","order":76503}
2026-08-05T17:54:31+00:00 NOTICE Email "customer_note" for order #76505 not sent: email type is disabled CONTEXT: {"email_type":"customer_note","status":"disabled","recipient":"raghuldeepak1991","order":76505}
2026-08-05T17:54:38+00:00 NOTICE Email "customer_note" for order #76506 not sent: email type is disabled CONTEXT: {"email_type":"customer_note","status":"disabled","recipient":"maha.prakrti","order":76506}
2026-08-05T17:54:46+00:00 NOTICE Email "customer_note" for order #76507 not sent: email type is disabled CONTEXT: {"email_type":"customer_note","status":"disabled","recipient":"maha.prakrti","order":76507}
2026-08-05T17:54:53+00:00 NOTICE Email "customer_note" for order #76508 not sent: email type is disabled CONTEXT: {"email_type":"customer_note","status":"disabled","recipient":"mr.khadeerahmed","order":76508}
2026-08-05T17:55:01+00:00 NOTICE Email "customer_note" for order #76509 not sent: email type is disabled CONTEXT: {"email_type":"customer_note","status":"disabled","recipient":"gayatrid17","order":76509}
2026-08-05T17:55:11+00:00 NOTICE Email "customer_note" for order #76510 not sent: email type is disabled CONTEXT: {"email_type":"customer_note","status":"disabled","recipient":"harjith77","order":76510}
2026-08-05T17:55:19+00:00 NOTICE Email "customer_note" for order #76511 not sent: email type is disabled CONTEXT: {"email_type":"customer_note","status":"disabled","recipient":"harin5000","order":76511}
2026-08-05T17:55:30+00:00 NOTICE Email "customer_note" for order #76512 not sent: email type is disabled CONTEXT: {"email_type":"customer_note","status":"disabled","recipient":"anushajinadas","order":76512}
2026-08-05T17:55:37+00:00 NOTICE Email "customer_note" for order #76513 not sent: email type is disabled CONTEXT: {"email_type":"customer_note","status":"disabled","recipient":"thiagarajan.krishnaraj","order":76513}
2026-08-05T17:55:47+00:00 NOTICE Email "customer_note" for order #76514 not sent: email type is disabled CONTEXT: {"email_type":"customer_note","status":"disabled","recipient":"ganes.s","order":76514}
2026-08-05T17:55:55+00:00 NOTICE Email "customer_note" for order #76515 not sent: email type is disabled CONTEXT: {"email_type":"customer_note","status":"disabled","recipient":"shankar.b1987","order":76515}
2026-08-05T17:56:02+00:00 NOTICE Email "customer_note" for order #76516 not sent: email type is disabled CONTEXT: {"email_type":"customer_note","status":"disabled","recipient":"ravishankarns","order":76516}
2026-08-05T17:56:11+00:00 NOTICE Email "customer_note" for order #76517 not sent: email type is disabled CONTEXT: {"email_type":"customer_note","status":"disabled","recipient":"santhipriya.mohan","order":76517}
2026-08-05T17:56:18+00:00 NOTICE Email "customer_note" for order #76518 not sent: email type is disabled CONTEXT: {"email_type":"customer_note","status":"disabled","recipient":"aparna.saravananj","order":76518}
2026-08-05T17:56:27+00:00 NOTICE Email "customer_note" for order #76519 not sent: email type is disabled CONTEXT: {"email_type":"customer_note","status":"disabled","recipient":"ganesan.adv","order":76519}
2026-08-05T17:56:34+00:00 NOTICE Email "customer_note" for order #76520 not sent: email type is disabled CONTEXT: {"email_type":"customer_note","status":"disabled","recipient":"rshankar79","order":76520}
2026-08-05T17:56:48+00:00 INFO Email "failed_order" for order #76521 sent CONTEXT: {"email_type":"failed_order","status":"sent","recipient":"superadmin","order":76521}
2026-08-05T17:56:52+00:00 NOTICE Email "customer_note" for order #76522 not sent: email type is disabled CONTEXT: {"email_type":"customer_note","status":"disabled","recipient":"alphonsejacintha","order":76522}
2026-08-05T17:56:59+00:00 NOTICE Email "customer_note" for order #76523 not sent: email type is disabled CONTEXT: {"email_type":"customer_note","status":"disabled","recipient":"sviji24","order":76523}
2026-08-05T17:57:07+00:00 NOTICE Email "customer_note" for order #76524 not sent: email type is disabled CONTEXT: {"email_type":"customer_note","status":"disabled","recipient":"srininsv","order":76524}
2026-08-05T17:57:15+00:00 NOTICE Email "customer_note" for order #76525 not sent: email type is disabled CONTEXT: {"email_type":"customer_note","status":"disabled","recipient":"getvichu2000","order":76525}
2026-08-05T17:57:22+00:00 NOTICE Email "customer_note" for order #76526 not sent: email type is disabled CONTEXT: {"email_type":"customer_note","status":"disabled","recipient":"mayam60","order":76526}
2026-08-05T17:57:32+00:00 NOTICE Email "customer_note" for order #76527 not sent: email type is disabled CONTEXT: {"email_type":"customer_note","status":"disabled","recipient":"wejai4ever","order":76527}
2026-08-05T17:57:42+00:00 NOTICE Email "customer_note" for order #76528 not sent: email type is disabled CONTEXT: {"email_type":"customer_note","status":"disabled","recipient":"lakshmipunna","order":76528}
2026-08-05T17:57:49+00:00 NOTICE Email "customer_note" for order #76529 not sent: email type is disabled CONTEXT: {"email_type":"customer_note","status":"disabled","recipient":"ssreddy","order":76529}
2026-08-05T17:57:58+00:00 NOTICE Email "customer_note" for order #76530 not sent: email type is disabled CONTEXT: {"email_type":"customer_note","status":"disabled","recipient":"nspriya14","order":76530}
2026-08-05T17:58:05+00:00 NOTICE Email "customer_note" for order #76531 not sent: email type is disabled CONTEXT: {"email_type":"customer_note","status":"disabled","recipient":"rajani.seshadri","order":76531}
2026-08-05T17:58:12+00:00 NOTICE Email "customer_note" for order #76532 not sent: email type is disabled CONTEXT: {"email_type":"customer_note","status":"disabled","recipient":"puaravind","order":76532}
2026-08-05T17:58:21+00:00 NOTICE Email "customer_note" for order #76533 not sent: email type is disabled CONTEXT: {"email_type":"customer_note","status":"disabled","recipient":"kannan.m84","order":76533}
2026-08-05T17:58:30+00:00 NOTICE Email "customer_note" for order #76534 not sent: email type is disabled CONTEXT: {"email_type":"customer_note","status":"disabled","recipient":"kannan.m84","order":76534}
2026-08-05T17:58:39+00:00 NOTICE Email "customer_note" for order #76535 not sent: email type is disabled CONTEXT: {"email_type":"customer_note","status":"disabled","recipient":"sujathasathyanarayanan","order":76535}
2026-08-05T17:58:46+00:00 NOTICE Email "customer_note" for order #76536 not sent: email type is disabled CONTEXT: {"email_type":"customer_note","status":"disabled","recipient":"krish2407","order":76536}
2026-08-05T17:58:54+00:00 NOTICE Email "customer_note" for order #76537 not sent: email type is disabled CONTEXT: {"email_type":"customer_note","status":"disabled","recipient":"krish2407","order":76537}
2026-08-05T17:59:01+00:00 NOTICE Email "customer_note" for order #76538 not sent: email type is disabled CONTEXT: {"email_type":"customer_note","status":"disabled","recipient":"ntsaran81","order":76538}
2026-08-05T17:59:08+00:00 NOTICE Email "customer_note" for order #76539 not sent: email type is disabled CONTEXT: {"email_type":"customer_note","status":"disabled","recipient":"subhra.hindu","order":76539}
2026-08-05T17:59:19+00:00 NOTICE Email "customer_note" for order #76540 not sent: email type is disabled CONTEXT: {"email_type":"customer_note","status":"disabled","recipient":"nagarjunagarige","order":76540}
2026-08-05T17:59:26+00:00 NOTICE Email "customer_note" for order #76541 not sent: email type is disabled CONTEXT: {"email_type":"customer_note","status":"disabled","recipient":"nagarjunagarige","order":76541}
2026-08-05T17:59:35+00:00 NOTICE Email "customer_note" for order #76542 not sent: email type is disabled CONTEXT: {"email_type":"customer_note","status":"disabled","recipient":"rajeswa2","order":76542}
2026-08-05T17:59:43+00:00 NOTICE Email "customer_note" for order #76543 not sent: email type is disabled CONTEXT: {"email_type":"customer_note","status":"disabled","recipient":"rajeswa2","order":76543}
2026-08-05T17:59:50+00:00 NOTICE Email "customer_note" for order #76544 not sent: email type is disabled CONTEXT: {"email_type":"customer_note","status":"disabled","recipient":"soori007","order":76544}
2026-08-05T17:59:58+00:00 NOTICE Email "customer_note" for order #76545 not sent: email type is disabled CONTEXT: {"email_type":"customer_note","status":"disabled","recipient":"vijayvasudevan1","order":76545}
2026-08-05T18:00:07+00:00 NOTICE Email "customer_note" for order #76546 not sent: email type is disabled CONTEXT: {"email_type":"customer_note","status":"disabled","recipient":"rrnath72","order":76546}
2026-08-05T18:00:14+00:00 NOTICE Email "customer_note" for order #76547 not sent: email type is disabled CONTEXT: {"email_type":"customer_note","status":"disabled","recipient":"t_kart","order":76547}
2026-08-05T18:00:23+00:00 NOTICE Email "customer_note" for order #76548 not sent: email type is disabled CONTEXT: {"email_type":"customer_note","status":"disabled","recipient":"vidhyavenkatesh","order":76548}
2026-08-05T18:00:31+00:00 NOTICE Email "customer_note" for order #76549 not sent: email type is disabled CONTEXT: {"email_type":"customer_note","status":"disabled","recipient":"sankar.nx","order":76549}
2026-08-05T18:00:38+00:00 NOTICE Email "customer_note" for order #76550 not sent: email type is disabled CONTEXT: {"email_type":"customer_note","status":"disabled","recipient":"sarithacindrella","order":76550}
2026-08-05T18:00:47+00:00 NOTICE Email "customer_note" for order #76551 not sent: email type is disabled CONTEXT: {"email_type":"customer_note","status":"disabled","recipient":"jenibanancy","order":76551}
2026-08-05T18:02:10+00:00 NOTICE Email "customer_note" for order #76552 not sent: email type is disabled CONTEXT: {"email_type":"customer_note","status":"disabled","recipient":"alphonsejacintha","order":76552}
2026-08-05T18:02:20+00:00 NOTICE Email "customer_note" for order #76553 not sent: email type is disabled CONTEXT: {"email_type":"customer_note","status":"disabled","recipient":"sviji24","order":76553}
2026-08-05T18:02:29+00:00 NOTICE Email "customer_note" for order #76554 not sent: email type is disabled CONTEXT: {"email_type":"customer_note","status":"disabled","recipient":"srininsv","order":76554}
2026-08-05T18:02:40+00:00 NOTICE Email "customer_note" for order #76555 not sent: email type is disabled CONTEXT: {"email_type":"customer_note","status":"disabled","recipient":"getvichu2000","order":76555}
2026-08-05T18:02:49+00:00 NOTICE Email "customer_note" for order #76556 not sent: email type is disabled CONTEXT: {"email_type":"customer_note","status":"disabled","recipient":"mayam60","order":76556}
2026-08-05T18:03:00+00:00 NOTICE Email "customer_note" for order #76557 not sent: email type is disabled CONTEXT: {"email_type":"customer_note","status":"disabled","recipient":"wejai4ever","order":76557}
2026-08-05T18:03:10+00:00 NOTICE Email "customer_note" for order #76558 not sent: email type is disabled CONTEXT: {"email_type":"customer_note","status":"disabled","recipient":"lakshmipunna","order":76558}
2026-08-05T18:03:13+00:00 NOTICE Email "customer_note" for order #76559 not sent: email type is disabled CONTEXT: {"email_type":"customer_note","status":"disabled","recipient":"ssreddy","order":76559}
2026-08-05T18:03:25+00:00 NOTICE Email "customer_note" for order #76560 not sent: email type is disabled CONTEXT: {"email_type":"customer_note","status":"disabled","recipient":"nspriya14","order":76560}
2026-08-05T18:03:36+00:00 NOTICE Email "customer_note" for order #76561 not sent: email type is disabled CONTEXT: {"email_type":"customer_note","status":"disabled","recipient":"rajani.seshadri","order":76561}
2026-08-05T18:03:47+00:00 NOTICE Email "customer_note" for order #76562 not sent: email type is disabled CONTEXT: {"email_type":"customer_note","status":"disabled","recipient":"puaravind","order":76562}
2026-08-05T18:23:35+00:00 NOTICE Email "customer_note" for order #76564 not sent: email type is disabled CONTEXT: {"email_type":"customer_note","status":"disabled","recipient":"thaseenphysio","order":76564}
2026-08-05T18:24:02+00:00 NOTICE Email "customer_note" for order #76567 not sent: email type is disabled CONTEXT: {"email_type":"customer_note","status":"disabled","recipient":"bmanjudevi","order":76567}
2026-08-05T18:24:57+00:00 NOTICE Email "customer_note" for order #76574 not sent: email type is disabled CONTEXT: {"email_type":"customer_note","status":"disabled","recipient":"tanzary","order":76574}
2026-08-05T18:25:43+00:00 NOTICE Email "customer_note" for order #76588 not sent: email type is disabled CONTEXT: {"email_type":"customer_note","status":"disabled","recipient":"tpkiruthika","order":76588}
2026-08-05T18:27:02+00:00 NOTICE Email "customer_note" for order #76618 not sent: email type is disabled CONTEXT: {"email_type":"customer_note","status":"disabled","recipient":"sugu4u","order":76618}
2026-08-05T18:27:13+00:00 NOTICE Email "customer_note" for order #76621 not sent: email type is disabled CONTEXT: {"email_type":"customer_note","status":"disabled","recipient":"jayashree.ramesh70","order":76621}
2026-08-05T18:27:33+00:00 NOTICE Email "customer_note" for order #76625 not sent: email type is disabled CONTEXT: {"email_type":"customer_note","status":"disabled","recipient":"raviraghav","order":76625}
2026-08-05T18:27:42+00:00 NOTICE Email "customer_note" for order #76627 not sent: email type is disabled CONTEXT: {"email_type":"customer_note","status":"disabled","recipient":"ramyajeevanandam","order":76627}
2026-08-05T18:28:30+00:00 NOTICE Email "customer_note" for order #76647 not sent: email type is disabled CONTEXT: {"email_type":"customer_note","status":"disabled","recipient":"abhir019","order":76647}
2026-08-05T18:29:03+00:00 NOTICE Email "customer_note" for order #76660 not sent: email type is disabled CONTEXT: {"email_type":"customer_note","status":"disabled","recipient":"nanadba17","order":76660}
2026-08-05T18:29:11+00:00 NOTICE Email "customer_note" for order #76661 not sent: email type is disabled CONTEXT: {"email_type":"customer_note","status":"disabled","recipient":"nanadba17","order":76661}
2026-08-05T18:29:49+00:00 NOTICE Email "customer_note" for order #76677 not sent: email type is disabled CONTEXT: {"email_type":"customer_note","status":"disabled","recipient":"hemavarthini","order":76677}
2026-08-05T18:29:58+00:00 NOTICE Email "customer_note" for order #76678 not sent: email type is disabled CONTEXT: {"email_type":"customer_note","status":"disabled","recipient":"hemavarthini","order":76678}
2026-08-05T18:30:21+00:00 NOTICE Email "customer_note" for order #76686 not sent: email type is disabled CONTEXT: {"email_type":"customer_note","status":"disabled","recipient":"nithyareddy584","order":76686}
2026-08-05T18:30:45+00:00 NOTICE Email "customer_note" for order #76695 not sent: email type is disabled CONTEXT: {"email_type":"customer_note","status":"disabled","recipient":"kashefa5819","order":76695}
2026-08-05T18:31:49+00:00 NOTICE Email "customer_note" for order #76714 not sent: email type is disabled CONTEXT: {"email_type":"customer_note","status":"disabled","recipient":"bindu.kakani","order":76714}
2026-08-05T18:32:33+00:00 NOTICE Email "customer_note" for order #76732 not sent: email type is disabled CONTEXT: {"email_type":"customer_note","status":"disabled","recipient":"srinivas6rao","order":76732}
2026-08-05T18:32:41+00:00 NOTICE Email "customer_note" for order #76733 not sent: email type is disabled CONTEXT: {"email_type":"customer_note","status":"disabled","recipient":"divioct23","order":76733}
2026-08-05T18:33:12+00:00 NOTICE Email "customer_note" for order #76744 not sent: email type is disabled CONTEXT: {"email_type":"customer_note","status":"disabled","recipient":"dndmi","order":76744}
2026-08-05T18:33:47+00:00 NOTICE Email "customer_note" for order #76757 not sent: email type is disabled CONTEXT: {"email_type":"customer_note","status":"disabled","recipient":"syed.wasim4567","order":76757}
2026-08-05T18:34:40+00:00 NOTICE Email "customer_note" for order #76779 not sent: email type is disabled CONTEXT: {"email_type":"customer_note","status":"disabled","recipient":"iluvgold6","order":76779}
2026-08-05T18:35:21+00:00 NOTICE Email "customer_note" for order #76794 not sent: email type is disabled CONTEXT: {"email_type":"customer_note","status":"disabled","recipient":"ramsarun1","order":76794}
2026-08-05T18:35:28+00:00 NOTICE Email "customer_note" for order #76795 not sent: email type is disabled CONTEXT: {"email_type":"customer_note","status":"disabled","recipient":"kumaralagappan","order":76795}
2026-08-05T18:35:37+00:00 NOTICE Email "customer_note" for order #76797 not sent: email type is disabled CONTEXT: {"email_type":"customer_note","status":"disabled","recipient":"meenatom","order":76797}
2026-08-05T18:36:10+00:00 NOTICE Email "customer_note" for order #76811 not sent: email type is disabled CONTEXT: {"email_type":"customer_note","status":"disabled","recipient":"its_bijur","order":76811}
2026-08-05T18:36:34+00:00 NOTICE Email "customer_note" for order #76821 not sent: email type is disabled CONTEXT: {"email_type":"customer_note","status":"disabled","recipient":"vinitha_jpr","order":76821}
2026-08-05T18:36:41+00:00 NOTICE Email "customer_note" for order #76822 not sent: email type is disabled CONTEXT: {"email_type":"customer_note","status":"disabled","recipient":"gayattri.manohar","order":76822}
2026-08-05T18:37:15+00:00 NOTICE Email "customer_note" for order #76836 not sent: email type is disabled CONTEXT: {"email_type":"customer_note","status":"disabled","recipient":"leorajkumars","order":76836}
2026-08-05T18:37:49+00:00 NOTICE Email "customer_note" for order #76850 not sent: email type is disabled CONTEXT: {"email_type":"customer_note","status":"disabled","recipient":"srisanss22","order":76850}
2026-08-05T18:38:05+00:00 NOTICE Email "customer_note" for order #76855 not sent: email type is disabled CONTEXT: {"email_type":"customer_note","status":"disabled","recipient":"chuvi2009","order":76855}
2026-08-05T18:38:18+00:00 NOTICE Email "customer_note" for order #76859 not sent: email type is disabled CONTEXT: {"email_type":"customer_note","status":"disabled","recipient":"chitvanp","order":76859}
2026-08-05T18:38:25+00:00 NOTICE Email "customer_note" for order #76860 not sent: email type is disabled CONTEXT: {"email_type":"customer_note","status":"disabled","recipient":"chitvanp","order":76860}
2026-08-05T18:39:07+00:00 NOTICE Email "customer_note" for order #76873 not sent: email type is disabled CONTEXT: {"email_type":"customer_note","status":"disabled","recipient":"helina06","order":76873}
2026-08-05T18:39:41+00:00 NOTICE Email "customer_note" for order #76886 not sent: email type is disabled CONTEXT: {"email_type":"customer_note","status":"disabled","recipient":"siddarth01","order":76886}
2026-08-05T18:39:52+00:00 NOTICE Email "customer_note" for order #76889 not sent: email type is disabled CONTEXT: {"email_type":"customer_note","status":"disabled","recipient":"parkerassociates71","order":76889}
2026-08-05T18:39:59+00:00 NOTICE Email "customer_note" for order #76890 not sent: email type is disabled CONTEXT: {"email_type":"customer_note","status":"disabled","recipient":"deepiga09","order":76890}
2026-08-05T18:40:18+00:00 NOTICE Email "customer_note" for order #76896 not sent: email type is disabled CONTEXT: {"email_type":"customer_note","status":"disabled","recipient":"vaibhavjain5695","order":76896}
2026-08-05T18:40:24+00:00 NOTICE Email "customer_note" for order #76897 not sent: email type is disabled CONTEXT: {"email_type":"customer_note","status":"disabled","recipient":"ksprem1215","order":76897}
2026-08-05T18:40:34+00:00 NOTICE Email "customer_note" for order #76899 not sent: email type is disabled CONTEXT: {"email_type":"customer_note","status":"disabled","recipient":"phanibalusu3","order":76899}
2026-08-05T18:41:02+00:00 NOTICE Email "customer_note" for order #76910 not sent: email type is disabled CONTEXT: {"email_type":"customer_note","status":"disabled","recipient":"caguptha2017","order":76910}
2026-08-05T18:41:18+00:00 NOTICE Email "customer_note" for order #76915 not sent: email type is disabled CONTEXT: {"email_type":"customer_note","status":"disabled","recipient":"jeyanthinagu","order":76915}
2026-08-05T18:41:27+00:00 NOTICE Email "customer_note" for order #76917 not sent: email type is disabled CONTEXT: {"email_type":"customer_note","status":"disabled","recipient":"mjyogesh29","order":76917}
2026-08-05T18:41:42+00:00 NOTICE Email "customer_note" for order #76922 not sent: email type is disabled CONTEXT: {"email_type":"customer_note","status":"disabled","recipient":"satish1982","order":76922}
2026-08-05T18:41:55+00:00 NOTICE Email "customer_note" for order #76925 not sent: email type is disabled CONTEXT: {"email_type":"customer_note","status":"disabled","recipient":"kripamrajani","order":76925}
2026-08-05T18:42:08+00:00 NOTICE Email "customer_note" for order #76929 not sent: email type is disabled CONTEXT: {"email_type":"customer_note","status":"disabled","recipient":"kripamrajani","order":76929}
2026-08-05T18:42:17+00:00 NOTICE Email "customer_note" for order #76931 not sent: email type is disabled CONTEXT: {"email_type":"customer_note","status":"disabled","recipient":"sindhushanker","order":76931}
2026-08-05T18:42:30+00:00 NOTICE Email "customer_note" for order #76935 not sent: email type is disabled CONTEXT: {"email_type":"customer_note","status":"disabled","recipient":"drmani76","order":76935}
2026-08-05T18:45:21+00:00 NOTICE Email "customer_note" for order #76948 not sent: email type is disabled CONTEXT: {"email_type":"customer_note","status":"disabled","recipient":"k46105012","order":76948}
2026-08-05T18:45:34+00:00 NOTICE Email "customer_note" for order #76952 not sent: email type is disabled CONTEXT: {"email_type":"customer_note","status":"disabled","recipient":"kavithaananth91","order":76952}
2026-08-05T18:45:48+00:00 NOTICE Email "customer_note" for order #76957 not sent: email type is disabled CONTEXT: {"email_type":"customer_note","status":"disabled","recipient":"arunba2991","order":76957}
2026-08-05T18:46:07+00:00 INFO Email "failed_order" for order #76962 sent CONTEXT: {"email_type":"failed_order","status":"sent","recipient":"superadmin","order":76962}
2026-08-05T18:46:08+00:00 NOTICE Email "customer_note" for order #76963 not sent: email type is disabled CONTEXT: {"email_type":"customer_note","status":"disabled","recipient":"uiop0944","order":76963}
2026-08-05T18:46:15+00:00 NOTICE Email "customer_note" for order #76964 not sent: email type is disabled CONTEXT: {"email_type":"customer_note","status":"disabled","recipient":"iamnitheeshck","order":76964}
2026-08-05T18:46:53+00:00 NOTICE Email "customer_note" for order #76981 not sent: email type is disabled CONTEXT: {"email_type":"customer_note","status":"disabled","recipient":"jenydarling2897","order":76981}
2026-08-05T18:47:04+00:00 INFO Email "failed_order" for order #76982 sent CONTEXT: {"email_type":"failed_order","status":"sent","recipient":"superadmin","order":76982}
2026-08-05T18:47:09+00:00 INFO Email "failed_order" for order #76983 sent CONTEXT: {"email_type":"failed_order","status":"sent","recipient":"superadmin","order":76983}
2026-08-05T18:47:22+00:00 INFO Email "failed_order" for order #76988 sent CONTEXT: {"email_type":"failed_order","status":"sent","recipient":"superadmin","order":76988}
2026-08-05T18:47:50+00:00 NOTICE Email "customer_note" for order #77003 not sent: email type is disabled CONTEXT: {"email_type":"customer_note","status":"disabled","recipient":"ravkumrs","order":77003}
2026-08-05T18:47:57+00:00 NOTICE Email "customer_note" for order #77004 not sent: email type is disabled CONTEXT: {"email_type":"customer_note","status":"disabled","recipient":"prathyusadam","order":77004}
