2026-07-26T04:48:03+00:00 WARNING Email "customer_failed_order" for order #59000 failed to send: Could not instantiate mail function. CONTEXT: {"email_type":"customer_failed_order","status":"failed","recipient":"Aswick","order":59000}
2026-07-26T04:48:03+00:00 WARNING Email "failed_order" for order #59000 failed to send: Could not instantiate mail function. CONTEXT: {"email_type":"failed_order","status":"failed","recipient":"superadmin","order":59000}
2026-07-26T04:48:14+00:00 WARNING Email "customer_failed_order" for order #59001 failed to send: Could not instantiate mail function. CONTEXT: {"email_type":"customer_failed_order","status":"failed","recipient":"Aswick","order":59001}
2026-07-26T04:48:14+00:00 WARNING Email "failed_order" for order #59001 failed to send: Could not instantiate mail function. CONTEXT: {"email_type":"failed_order","status":"failed","recipient":"superadmin","order":59001}
2026-07-26T05:05:35+00:00 WARNING Email "customer_failed_order" for order #59002 failed to send: Could not instantiate mail function. CONTEXT: {"email_type":"customer_failed_order","status":"failed","recipient":"Aswick","order":59002}
2026-07-26T05:05:35+00:00 WARNING Email "failed_order" for order #59002 failed to send: Could not instantiate mail function. CONTEXT: {"email_type":"failed_order","status":"failed","recipient":"superadmin","order":59002}
2026-07-26T05:06:34+00:00 WARNING Email "customer_failed_order" for order #59003 failed to send: Could not instantiate mail function. CONTEXT: {"email_type":"customer_failed_order","status":"failed","recipient":"Aswick","order":59003}
2026-07-26T05:06:34+00:00 WARNING Email "failed_order" for order #59003 failed to send: Could not instantiate mail function. CONTEXT: {"email_type":"failed_order","status":"failed","recipient":"superadmin","order":59003}
2026-07-26T05:08:40+00:00 WARNING Email "customer_failed_order" for order #59004 failed to send: Could not instantiate mail function. CONTEXT: {"email_type":"customer_failed_order","status":"failed","recipient":"Aswick","order":59004}
2026-07-26T05:08:40+00:00 WARNING Email "failed_order" for order #59004 failed to send: Could not instantiate mail function. CONTEXT: {"email_type":"failed_order","status":"failed","recipient":"superadmin","order":59004}
2026-07-26T06:36:17+00:00 WARNING Email "customer_new_account" for user #1524 failed to send: Could not instantiate mail function. CONTEXT: {"email_type":"customer_new_account","status":"failed","recipient":"aswickjothi","user":1524}
2026-07-26T06:39:18+00:00 WARNING Email "customer_new_account" for user #1525 failed to send: Could not instantiate mail function. CONTEXT: {"email_type":"customer_new_account","status":"failed","recipient":"aswickjothi00","user":1525}
2026-07-26T06:41:26+00:00 WARNING Email "customer_new_account" for user #1526 failed to send: Could not instantiate mail function. CONTEXT: {"email_type":"customer_new_account","status":"failed","recipient":"aswickjothi001","user":1526}
2026-07-26T06:45:28+00:00 WARNING Email "customer_new_account" for user #1527 failed to send: Could not instantiate mail function. CONTEXT: {"email_type":"customer_new_account","status":"failed","recipient":"aswick11","user":1527}
2026-07-26T06:46:38+00:00 WARNING Email "customer_new_account" for user #1528 failed to send: Could not instantiate mail function. CONTEXT: {"email_type":"customer_new_account","status":"failed","recipient":"aswick111","user":1528}
2026-07-26T06:47:35+00:00 WARNING Email "customer_new_account" for user #1529 failed to send: Could not instantiate mail function. CONTEXT: {"email_type":"customer_new_account","status":"failed","recipient":"aswick2222","user":1529}
2026-07-26T06:52:36+00:00 WARNING Email "customer_new_account" for user #1530 failed to send: Could not instantiate mail function. CONTEXT: {"email_type":"customer_new_account","status":"failed","recipient":"as1","user":1530}
2026-07-26T08:36:49+00:00 WARNING Email "customer_failed_order" for order #59011 failed to send: Could not instantiate mail function. CONTEXT: {"email_type":"customer_failed_order","status":"failed","recipient":"Aswick","order":59011}
2026-07-26T08:36:49+00:00 WARNING Email "failed_order" for order #59011 failed to send: Could not instantiate mail function. CONTEXT: {"email_type":"failed_order","status":"failed","recipient":"superadmin","order":59011}
2026-07-26T08:41:10+00:00 WARNING Email "customer_failed_order" for order #59012 failed to send: Could not instantiate mail function. CONTEXT: {"email_type":"customer_failed_order","status":"failed","recipient":"Aswick","order":59012}
2026-07-26T08:41:10+00:00 WARNING Email "failed_order" for order #59012 failed to send: Could not instantiate mail function. CONTEXT: {"email_type":"failed_order","status":"failed","recipient":"superadmin","order":59012}
2026-07-26T11:17:36+00:00 WARNING Email "customer_new_account" for user #1531 failed to send: Could not instantiate mail function. CONTEXT: {"email_type":"customer_new_account","status":"failed","recipient":"gg","user":1531}
2026-07-26T13:29:47+00:00 WARNING Email "customer_failed_order" for order #59024 failed to send: Could not instantiate mail function. CONTEXT: {"email_type":"customer_failed_order","status":"failed","recipient":"Aswick","order":59024}
2026-07-26T13:29:47+00:00 WARNING Email "failed_order" for order #59024 failed to send: Could not instantiate mail function. CONTEXT: {"email_type":"failed_order","status":"failed","recipient":"superadmin","order":59024}
2026-07-26T13:31:52+00:00 WARNING Email "customer_failed_order" for order #59025 failed to send: Could not instantiate mail function. CONTEXT: {"email_type":"customer_failed_order","status":"failed","recipient":"Aswick","order":59025}
2026-07-26T13:31:52+00:00 WARNING Email "failed_order" for order #59025 failed to send: Could not instantiate mail function. CONTEXT: {"email_type":"failed_order","status":"failed","recipient":"superadmin","order":59025}
