2026-07-30T02:38:07+00:00 WARNING Email "new_order" for order #59240 failed to send: Could not instantiate mail function. CONTEXT: {"email_type":"new_order","status":"failed","recipient":"superadmin","order":59240}
2026-07-30T02:38:07+00:00 WARNING Email "customer_processing_order" for order #59240 failed to send: Could not instantiate mail function. CONTEXT: {"email_type":"customer_processing_order","status":"failed","recipient":"My Smart Host","order":59240}
2026-07-30T05:07:42+00:00 WARNING Email "new_order" for order #59249 failed to send: Could not instantiate mail function. CONTEXT: {"email_type":"new_order","status":"failed","recipient":"superadmin","order":59249}
2026-07-30T05:07:42+00:00 WARNING Email "customer_processing_order" for order #59249 failed to send: Could not instantiate mail function. CONTEXT: {"email_type":"customer_processing_order","status":"failed","recipient":"My Smart Host","order":59249}
2026-07-30T09:01:50+00:00 WARNING Email "customer_new_account" for user #1535 failed to send: Could not instantiate mail function. CONTEXT: {"email_type":"customer_new_account","status":"failed","recipient":"Karthyayini","user":1535}
2026-07-30T11:04:09+00:00 WARNING Email "customer_reset_password" for user #1533 failed to send: Could not instantiate mail function. CONTEXT: {"email_type":"customer_reset_password","status":"failed","recipient":"Sidharth test","user":1533}
2026-07-30T13:54:24+00:00 WARNING Email "new_order" for order #59288 failed to send: Could not instantiate mail function. CONTEXT: {"email_type":"new_order","status":"failed","recipient":"superadmin","order":59288}
2026-07-30T13:54:24+00:00 WARNING Email "customer_processing_order" for order #59288 failed to send: Could not instantiate mail function. CONTEXT: {"email_type":"customer_processing_order","status":"failed","recipient":"Haresh","order":59288}
2026-07-30T16:11:13+00:00 WARNING Email "customer_failed_order" for order #59317 failed to send: Could not instantiate mail function. CONTEXT: {"email_type":"customer_failed_order","status":"failed","recipient":"Aswick","order":59317}
2026-07-30T16:11:14+00:00 WARNING Email "failed_order" for order #59317 failed to send: Could not instantiate mail function. CONTEXT: {"email_type":"failed_order","status":"failed","recipient":"superadmin","order":59317}
2026-07-30T16:12:21+00:00 WARNING Email "customer_failed_order" for order #59318 failed to send: Could not instantiate mail function. CONTEXT: {"email_type":"customer_failed_order","status":"failed","recipient":"Aswick","order":59318}
2026-07-30T16:12:21+00:00 WARNING Email "failed_order" for order #59318 failed to send: Could not instantiate mail function. CONTEXT: {"email_type":"failed_order","status":"failed","recipient":"superadmin","order":59318}
2026-07-30T16:15:31+00:00 WARNING Email "customer_failed_order" for order #59320 failed to send: Could not instantiate mail function. CONTEXT: {"email_type":"customer_failed_order","status":"failed","recipient":"Aswick","order":59320}
2026-07-30T16:15:31+00:00 WARNING Email "failed_order" for order #59320 failed to send: Could not instantiate mail function. CONTEXT: {"email_type":"failed_order","status":"failed","recipient":"superadmin","order":59320}
2026-07-30T16:28:02+00:00 WARNING Email "customer_failed_order" for order #59322 failed to send: Could not instantiate mail function. CONTEXT: {"email_type":"customer_failed_order","status":"failed","recipient":"Aswick","order":59322}
2026-07-30T16:28:02+00:00 WARNING Email "failed_order" for order #59322 failed to send: Could not instantiate mail function. CONTEXT: {"email_type":"failed_order","status":"failed","recipient":"superadmin","order":59322}
2026-07-30T16:32:29+00:00 WARNING Email "customer_failed_order" for order #59323 failed to send: Could not instantiate mail function. CONTEXT: {"email_type":"customer_failed_order","status":"failed","recipient":"Aswick","order":59323}
2026-07-30T16:32:29+00:00 WARNING Email "failed_order" for order #59323 failed to send: Could not instantiate mail function. CONTEXT: {"email_type":"failed_order","status":"failed","recipient":"superadmin","order":59323}
2026-07-30T16:41:48+00:00 WARNING Email "customer_failed_order" for order #59324 failed to send: Could not instantiate mail function. CONTEXT: {"email_type":"customer_failed_order","status":"failed","recipient":"Aswick","order":59324}
2026-07-30T16:41:48+00:00 WARNING Email "failed_order" for order #59324 failed to send: Could not instantiate mail function. CONTEXT: {"email_type":"failed_order","status":"failed","recipient":"superadmin","order":59324}
2026-07-30T16:59:04+00:00 WARNING Email "new_order" for order #59325 failed to send: Could not instantiate mail function. CONTEXT: {"email_type":"new_order","status":"failed","recipient":"superadmin","order":59325}
2026-07-30T16:59:04+00:00 WARNING Email "customer_processing_order" for order #59325 failed to send: Could not instantiate mail function. CONTEXT: {"email_type":"customer_processing_order","status":"failed","recipient":"Sidharth test","order":59325}
2026-07-30T17:03:41+00:00 WARNING Email "customer_failed_order" for order #59326 failed to send: Could not instantiate mail function. CONTEXT: {"email_type":"customer_failed_order","status":"failed","recipient":"Aswick","order":59326}
2026-07-30T17:03:41+00:00 WARNING Email "failed_order" for order #59326 failed to send: Could not instantiate mail function. CONTEXT: {"email_type":"failed_order","status":"failed","recipient":"superadmin","order":59326}
2026-07-30T17:07:36+00:00 WARNING Email "customer_failed_order" for order #59327 failed to send: Could not instantiate mail function. CONTEXT: {"email_type":"customer_failed_order","status":"failed","recipient":"Aswick","order":59327}
2026-07-30T17:07:36+00:00 WARNING Email "failed_order" for order #59327 failed to send: Could not instantiate mail function. CONTEXT: {"email_type":"failed_order","status":"failed","recipient":"superadmin","order":59327}
2026-07-30T17:10:47+00:00 WARNING Email "customer_failed_order" for order #59328 failed to send: Could not instantiate mail function. CONTEXT: {"email_type":"customer_failed_order","status":"failed","recipient":"Aswick","order":59328}
2026-07-30T17:10:47+00:00 WARNING Email "failed_order" for order #59328 failed to send: Could not instantiate mail function. CONTEXT: {"email_type":"failed_order","status":"failed","recipient":"superadmin","order":59328}
2026-07-30T17:11:47+00:00 WARNING Email "customer_failed_order" for order #59329 failed to send: Could not instantiate mail function. CONTEXT: {"email_type":"customer_failed_order","status":"failed","recipient":"Aswick","order":59329}
2026-07-30T17:11:47+00:00 WARNING Email "failed_order" for order #59329 failed to send: Could not instantiate mail function. CONTEXT: {"email_type":"failed_order","status":"failed","recipient":"superadmin","order":59329}
2026-07-30T17:14:56+00:00 WARNING Email "customer_failed_order" for order #59330 failed to send: Could not instantiate mail function. CONTEXT: {"email_type":"customer_failed_order","status":"failed","recipient":"Aswick","order":59330}
2026-07-30T17:14:57+00:00 WARNING Email "failed_order" for order #59330 failed to send: Could not instantiate mail function. CONTEXT: {"email_type":"failed_order","status":"failed","recipient":"superadmin","order":59330}
2026-07-30T18:21:35+00:00 WARNING Email "customer_failed_order" for order #59350 failed to send: Could not instantiate mail function. CONTEXT: {"email_type":"customer_failed_order","status":"failed","recipient":"Aswick","order":59350}
2026-07-30T18:21:35+00:00 WARNING Email "failed_order" for order #59350 failed to send: Could not instantiate mail function. CONTEXT: {"email_type":"failed_order","status":"failed","recipient":"superadmin","order":59350}
2026-07-30T18:22:05+00:00 WARNING Email "customer_failed_order" for order #59351 failed to send: Could not instantiate mail function. CONTEXT: {"email_type":"customer_failed_order","status":"failed","recipient":"Aswick","order":59351}
2026-07-30T18:22:05+00:00 WARNING Email "failed_order" for order #59351 failed to send: Could not instantiate mail function. CONTEXT: {"email_type":"failed_order","status":"failed","recipient":"superadmin","order":59351}
2026-07-30T18:27:26+00:00 WARNING Email "customer_failed_order" for order #59352 failed to send: Could not instantiate mail function. CONTEXT: {"email_type":"customer_failed_order","status":"failed","recipient":"Aswick","order":59352}
2026-07-30T18:27:26+00:00 WARNING Email "failed_order" for order #59352 failed to send: Could not instantiate mail function. CONTEXT: {"email_type":"failed_order","status":"failed","recipient":"superadmin","order":59352}
2026-07-30T18:32:32+00:00 WARNING Email "customer_failed_order" for order #59353 failed to send: Could not instantiate mail function. CONTEXT: {"email_type":"customer_failed_order","status":"failed","recipient":"Aswick","order":59353}
2026-07-30T18:32:32+00:00 WARNING Email "failed_order" for order #59353 failed to send: Could not instantiate mail function. CONTEXT: {"email_type":"failed_order","status":"failed","recipient":"superadmin","order":59353}
2026-07-30T18:41:48+00:00 WARNING Email "customer_failed_order" for order #59354 failed to send: Could not instantiate mail function. CONTEXT: {"email_type":"customer_failed_order","status":"failed","recipient":"Aswick","order":59354}
2026-07-30T18:41:48+00:00 WARNING Email "failed_order" for order #59354 failed to send: Could not instantiate mail function. CONTEXT: {"email_type":"failed_order","status":"failed","recipient":"superadmin","order":59354}
2026-07-30T19:12:19+00:00 WARNING Email "customer_failed_order" for order #59360 failed to send: Could not instantiate mail function. CONTEXT: {"email_type":"customer_failed_order","status":"failed","recipient":"Aswick","order":59360}
2026-07-30T19:12:19+00:00 WARNING Email "failed_order" for order #59360 failed to send: Could not instantiate mail function. CONTEXT: {"email_type":"failed_order","status":"failed","recipient":"superadmin","order":59360}
2026-07-30T19:33:19+00:00 WARNING Email "customer_invoice" for order #59046 failed to send: SMTP Error: Could not connect to SMTP host. Failed to connect to server CONTEXT: {"email_type":"customer_invoice","status":"failed","recipient":"Test Sibi","order":59046}
2026-07-30T19:44:11+00:00 WARNING Email "new_order" for order #59366 failed to send: SMTP Error: Could not connect to SMTP host. Failed to connect to server CONTEXT: {"email_type":"new_order","status":"failed","recipient":"superadmin","order":59366}
2026-07-30T20:00:01+00:00 WARNING Email "customer_failed_order" for order #59369 failed to send: SMTP Error: Could not connect to SMTP host. Failed to connect to server CONTEXT: {"email_type":"customer_failed_order","status":"failed","recipient":"Aswick","order":59369}
2026-07-30T20:02:57+00:00 WARNING Email "customer_failed_order" for order #59372 failed to send: SMTP Error: Could not connect to SMTP host. Failed to connect to server CONTEXT: {"email_type":"customer_failed_order","status":"failed","recipient":"Aswick","order":59372}
2026-07-30T20:05:57+00:00 WARNING Email "customer_failed_order" for order #59377 failed to send: SMTP Error: Could not connect to SMTP host. Failed to connect to server CONTEXT: {"email_type":"customer_failed_order","status":"failed","recipient":"Aswick","order":59377}
2026-07-30T20:07:07+00:00 WARNING Email "customer_failed_order" for order #59378 failed to send: SMTP Error: Could not connect to SMTP host. Failed to connect to server CONTEXT: {"email_type":"customer_failed_order","status":"failed","recipient":"Aswick","order":59378}
2026-07-30T20:10:52+00:00 WARNING Email "customer_failed_order" for order #59385 failed to send: SMTP Error: Could not connect to SMTP host. Failed to connect to server CONTEXT: {"email_type":"customer_failed_order","status":"failed","recipient":"Aswick","order":59385}
2026-07-30T20:14:28+00:00 WARNING Email "customer_invoice" for order #59046 failed to send: SMTP Error: Could not connect to SMTP host. Failed to connect to server CONTEXT: {"email_type":"customer_invoice","status":"failed","recipient":"Test Sibi","order":59046}
2026-07-30T20:15:52+00:00 WARNING Email "customer_failed_order" for order #59387 failed to send: SMTP Error: Could not connect to SMTP host. Failed to connect to server CONTEXT: {"email_type":"customer_failed_order","status":"failed","recipient":"Aswick","order":59387}
2026-07-30T20:16:22+00:00 WARNING Email "failed_order" for order #59387 failed to send: SMTP Error: Could not connect to SMTP host. Failed to connect to server CONTEXT: {"email_type":"failed_order","status":"failed","recipient":"superadmin","order":59387}
2026-07-30T20:43:55+00:00 WARNING Email "customer_reset_password" for user #1533 failed to send: SMTP Error: Could not connect to SMTP host. Failed to connect to server CONTEXT: {"email_type":"customer_reset_password","status":"failed","recipient":"Sidharth test","user":1533}
2026-07-30T22:35:12+00:00 WARNING Email "customer_failed_order" for order #59393 failed to send: SMTP Error: Could not connect to SMTP host. Failed to connect to server CONTEXT: {"email_type":"customer_failed_order","status":"failed","recipient":"Aswick","order":59393}
2026-07-30T22:35:30+00:00 WARNING Email "customer_failed_order" for order #59394 failed to send: SMTP Error: Could not connect to SMTP host. Failed to connect to server CONTEXT: {"email_type":"customer_failed_order","status":"failed","recipient":"Aswick","order":59394}
2026-07-30T22:35:42+00:00 WARNING Email "failed_order" for order #59393 failed to send: SMTP Error: Could not connect to SMTP host. Failed to connect to server CONTEXT: {"email_type":"failed_order","status":"failed","recipient":"superadmin","order":59393}
2026-07-30T22:36:00+00:00 WARNING Email "failed_order" for order #59394 failed to send: SMTP Error: Could not connect to SMTP host. Failed to connect to server CONTEXT: {"email_type":"failed_order","status":"failed","recipient":"superadmin","order":59394}
2026-07-30T22:48:53+00:00 WARNING Email "customer_failed_order" for order #59395 failed to send: SMTP Error: Could not connect to SMTP host. Failed to connect to server CONTEXT: {"email_type":"customer_failed_order","status":"failed","recipient":"Aswick","order":59395}
2026-07-30T22:49:18+00:00 WARNING Email "customer_failed_order" for order #59396 failed to send: SMTP Error: Could not connect to SMTP host. Failed to connect to server CONTEXT: {"email_type":"customer_failed_order","status":"failed","recipient":"Aswick","order":59396}
2026-07-30T22:49:23+00:00 WARNING Email "failed_order" for order #59395 failed to send: SMTP Error: Could not connect to SMTP host. Failed to connect to server CONTEXT: {"email_type":"failed_order","status":"failed","recipient":"superadmin","order":59395}
2026-07-30T22:49:36+00:00 WARNING Email "customer_failed_order" for order #59397 failed to send: SMTP Error: Could not connect to SMTP host. Failed to connect to server CONTEXT: {"email_type":"customer_failed_order","status":"failed","recipient":"Aswick","order":59397}
2026-07-30T22:49:49+00:00 WARNING Email "failed_order" for order #59396 failed to send: SMTP Error: Could not connect to SMTP host. Failed to connect to server CONTEXT: {"email_type":"failed_order","status":"failed","recipient":"superadmin","order":59396}
2026-07-30T22:49:52+00:00 WARNING Email "customer_failed_order" for order #59398 failed to send: SMTP Error: Could not connect to SMTP host. Failed to connect to server CONTEXT: {"email_type":"customer_failed_order","status":"failed","recipient":"Aswick","order":59398}
2026-07-30T22:50:06+00:00 WARNING Email "failed_order" for order #59397 failed to send: SMTP Error: Could not connect to SMTP host. Failed to connect to server CONTEXT: {"email_type":"failed_order","status":"failed","recipient":"superadmin","order":59397}
2026-07-30T22:50:17+00:00 WARNING Email "customer_failed_order" for order #59399 failed to send: SMTP Error: Could not connect to SMTP host. Failed to connect to server CONTEXT: {"email_type":"customer_failed_order","status":"failed","recipient":"Aswick","order":59399}
2026-07-30T22:50:22+00:00 WARNING Email "failed_order" for order #59398 failed to send: SMTP Error: Could not connect to SMTP host. Failed to connect to server CONTEXT: {"email_type":"failed_order","status":"failed","recipient":"superadmin","order":59398}
2026-07-30T22:50:47+00:00 WARNING Email "failed_order" for order #59399 failed to send: SMTP Error: Could not connect to SMTP host. Failed to connect to server CONTEXT: {"email_type":"failed_order","status":"failed","recipient":"superadmin","order":59399}
2026-07-30T22:53:00+00:00 WARNING Email "customer_failed_order" for order #59400 failed to send: SMTP Error: Could not connect to SMTP host. Failed to connect to server CONTEXT: {"email_type":"customer_failed_order","status":"failed","recipient":"Aswick","order":59400}
2026-07-30T22:53:30+00:00 WARNING Email "failed_order" for order #59400 failed to send: SMTP Error: Could not connect to SMTP host. Failed to connect to server CONTEXT: {"email_type":"failed_order","status":"failed","recipient":"superadmin","order":59400}
2026-07-30T23:07:01+00:00 WARNING Email "customer_failed_order" for order #59403 failed to send: SMTP Error: Could not connect to SMTP host. Failed to connect to server CONTEXT: {"email_type":"customer_failed_order","status":"failed","recipient":"Aswick","order":59403}
2026-07-30T23:07:20+00:00 WARNING Email "customer_failed_order" for order #59404 failed to send: SMTP Error: Could not connect to SMTP host. Failed to connect to server CONTEXT: {"email_type":"customer_failed_order","status":"failed","recipient":"Aswick","order":59404}
2026-07-30T23:07:31+00:00 WARNING Email "failed_order" for order #59403 failed to send: SMTP Error: Could not connect to SMTP host. Failed to connect to server CONTEXT: {"email_type":"failed_order","status":"failed","recipient":"superadmin","order":59403}
2026-07-30T23:07:50+00:00 WARNING Email "failed_order" for order #59404 failed to send: SMTP Error: Could not connect to SMTP host. Failed to connect to server CONTEXT: {"email_type":"failed_order","status":"failed","recipient":"superadmin","order":59404}
2026-07-30T23:11:33+00:00 WARNING Email "customer_failed_order" for order #59405 failed to send: SMTP Error: Could not connect to SMTP host. Failed to connect to server CONTEXT: {"email_type":"customer_failed_order","status":"failed","recipient":"Aswick","order":59405}
2026-07-30T23:12:03+00:00 WARNING Email "failed_order" for order #59405 failed to send: SMTP Error: Could not connect to SMTP host. Failed to connect to server CONTEXT: {"email_type":"failed_order","status":"failed","recipient":"superadmin","order":59405}
2026-07-30T23:12:37+00:00 WARNING Email "customer_failed_order" for order #59406 failed to send: SMTP Error: Could not connect to SMTP host. Failed to connect to server CONTEXT: {"email_type":"customer_failed_order","status":"failed","recipient":"Aswick","order":59406}
2026-07-30T23:13:07+00:00 WARNING Email "failed_order" for order #59406 failed to send: SMTP Error: Could not connect to SMTP host. Failed to connect to server CONTEXT: {"email_type":"failed_order","status":"failed","recipient":"superadmin","order":59406}
2026-07-30T23:34:33+00:00 WARNING Email "customer_failed_order" for order #59417 failed to send: SMTP Error: Could not connect to SMTP host. Failed to connect to server CONTEXT: {"email_type":"customer_failed_order","status":"failed","recipient":"Aswick","order":59417}
2026-07-30T23:35:03+00:00 WARNING Email "failed_order" for order #59417 failed to send: SMTP Error: Could not connect to SMTP host. Failed to connect to server CONTEXT: {"email_type":"failed_order","status":"failed","recipient":"superadmin","order":59417}
2026-07-30T23:43:46+00:00 WARNING Email "customer_failed_order" for order #59419 failed to send: SMTP Error: Could not connect to SMTP host. Failed to connect to server CONTEXT: {"email_type":"customer_failed_order","status":"failed","recipient":"Aswick","order":59419}
2026-07-30T23:44:16+00:00 WARNING Email "failed_order" for order #59419 failed to send: SMTP Error: Could not connect to SMTP host. Failed to connect to server CONTEXT: {"email_type":"failed_order","status":"failed","recipient":"superadmin","order":59419}
