2026-07-18T09:10:37+00:00 NOTICE 3.1.0 - No subscription webhooks found using API version 3. No updates needed. CONTEXT: {"_legacy":true}
2026-07-18T09:10:37+00:00 NOTICE 8.3.0 - Updating subscription email settings. CONTEXT: {"_legacy":true}
2026-07-18T09:10:37+00:00 NOTICE Subscription email settings not found: woocommerce_cancelled_subscription_settings. CONTEXT: {"_legacy":true}
2026-07-18T09:10:37+00:00 NOTICE Subscription email settings not found: woocommerce_customer_completed_renewal_order_settings. CONTEXT: {"_legacy":true}
2026-07-18T09:10:37+00:00 NOTICE Subscription email settings not found: woocommerce_customer_completed_switch_order_settings. CONTEXT: {"_legacy":true}
2026-07-18T09:10:37+00:00 NOTICE Subscription email settings not found: woocommerce-subscriptions_customer_notification_auto_renewal_settings. CONTEXT: {"_legacy":true}
2026-07-18T09:10:37+00:00 NOTICE Subscription email settings not found: woocommerce-subscriptions_customer_notification_auto_trial_expiry_settings. CONTEXT: {"_legacy":true}
2026-07-18T09:10:37+00:00 NOTICE Subscription email settings not found: woocommerce-subscriptions_customer_notification_manual_renewal_settings. CONTEXT: {"_legacy":true}
2026-07-18T09:10:37+00:00 NOTICE Subscription email settings not found: woocommerce-subscriptions_customer_notification_manual_trial_expiry_settings. CONTEXT: {"_legacy":true}
2026-07-18T09:10:37+00:00 NOTICE Subscription email settings not found: woocommerce-subscriptions_customer_notification_auto_trial_expiry_settings. CONTEXT: {"_legacy":true}
2026-07-18T09:10:37+00:00 NOTICE Subscription email settings not found: woocommerce_customer_on_hold_renewal_order_settings. CONTEXT: {"_legacy":true}
2026-07-18T09:10:37+00:00 NOTICE Subscription email settings not found: woocommerce_customer_renewal_invoice_settings. CONTEXT: {"_legacy":true}
2026-07-18T09:10:37+00:00 NOTICE Subscription email settings not found: woocommerce_expired_subscription_settings. CONTEXT: {"_legacy":true}
2026-07-18T09:10:37+00:00 NOTICE Subscription email settings not found: woocommerce_new_renewal_order_settings. CONTEXT: {"_legacy":true}
2026-07-18T09:10:37+00:00 NOTICE Subscription email settings not found: woocommerce_new_switch_order_settings. CONTEXT: {"_legacy":true}
2026-07-18T09:10:37+00:00 NOTICE Subscription email settings not found: woocommerce_customer_processing_renewal_order_settings. CONTEXT: {"_legacy":true}
2026-07-18T09:10:37+00:00 NOTICE Subscription email settings not found: woocommerce_suspended_subscription_settings. CONTEXT: {"_legacy":true}
2026-07-18T09:10:37+00:00 NOTICE Checking if the Gifting plugin is enabled... CONTEXT: {"_legacy":true}
2026-07-18T09:10:37+00:00 NOTICE Gifting plugin is not enabled, skipping... CONTEXT: {"_legacy":true}
2026-07-18T09:10:37+00:00 NOTICE Checking if the Downloads plugin is enabled... CONTEXT: {"_legacy":true}
2026-07-18T09:10:37+00:00 NOTICE Downloads plugin is not enabled via active_plugins, skipping... CONTEXT: {"_legacy":true}
2026-07-18T09:10:37+00:00 NOTICE Checking if downloads line items setting needs to be enabled for backward compatibility... CONTEXT: {"_legacy":true}
2026-07-18T09:10:37+00:00 NOTICE Downloadable file sharing is not enabled, skipping. CONTEXT: {"_legacy":true}
2026-07-18T09:10:37+00:00 NOTICE Considering auto-enable of "Dedicated processing"... CONTEXT: {"_legacy":true}
2026-07-18T09:10:37+00:00 NOTICE Auto-enabled "Dedicated processing". CONTEXT: {"_legacy":true}
2026-07-18T09:10:37+00:00 NOTICE WooCommerce Subscriptions completed its upgrade to 8.8.1 from 0 while WooCommerce WC_VERSION 10.9.4 and database version 10.9.4 was active. CONTEXT: {"_legacy":true}
2026-07-18T09:10:37+00:00 NOTICE Environment info: CONTEXT: {"_legacy":true}
2026-07-18T09:10:37+00:00 NOTICE     WordPress Version : 7.0.2 CONTEXT: {"_legacy":true}
2026-07-18T09:10:37+00:00 NOTICE Active Plugins: CONTEXT: {"_legacy":true}
2026-07-18T09:10:37+00:00 NOTICE     CCAvenue Payment Gateway for WooCommerce by Nilesh Chourasia – 3.1 CONTEXT: {"_legacy":true}
2026-07-18T09:10:37+00:00 NOTICE     Contact Form 7 by Rock Lobster Inc. – 6.1.6 CONTEXT: {"_legacy":true}
2026-07-18T09:10:37+00:00 NOTICE     Elementor by Elementor.com – 4.1.5 CONTEXT: {"_legacy":true}
2026-07-18T09:10:37+00:00 NOTICE     Farmart Addons by Drfuri – 1.3.0 CONTEXT: {"_legacy":true}
2026-07-18T09:10:37+00:00 NOTICE     Kirki by Kirki – 6.0.14 CONTEXT: {"_legacy":true}
2026-07-18T09:10:37+00:00 NOTICE     Meta Box by MetaBox.io – 5.13.1 CONTEXT: {"_legacy":true}
2026-07-18T09:10:37+00:00 NOTICE     Wallet System for WooCommerce Pro by WP Swings – 2.3.7 CONTEXT: {"_legacy":true}
2026-07-18T09:10:37+00:00 NOTICE     Wallet System For WooCommerce by WP Swings – 2.7.8 CONTEXT: {"_legacy":true}
2026-07-18T09:10:37+00:00 NOTICE     WCFM - WooCommerce Frontend Manager - Affiliate by WC Lovers – 1.3.0 CONTEXT: {"_legacy":true}
2026-07-18T09:10:37+00:00 NOTICE     WCFM - WooCommerce Frontend Manager - Analytics by WC Lovers – 2.2.5 CONTEXT: {"_legacy":true}
2026-07-18T09:10:37+00:00 NOTICE     WCFM - WooCommerce Frontend Manager - Delivery by WC Lovers – 1.3.1 CONTEXT: {"_legacy":true}
2026-07-18T09:10:37+00:00 NOTICE     WCFM - WooCommerce Frontend Manager - Groups & Staffs by WC Lovers – 3.4.10 CONTEXT: {"_legacy":true}
2026-07-18T09:10:37+00:00 NOTICE     WooCommerce Frontend Manager - Product Hub by WC Lovers – 1.0.11 CONTEXT: {"_legacy":true}
2026-07-18T09:10:37+00:00 NOTICE     WCFM - WooCommerce Frontend Manager - Ultimate by WC Lovers – 6.7.9 CONTEXT: {"_legacy":true}
2026-07-18T09:10:37+00:00 NOTICE     WCFM - WooCommerce Frontend Manager by WC Lovers – 6.7.28 CONTEXT: {"_legacy":true}
2026-07-18T09:10:37+00:00 NOTICE     WCFM - WooCommerce Multivendor Marketplace by WC Lovers – 3.7.4 CONTEXT: {"_legacy":true}
2026-07-18T09:10:37+00:00 NOTICE     WCFM - WooCommerce Multivendor Membership by WC Lovers – 2.11.11 CONTEXT: {"_legacy":true}
2026-07-18T09:10:37+00:00 NOTICE     WCBoost - Variation Swatches by WCBoost – 1.1.4 CONTEXT: {"_legacy":true}
2026-07-18T09:10:37+00:00 NOTICE     WCFM - Multivendor Marketplace REST API for WooCommerce by WC Lovers – 1.6.3 CONTEXT: {"_legacy":true}
2026-07-18T09:10:37+00:00 NOTICE     WooCommerce All Products for Subscriptions by WooCommerce – 6.1.0 CONTEXT: {"_legacy":true}
2026-07-18T09:10:37+00:00 NOTICE     WooCommerce Subscriptions by WooCommerce – 8.8.1 CONTEXT: {"_legacy":true}
2026-07-18T09:10:37+00:00 NOTICE     WooCommerce by Automattic – 10.9.4 CONTEXT: {"_legacy":true}
