2026-08-02T00:28:19+00:00 DEBUG [scope=wc_subscription_scheduled_event] Dedicated queue runner "woocommerce-subscriptions" could not be created. Existing claim: none. Cycle: 1/3.
2026-08-02T00:28:20+00:00 DEBUG [scope=wc_subscription_scheduled_event] Dedicated queue runner "woocommerce-subscriptions" could not be created. Existing claim: none. Cycle: 2/3.
2026-08-02T00:38:45+00:00 DEBUG [scope=wc_subscription_scheduled_event] Dedicated queue runner "woocommerce-subscriptions" created. Cycle: 3/3.
2026-08-02T01:16:34+00:00 DEBUG [scope=wc_subscription_scheduled_event] Dedicated queue runner "woocommerce-subscriptions" could not be created. Existing claim: none. Cycle: 1/3.
2026-08-02T01:16:35+00:00 DEBUG [scope=wc_subscription_scheduled_event] Dedicated queue runner "woocommerce-subscriptions" could not be created. Existing claim: none. Cycle: 2/3.
2026-08-02T01:49:47+00:00 DEBUG [scope=wc_subscription_scheduled_event] Dedicated queue runner "woocommerce-subscriptions" created. Cycle: 3/3.
2026-08-02T01:49:48+00:00 DEBUG [scope=wc_subscription_scheduled_event] Dedicated queue runner "woocommerce-subscriptions" could not be created. Existing claim: none. Cycle: 1/3.
2026-08-02T02:35:30+00:00 DEBUG [scope=wc_subscription_scheduled_event] Dedicated queue runner "woocommerce-subscriptions" could not be created. Existing claim: none. Cycle: 2/3.
2026-08-02T03:08:30+00:00 DEBUG [scope=wc_subscription_scheduled_event] Dedicated queue runner "woocommerce-subscriptions" created. Cycle: 3/3.
2026-08-02T03:08:31+00:00 DEBUG [scope=wc_subscription_scheduled_event] Dedicated queue runner "woocommerce-subscriptions" could not be created. Existing claim: none. Cycle: 1/3.
2026-08-02T03:08:36+00:00 DEBUG [scope=wc_subscription_scheduled_event] Dedicated queue runner "woocommerce-subscriptions" could not be created. Existing claim: none. Cycle: 2/3.
2026-08-02T03:26:04+00:00 DEBUG [scope=wc_subscription_scheduled_event] Dedicated queue runner "woocommerce-subscriptions" created. Cycle: 3/3.
2026-08-02T03:39:20+00:00 DEBUG [scope=wc_subscription_scheduled_event] Dedicated queue runner "woocommerce-subscriptions" not applied: none of its groups exist yet.
2026-08-02T04:02:59+00:00 DEBUG [scope=wc_subscription_scheduled_event] Dedicated queue runner "woocommerce-subscriptions" could not be created. Existing claim: none. Cycle: 1/3.
2026-08-02T04:51:37+00:00 DEBUG [scope=wc_subscription_scheduled_event] Dedicated queue runner "woocommerce-subscriptions" could not be created. Existing claim: none. Cycle: 2/3.
2026-08-02T04:51:38+00:00 DEBUG [scope=wc_subscription_scheduled_event] Dedicated queue runner "woocommerce-subscriptions" created. Cycle: 3/3.
2026-08-02T05:06:22+00:00 DEBUG [scope=wc_subscription_scheduled_event] Dedicated queue runner "woocommerce-subscriptions" could not be created. Existing claim: none. Cycle: 1/3.
2026-08-02T05:06:34+00:00 DEBUG [scope=wc_subscription_scheduled_event] Dedicated queue runner "woocommerce-subscriptions" could not be created. Existing claim: none. Cycle: 2/3.
2026-08-02T05:08:02+00:00 DEBUG [scope=wc_subscription_scheduled_event] Dedicated queue runner "woocommerce-subscriptions" created. Cycle: 3/3.
2026-08-02T05:08:46+00:00 DEBUG [scope=wc_subscription_scheduled_event] Dedicated queue runner "woocommerce-subscriptions" could not be created. Existing claim: none. Cycle: 1/3.
2026-08-02T05:09:47+00:00 DEBUG [scope=wc_subscription_scheduled_event] Dedicated queue runner "woocommerce-subscriptions" could not be created. Existing claim: none. Cycle: 2/3.
2026-08-02T05:09:48+00:00 DEBUG [scope=wc_subscription_scheduled_event] Dedicated queue runner "woocommerce-subscriptions" created. Cycle: 3/3.
2026-08-02T05:10:48+00:00 DEBUG [scope=wc_subscription_scheduled_event] Dedicated queue runner "woocommerce-subscriptions" could not be created. Existing claim: none. Cycle: 1/3.
2026-08-02T05:11:40+00:00 DEBUG [scope=wc_subscription_scheduled_event] Dedicated queue runner "woocommerce-subscriptions" could not be created. Existing claim: none. Cycle: 2/3.
2026-08-02T05:12:48+00:00 DEBUG [scope=wc_subscription_scheduled_event] Dedicated queue runner "woocommerce-subscriptions" created. Cycle: 3/3.
2026-08-02T05:13:48+00:00 DEBUG [scope=wc_subscription_scheduled_event] Dedicated queue runner "woocommerce-subscriptions" could not be created. Existing claim: none. Cycle: 1/3.
2026-08-02T05:14:51+00:00 DEBUG [scope=wc_subscription_scheduled_event] Dedicated queue runner "woocommerce-subscriptions" could not be created. Existing claim: none. Cycle: 2/3.
2026-08-02T05:16:49+00:00 DEBUG [scope=wc_subscription_scheduled_event] Dedicated queue runner "woocommerce-subscriptions" created. Cycle: 3/3.
2026-08-02T05:18:50+00:00 DEBUG [scope=wc_subscription_scheduled_event] Dedicated queue runner "woocommerce-subscriptions" could not be created. Existing claim: none. Cycle: 1/3.
2026-08-02T05:20:51+00:00 DEBUG [scope=wc_subscription_scheduled_event] Dedicated queue runner "woocommerce-subscriptions" could not be created. Existing claim: none. Cycle: 2/3.
2026-08-02T05:22:52+00:00 DEBUG [scope=wc_subscription_scheduled_event] Dedicated queue runner "woocommerce-subscriptions" created. Cycle: 3/3.
2026-08-02T05:27:47+00:00 DEBUG [scope=wc_subscription_scheduled_event] Dedicated queue runner "woocommerce-subscriptions" could not be created. Existing claim: none. Cycle: 1/3.
2026-08-02T05:28:46+00:00 DEBUG [scope=wc_subscription_scheduled_event] Dedicated queue runner "woocommerce-subscriptions" could not be created. Existing claim: none. Cycle: 2/3.
2026-08-02T05:30:48+00:00 DEBUG [scope=wc_subscription_scheduled_event] Dedicated queue runner "woocommerce-subscriptions" created. Cycle: 3/3.
2026-08-02T05:32:49+00:00 DEBUG [scope=wc_subscription_scheduled_event] Dedicated queue runner "woocommerce-subscriptions" could not be created. Existing claim: none. Cycle: 1/3.
2026-08-02T05:34:50+00:00 DEBUG [scope=wc_subscription_scheduled_event] Dedicated queue runner "woocommerce-subscriptions" could not be created. Existing claim: none. Cycle: 2/3.
2026-08-02T05:36:48+00:00 DEBUG [scope=wc_subscription_scheduled_event] Dedicated queue runner "woocommerce-subscriptions" created. Cycle: 3/3.
2026-08-02T05:36:49+00:00 DEBUG [scope=wc_subscription_scheduled_event] Dedicated queue runner "woocommerce-subscriptions" could not be created. Existing claim: none. Cycle: 1/3.
2026-08-02T05:46:23+00:00 DEBUG [scope=wc_subscription_scheduled_event] Dedicated queue runner "woocommerce-subscriptions" could not be created. Existing claim: none. Cycle: 2/3.
2026-08-02T05:46:24+00:00 DEBUG [scope=wc_subscription_scheduled_event] Dedicated queue runner "woocommerce-subscriptions" created. Cycle: 3/3.
2026-08-02T05:48:24+00:00 DEBUG [scope=wc_subscription_scheduled_event] Dedicated queue runner "woocommerce-subscriptions" could not be created. Existing claim: none. Cycle: 1/3.
2026-08-02T05:50:24+00:00 DEBUG [scope=wc_subscription_scheduled_event] Dedicated queue runner "woocommerce-subscriptions" could not be created. Existing claim: none. Cycle: 2/3.
2026-08-02T05:52:27+00:00 DEBUG [scope=wc_subscription_scheduled_event] Dedicated queue runner "woocommerce-subscriptions" created. Cycle: 3/3.
2026-08-02T05:52:28+00:00 DEBUG [scope=wc_subscription_scheduled_event] Dedicated queue runner "woocommerce-subscriptions" could not be created. Existing claim: none. Cycle: 1/3.
2026-08-02T05:54:29+00:00 DEBUG [scope=wc_subscription_scheduled_event] Dedicated queue runner "woocommerce-subscriptions" could not be created. Existing claim: none. Cycle: 2/3.
2026-08-02T05:56:30+00:00 DEBUG [scope=wc_subscription_scheduled_event] Dedicated queue runner "woocommerce-subscriptions" created. Cycle: 3/3.
2026-08-02T06:09:50+00:00 DEBUG [scope=wc_subscription_scheduled_event] Dedicated queue runner "woocommerce-subscriptions" could not be created. Existing claim: none. Cycle: 1/3.
2026-08-02T06:25:14+00:00 DEBUG [scope=wc_subscription_scheduled_event] Dedicated queue runner "woocommerce-subscriptions" could not be created. Existing claim: none. Cycle: 2/3.
2026-08-02T06:47:59+00:00 DEBUG [scope=wc_subscription_scheduled_event] Dedicated queue runner "woocommerce-subscriptions" created. Cycle: 3/3.
2026-08-02T06:54:10+00:00 DEBUG [scope=wc_subscription_scheduled_event] Dedicated queue runner "woocommerce-subscriptions" could not be created. Existing claim: none. Cycle: 1/3.
2026-08-02T06:54:11+00:00 DEBUG [scope=wc_subscription_scheduled_event] Dedicated queue runner "woocommerce-subscriptions" could not be created. Existing claim: none. Cycle: 2/3.
2026-08-02T07:10:11+00:00 DEBUG [scope=wc_subscription_scheduled_event] Dedicated queue runner "woocommerce-subscriptions" created. Cycle: 3/3.
2026-08-02T07:54:33+00:00 DEBUG [scope=wc_subscription_scheduled_event] Dedicated queue runner "woocommerce-subscriptions" could not be created. Existing claim: none. Cycle: 1/3.
2026-08-02T07:57:18+00:00 DEBUG [scope=wc_subscription_scheduled_event] Dedicated queue runner "woocommerce-subscriptions" not applied: none of its groups exist yet.
2026-08-02T07:57:18+00:00 DEBUG [scope=wc_subscription_scheduled_event] Dedicated queue runner "woocommerce-subscriptions" not applied: none of its groups exist yet.
2026-08-02T08:39:12+00:00 DEBUG [scope=wc_subscription_scheduled_event] Dedicated queue runner "woocommerce-subscriptions" could not be created. Existing claim: none. Cycle: 2/3.
2026-08-02T08:50:55+00:00 DEBUG [scope=wc_subscription_scheduled_event] Dedicated queue runner "woocommerce-subscriptions" not applied: none of its groups exist yet.
2026-08-02T08:58:44+00:00 DEBUG [scope=wc_subscription_scheduled_event] Dedicated queue runner "woocommerce-subscriptions" created. Cycle: 3/3.
2026-08-02T09:01:23+00:00 DEBUG [scope=wc_subscription_scheduled_event] Dedicated queue runner "woocommerce-subscriptions" could not be created. Existing claim: none. Cycle: 1/3.
2026-08-02T09:27:41+00:00 DEBUG [scope=wc_subscription_scheduled_event] Dedicated queue runner "woocommerce-subscriptions" could not be created. Existing claim: none. Cycle: 2/3.
2026-08-02T09:44:21+00:00 DEBUG [scope=wc_subscription_scheduled_event] Dedicated queue runner "woocommerce-subscriptions" created. Cycle: 3/3.
2026-08-02T09:50:55+00:00 DEBUG [scope=wc_subscription_scheduled_event] Dedicated queue runner "woocommerce-subscriptions" could not be created. Existing claim: none. Cycle: 1/3.
2026-08-02T09:51:35+00:00 DEBUG [scope=wc_subscription_scheduled_event] Dedicated queue runner "woocommerce-subscriptions" could not be created. Existing claim: none. Cycle: 2/3.
2026-08-02T09:52:39+00:00 DEBUG [scope=wc_subscription_scheduled_event] Dedicated queue runner "woocommerce-subscriptions" created. Cycle: 3/3.
2026-08-02T09:53:35+00:00 DEBUG [scope=wc_subscription_scheduled_event] Dedicated queue runner "woocommerce-subscriptions" could not be created. Existing claim: none. Cycle: 1/3.
2026-08-02T09:54:39+00:00 DEBUG [scope=wc_subscription_scheduled_event] Dedicated queue runner "woocommerce-subscriptions" could not be created. Existing claim: none. Cycle: 2/3.
2026-08-02T09:55:40+00:00 DEBUG [scope=wc_subscription_scheduled_event] Dedicated queue runner "woocommerce-subscriptions" created. Cycle: 3/3.
2026-08-02T09:55:41+00:00 DEBUG [scope=wc_subscription_scheduled_event] Dedicated queue runner "woocommerce-subscriptions" could not be created. Existing claim: none. Cycle: 1/3.
2026-08-02T09:56:43+00:00 DEBUG [scope=wc_subscription_scheduled_event] Dedicated queue runner "woocommerce-subscriptions" could not be created. Existing claim: none. Cycle: 2/3.
2026-08-02T09:56:45+00:00 DEBUG [scope=wc_subscription_scheduled_event] Dedicated queue runner "woocommerce-subscriptions" created. Cycle: 3/3.
2026-08-02T09:57:55+00:00 DEBUG [scope=wc_subscription_scheduled_event] Dedicated queue runner "woocommerce-subscriptions" could not be created. Existing claim: none. Cycle: 1/3.
2026-08-02T09:58:42+00:00 DEBUG [scope=wc_subscription_scheduled_event] Dedicated queue runner "woocommerce-subscriptions" could not be created. Existing claim: none. Cycle: 2/3.
2026-08-02T09:59:42+00:00 DEBUG [scope=wc_subscription_scheduled_event] Dedicated queue runner "woocommerce-subscriptions" created. Cycle: 3/3.
2026-08-02T10:00:35+00:00 DEBUG [scope=wc_subscription_scheduled_event] Dedicated queue runner "woocommerce-subscriptions" could not be created. Existing claim: none. Cycle: 1/3.
2026-08-02T10:01:57+00:00 DEBUG [scope=wc_subscription_scheduled_event] Dedicated queue runner "woocommerce-subscriptions" could not be created. Existing claim: none. Cycle: 2/3.
2026-08-02T10:03:23+00:00 DEBUG [scope=wc_subscription_scheduled_event] Dedicated queue runner "woocommerce-subscriptions" created. Cycle: 3/3.
2026-08-02T10:03:38+00:00 DEBUG [scope=wc_subscription_scheduled_event] Dedicated queue runner "woocommerce-subscriptions" could not be created. Existing claim: none. Cycle: 1/3.
2026-08-02T10:04:49+00:00 DEBUG [scope=wc_subscription_scheduled_event] Dedicated queue runner "woocommerce-subscriptions" could not be created. Existing claim: none. Cycle: 2/3.
2026-08-02T10:05:35+00:00 DEBUG [scope=wc_subscription_scheduled_event] Dedicated queue runner "woocommerce-subscriptions" created. Cycle: 3/3.
2026-08-02T10:06:36+00:00 DEBUG [scope=wc_subscription_scheduled_event] Dedicated queue runner "woocommerce-subscriptions" could not be created. Existing claim: none. Cycle: 1/3.
2026-08-02T10:08:26+00:00 DEBUG [scope=wc_subscription_scheduled_event] Dedicated queue runner "woocommerce-subscriptions" could not be created. Existing claim: none. Cycle: 2/3.
2026-08-02T10:09:27+00:00 DEBUG [scope=wc_subscription_scheduled_event] Dedicated queue runner "woocommerce-subscriptions" created. Cycle: 3/3.
2026-08-02T10:11:28+00:00 DEBUG [scope=wc_subscription_scheduled_event] Dedicated queue runner "woocommerce-subscriptions" could not be created. Existing claim: none. Cycle: 1/3.
2026-08-02T10:13:29+00:00 DEBUG [scope=wc_subscription_scheduled_event] Dedicated queue runner "woocommerce-subscriptions" could not be created. Existing claim: none. Cycle: 2/3.
2026-08-02T10:13:41+00:00 DEBUG [scope=wc_subscription_scheduled_event] Dedicated queue runner "woocommerce-subscriptions" created. Cycle: 3/3.
2026-08-02T10:15:30+00:00 DEBUG [scope=wc_subscription_scheduled_event] Dedicated queue runner "woocommerce-subscriptions" could not be created. Existing claim: none. Cycle: 1/3.
2026-08-02T10:17:31+00:00 DEBUG [scope=wc_subscription_scheduled_event] Dedicated queue runner "woocommerce-subscriptions" could not be created. Existing claim: none. Cycle: 2/3.
2026-08-02T10:19:13+00:00 DEBUG [scope=wc_subscription_scheduled_event] Dedicated queue runner "woocommerce-subscriptions" created. Cycle: 3/3.
2026-08-02T10:20:13+00:00 DEBUG [scope=wc_subscription_scheduled_event] Dedicated queue runner "woocommerce-subscriptions" could not be created. Existing claim: none. Cycle: 1/3.
2026-08-02T10:22:15+00:00 DEBUG [scope=wc_subscription_scheduled_event] Dedicated queue runner "woocommerce-subscriptions" could not be created. Existing claim: none. Cycle: 2/3.
2026-08-02T10:24:15+00:00 DEBUG [scope=wc_subscription_scheduled_event] Dedicated queue runner "woocommerce-subscriptions" created. Cycle: 3/3.
2026-08-02T10:26:16+00:00 DEBUG [scope=wc_subscription_scheduled_event] Dedicated queue runner "woocommerce-subscriptions" could not be created. Existing claim: none. Cycle: 1/3.
2026-08-02T10:26:43+00:00 DEBUG [scope=wc_subscription_scheduled_event] Dedicated queue runner "woocommerce-subscriptions" could not be created: active store does not support claim filtering.
2026-08-02T10:27:37+00:00 DEBUG [scope=wc_subscription_scheduled_event] Dedicated queue runner "woocommerce-subscriptions" could not be created: active store does not support claim filtering.
2026-08-02T10:27:38+00:00 DEBUG [scope=wc_subscription_scheduled_event] Dedicated queue runner "woocommerce-subscriptions" could not be created. Existing claim: none. Cycle: 2/3.
2026-08-02T10:28:38+00:00 DEBUG [scope=wc_subscription_scheduled_event] Dedicated queue runner "woocommerce-subscriptions" created. Cycle: 3/3.
2026-08-02T10:29:53+00:00 DEBUG [scope=wc_subscription_scheduled_event] Dedicated queue runner "woocommerce-subscriptions" could not be created. Existing claim: none. Cycle: 1/3.
2026-08-02T10:29:54+00:00 DEBUG [scope=wc_subscription_scheduled_event] Dedicated queue runner "woocommerce-subscriptions" could not be created. Existing claim: none. Cycle: 2/3.
2026-08-02T10:31:26+00:00 DEBUG [scope=wc_subscription_scheduled_event] Dedicated queue runner "woocommerce-subscriptions" created. Cycle: 3/3.
2026-08-02T10:31:27+00:00 DEBUG [scope=wc_subscription_scheduled_event] Dedicated queue runner "woocommerce-subscriptions" could not be created. Existing claim: none. Cycle: 1/3.
2026-08-02T10:31:54+00:00 DEBUG [scope=wc_subscription_scheduled_event] Dedicated queue runner "woocommerce-subscriptions" could not be created. Existing claim: none. Cycle: 2/3.
2026-08-02T10:32:36+00:00 DEBUG [scope=wc_subscription_scheduled_event] Dedicated queue runner "woocommerce-subscriptions" created. Cycle: 3/3.
2026-08-02T10:33:35+00:00 DEBUG [scope=wc_subscription_scheduled_event] Dedicated queue runner "woocommerce-subscriptions" could not be created. Existing claim: none. Cycle: 1/3.
2026-08-02T10:34:36+00:00 DEBUG [scope=wc_subscription_scheduled_event] Dedicated queue runner "woocommerce-subscriptions" could not be created. Existing claim: none. Cycle: 2/3.
2026-08-02T10:35:12+00:00 DEBUG [scope=wc_subscription_scheduled_event] Dedicated queue runner "woocommerce-subscriptions" created. Cycle: 3/3.
2026-08-02T10:35:58+00:00 DEBUG [scope=wc_subscription_scheduled_event] Dedicated queue runner "woocommerce-subscriptions" could not be created. Existing claim: none. Cycle: 1/3.
2026-08-02T10:36:37+00:00 DEBUG [scope=wc_subscription_scheduled_event] Dedicated queue runner "woocommerce-subscriptions" could not be created. Existing claim: none. Cycle: 2/3.
2026-08-02T10:37:59+00:00 DEBUG [scope=wc_subscription_scheduled_event] Dedicated queue runner "woocommerce-subscriptions" created. Cycle: 3/3.
2026-08-02T10:38:00+00:00 DEBUG [scope=wc_subscription_scheduled_event] Dedicated queue runner "woocommerce-subscriptions" could not be created. Existing claim: none. Cycle: 1/3.
2026-08-02T10:38:59+00:00 DEBUG [scope=wc_subscription_scheduled_event] Dedicated queue runner "woocommerce-subscriptions" could not be created. Existing claim: none. Cycle: 2/3.
2026-08-02T10:39:00+00:00 DEBUG [scope=wc_subscription_scheduled_event] Dedicated queue runner "woocommerce-subscriptions" created. Cycle: 3/3.
2026-08-02T10:39:39+00:00 DEBUG [scope=wc_subscription_scheduled_event] Dedicated queue runner "woocommerce-subscriptions" could not be created. Existing claim: none. Cycle: 1/3.
2026-08-02T10:40:47+00:00 DEBUG [scope=wc_subscription_scheduled_event] Dedicated queue runner "woocommerce-subscriptions" could not be created. Existing claim: none. Cycle: 2/3.
2026-08-02T10:41:02+00:00 DEBUG [scope=wc_subscription_scheduled_event] Dedicated queue runner "woocommerce-subscriptions" created. Cycle: 3/3.
2026-08-02T10:41:35+00:00 DEBUG [scope=wc_subscription_scheduled_event] Dedicated queue runner "woocommerce-subscriptions" could not be created. Existing claim: none. Cycle: 1/3.
2026-08-02T10:42:46+00:00 DEBUG [scope=wc_subscription_scheduled_event] Dedicated queue runner "woocommerce-subscriptions" could not be created. Existing claim: none. Cycle: 2/3.
2026-08-02T10:43:31+00:00 DEBUG [scope=wc_subscription_scheduled_event] Dedicated queue runner "woocommerce-subscriptions" created. Cycle: 3/3.
2026-08-02T10:43:36+00:00 DEBUG [scope=wc_subscription_scheduled_event] Dedicated queue runner "woocommerce-subscriptions" could not be created. Existing claim: none. Cycle: 1/3.
2026-08-02T10:45:32+00:00 DEBUG [scope=wc_subscription_scheduled_event] Dedicated queue runner "woocommerce-subscriptions" could not be created. Existing claim: none. Cycle: 2/3.
2026-08-02T10:45:48+00:00 DEBUG [scope=wc_subscription_scheduled_event] Dedicated queue runner "woocommerce-subscriptions" created. Cycle: 3/3.
2026-08-02T10:47:33+00:00 DEBUG [scope=wc_subscription_scheduled_event] Dedicated queue runner "woocommerce-subscriptions" could not be created. Existing claim: none. Cycle: 1/3.
2026-08-02T10:47:49+00:00 DEBUG [scope=wc_subscription_scheduled_event] Dedicated queue runner "woocommerce-subscriptions" could not be created. Existing claim: none. Cycle: 2/3.
2026-08-02T10:49:06+00:00 DEBUG [scope=wc_subscription_scheduled_event] Dedicated queue runner "woocommerce-subscriptions" created. Cycle: 3/3.
2026-08-02T10:49:24+00:00 DEBUG [scope=wc_subscription_scheduled_event] Dedicated queue runner "woocommerce-subscriptions" could not be created. Existing claim: none. Cycle: 1/3.
2026-08-02T10:49:50+00:00 DEBUG [scope=wc_subscription_scheduled_event] Dedicated queue runner "woocommerce-subscriptions" could not be created. Existing claim: none. Cycle: 2/3.
2026-08-02T10:51:51+00:00 DEBUG [scope=wc_subscription_scheduled_event] Dedicated queue runner "woocommerce-subscriptions" created. Cycle: 3/3.
2026-08-02T10:53:52+00:00 DEBUG [scope=wc_subscription_scheduled_event] Dedicated queue runner "woocommerce-subscriptions" could not be created. Existing claim: none. Cycle: 1/3.
2026-08-02T10:53:53+00:00 DEBUG [scope=wc_subscription_scheduled_event] Dedicated queue runner "woocommerce-subscriptions" could not be created. Existing claim: none. Cycle: 2/3.
2026-08-02T10:56:06+00:00 DEBUG [scope=wc_subscription_scheduled_event] Dedicated queue runner "woocommerce-subscriptions" created. Cycle: 3/3.
2026-08-02T10:58:07+00:00 DEBUG [scope=wc_subscription_scheduled_event] Dedicated queue runner "woocommerce-subscriptions" could not be created. Existing claim: none. Cycle: 1/3.
2026-08-02T10:58:11+00:00 DEBUG [scope=wc_subscription_scheduled_event] Dedicated queue runner "woocommerce-subscriptions" could not be created. Existing claim: none. Cycle: 2/3.
2026-08-02T11:00:08+00:00 DEBUG [scope=wc_subscription_scheduled_event] Dedicated queue runner "woocommerce-subscriptions" created. Cycle: 3/3.
2026-08-02T11:02:09+00:00 DEBUG [scope=wc_subscription_scheduled_event] Dedicated queue runner "woocommerce-subscriptions" could not be created. Existing claim: none. Cycle: 1/3.
2026-08-02T11:02:13+00:00 DEBUG [scope=wc_subscription_scheduled_event] Dedicated queue runner "woocommerce-subscriptions" could not be created. Existing claim: none. Cycle: 2/3.
2026-08-02T11:04:10+00:00 DEBUG [scope=wc_subscription_scheduled_event] Dedicated queue runner "woocommerce-subscriptions" created. Cycle: 3/3.
2026-08-02T11:06:11+00:00 DEBUG [scope=wc_subscription_scheduled_event] Dedicated queue runner "woocommerce-subscriptions" could not be created. Existing claim: none. Cycle: 1/3.
2026-08-02T11:08:12+00:00 DEBUG [scope=wc_subscription_scheduled_event] Dedicated queue runner "woocommerce-subscriptions" could not be created. Existing claim: none. Cycle: 2/3.
2026-08-02T11:10:13+00:00 DEBUG [scope=wc_subscription_scheduled_event] Dedicated queue runner "woocommerce-subscriptions" created. Cycle: 3/3.
2026-08-02T11:12:14+00:00 DEBUG [scope=wc_subscription_scheduled_event] Dedicated queue runner "woocommerce-subscriptions" could not be created. Existing claim: none. Cycle: 1/3.
2026-08-02T11:14:15+00:00 DEBUG [scope=wc_subscription_scheduled_event] Dedicated queue runner "woocommerce-subscriptions" could not be created. Existing claim: none. Cycle: 2/3.
2026-08-02T11:14:35+00:00 DEBUG [scope=wc_subscription_scheduled_event] Dedicated queue runner "woocommerce-subscriptions" created. Cycle: 3/3.
2026-08-02T11:16:16+00:00 DEBUG [scope=wc_subscription_scheduled_event] Dedicated queue runner "woocommerce-subscriptions" could not be created. Existing claim: none. Cycle: 1/3.
2026-08-02T11:18:17+00:00 DEBUG [scope=wc_subscription_scheduled_event] Dedicated queue runner "woocommerce-subscriptions" could not be created. Existing claim: none. Cycle: 2/3.
2026-08-02T11:20:19+00:00 DEBUG [scope=wc_subscription_scheduled_event] Dedicated queue runner "woocommerce-subscriptions" created. Cycle: 3/3.
2026-08-02T11:22:19+00:00 DEBUG [scope=wc_subscription_scheduled_event] Dedicated queue runner "woocommerce-subscriptions" could not be created. Existing claim: none. Cycle: 1/3.
2026-08-02T11:22:20+00:00 DEBUG [scope=wc_subscription_scheduled_event] Dedicated queue runner "woocommerce-subscriptions" could not be created. Existing claim: none. Cycle: 2/3.
2026-08-02T11:24:20+00:00 DEBUG [scope=wc_subscription_scheduled_event] Dedicated queue runner "woocommerce-subscriptions" created. Cycle: 3/3.
2026-08-02T11:26:21+00:00 DEBUG [scope=wc_subscription_scheduled_event] Dedicated queue runner "woocommerce-subscriptions" could not be created. Existing claim: none. Cycle: 1/3.
2026-08-02T11:28:22+00:00 DEBUG [scope=wc_subscription_scheduled_event] Dedicated queue runner "woocommerce-subscriptions" could not be created. Existing claim: none. Cycle: 2/3.
2026-08-02T11:30:23+00:00 DEBUG [scope=wc_subscription_scheduled_event] Dedicated queue runner "woocommerce-subscriptions" created. Cycle: 3/3.
2026-08-02T11:32:24+00:00 DEBUG [scope=wc_subscription_scheduled_event] Dedicated queue runner "woocommerce-subscriptions" could not be created. Existing claim: none. Cycle: 1/3.
2026-08-02T11:34:25+00:00 DEBUG [scope=wc_subscription_scheduled_event] Dedicated queue runner "woocommerce-subscriptions" could not be created. Existing claim: none. Cycle: 2/3.
2026-08-02T11:36:26+00:00 DEBUG [scope=wc_subscription_scheduled_event] Dedicated queue runner "woocommerce-subscriptions" created. Cycle: 3/3.
2026-08-02T11:38:07+00:00 DEBUG [scope=wc_subscription_scheduled_event] Dedicated queue runner "woocommerce-subscriptions" not applied: none of its groups exist yet.
2026-08-02T11:38:28+00:00 DEBUG [scope=wc_subscription_scheduled_event] Dedicated queue runner "woocommerce-subscriptions" could not be created. Existing claim: none. Cycle: 1/3.
2026-08-02T11:40:28+00:00 DEBUG [scope=wc_subscription_scheduled_event] Dedicated queue runner "woocommerce-subscriptions" could not be created. Existing claim: none. Cycle: 2/3.
2026-08-02T11:40:30+00:00 DEBUG [scope=wc_subscription_scheduled_event] Dedicated queue runner "woocommerce-subscriptions" created. Cycle: 3/3.
2026-08-02T11:42:29+00:00 DEBUG [scope=wc_subscription_scheduled_event] Dedicated queue runner "woocommerce-subscriptions" could not be created. Existing claim: none. Cycle: 1/3.
2026-08-02T11:42:35+00:00 DEBUG [scope=wc_subscription_scheduled_event] Dedicated queue runner "woocommerce-subscriptions" could not be created. Existing claim: none. Cycle: 2/3.
2026-08-02T11:44:30+00:00 DEBUG [scope=wc_subscription_scheduled_event] Dedicated queue runner "woocommerce-subscriptions" created. Cycle: 3/3.
2026-08-02T11:46:33+00:00 DEBUG [scope=wc_subscription_scheduled_event] Dedicated queue runner "woocommerce-subscriptions" could not be created. Existing claim: none. Cycle: 1/3.
2026-08-02T11:48:32+00:00 DEBUG [scope=wc_subscription_scheduled_event] Dedicated queue runner "woocommerce-subscriptions" could not be created. Existing claim: none. Cycle: 2/3.
2026-08-02T11:49:39+00:00 DEBUG [scope=wc_subscription_scheduled_event] Dedicated queue runner "woocommerce-subscriptions" created. Cycle: 3/3.
2026-08-02T11:52:34+00:00 DEBUG [scope=wc_subscription_scheduled_event] Dedicated queue runner "woocommerce-subscriptions" could not be created. Existing claim: none. Cycle: 1/3.
2026-08-02T11:54:36+00:00 DEBUG [scope=wc_subscription_scheduled_event] Dedicated queue runner "woocommerce-subscriptions" could not be created. Existing claim: none. Cycle: 2/3.
2026-08-02T11:56:36+00:00 DEBUG [scope=wc_subscription_scheduled_event] Dedicated queue runner "woocommerce-subscriptions" created. Cycle: 3/3.
2026-08-02T11:56:37+00:00 DEBUG [scope=wc_subscription_scheduled_event] Dedicated queue runner "woocommerce-subscriptions" could not be created. Existing claim: none. Cycle: 1/3.
2026-08-02T11:58:14+00:00 DEBUG [scope=wc_subscription_scheduled_event] Dedicated queue runner "woocommerce-subscriptions" could not be created. Existing claim: none. Cycle: 2/3.
2026-08-02T11:59:14+00:00 DEBUG [scope=wc_subscription_scheduled_event] Dedicated queue runner "woocommerce-subscriptions" created. Cycle: 3/3.
2026-08-02T12:01:20+00:00 DEBUG [scope=wc_subscription_scheduled_event] Dedicated queue runner "woocommerce-subscriptions" could not be created. Existing claim: none. Cycle: 1/3.
2026-08-02T12:01:35+00:00 DEBUG [scope=wc_subscription_scheduled_event] Dedicated queue runner "woocommerce-subscriptions" could not be created. Existing claim: none. Cycle: 2/3.
2026-08-02T12:02:41+00:00 DEBUG [scope=wc_subscription_scheduled_event] Dedicated queue runner "woocommerce-subscriptions" created. Cycle: 3/3.
2026-08-02T12:02:59+00:00 DEBUG [scope=wc_subscription_scheduled_event] Dedicated queue runner "woocommerce-subscriptions" could not be created. Existing claim: none. Cycle: 1/3.
2026-08-02T12:03:35+00:00 DEBUG [scope=wc_subscription_scheduled_event] Dedicated queue runner "woocommerce-subscriptions" could not be created. Existing claim: none. Cycle: 2/3.
2026-08-02T12:05:17+00:00 DEBUG [scope=wc_subscription_scheduled_event] Dedicated queue runner "woocommerce-subscriptions" created. Cycle: 3/3.
2026-08-02T12:06:58+00:00 DEBUG [scope=wc_subscription_scheduled_event] Dedicated queue runner "woocommerce-subscriptions" could not be created. Existing claim: none. Cycle: 1/3.
2026-08-02T12:09:06+00:00 DEBUG [scope=wc_subscription_scheduled_event] Dedicated queue runner "woocommerce-subscriptions" could not be created. Existing claim: none. Cycle: 2/3.
2026-08-02T12:09:39+00:00 DEBUG [scope=wc_subscription_scheduled_event] Dedicated queue runner "woocommerce-subscriptions" created. Cycle: 3/3.
2026-08-02T12:10:45+00:00 DEBUG [scope=wc_subscription_scheduled_event] Dedicated queue runner "woocommerce-subscriptions" could not be created. Existing claim: none. Cycle: 1/3.
2026-08-02T12:12:07+00:00 DEBUG [scope=wc_subscription_scheduled_event] Dedicated queue runner "woocommerce-subscriptions" could not be created. Existing claim: none. Cycle: 2/3.
2026-08-02T12:12:46+00:00 DEBUG [scope=wc_subscription_scheduled_event] Dedicated queue runner "woocommerce-subscriptions" created. Cycle: 3/3.
2026-08-02T12:13:34+00:00 DEBUG [scope=wc_subscription_scheduled_event] Dedicated queue runner "woocommerce-subscriptions" could not be created. Existing claim: none. Cycle: 1/3.
2026-08-02T12:14:35+00:00 DEBUG [scope=wc_subscription_scheduled_event] Dedicated queue runner "woocommerce-subscriptions" could not be created. Existing claim: none. Cycle: 2/3.
2026-08-02T12:16:36+00:00 DEBUG [scope=wc_subscription_scheduled_event] Dedicated queue runner "woocommerce-subscriptions" created. Cycle: 3/3.
2026-08-02T12:18:37+00:00 DEBUG [scope=wc_subscription_scheduled_event] Dedicated queue runner "woocommerce-subscriptions" could not be created. Existing claim: none. Cycle: 1/3.
2026-08-02T12:19:50+00:00 DEBUG [scope=wc_subscription_scheduled_event] Dedicated queue runner "woocommerce-subscriptions" could not be created. Existing claim: none. Cycle: 2/3.
2026-08-02T12:20:38+00:00 DEBUG [scope=wc_subscription_scheduled_event] Dedicated queue runner "woocommerce-subscriptions" created. Cycle: 3/3.
2026-08-02T12:22:39+00:00 DEBUG [scope=wc_subscription_scheduled_event] Dedicated queue runner "woocommerce-subscriptions" could not be created. Existing claim: none. Cycle: 1/3.
2026-08-02T12:24:41+00:00 DEBUG [scope=wc_subscription_scheduled_event] Dedicated queue runner "woocommerce-subscriptions" could not be created. Existing claim: none. Cycle: 2/3.
2026-08-02T12:27:09+00:00 DEBUG [scope=wc_subscription_scheduled_event] Dedicated queue runner "woocommerce-subscriptions" created. Cycle: 3/3.
2026-08-02T12:29:10+00:00 DEBUG [scope=wc_subscription_scheduled_event] Dedicated queue runner "woocommerce-subscriptions" could not be created. Existing claim: none. Cycle: 1/3.
2026-08-02T12:31:33+00:00 DEBUG [scope=wc_subscription_scheduled_event] Dedicated queue runner "woocommerce-subscriptions" could not be created. Existing claim: none. Cycle: 2/3.
2026-08-02T12:31:36+00:00 DEBUG [scope=wc_subscription_scheduled_event] Dedicated queue runner "woocommerce-subscriptions" created. Cycle: 3/3.
2026-08-02T12:32:37+00:00 DEBUG [scope=wc_subscription_scheduled_event] Dedicated queue runner "woocommerce-subscriptions" could not be created. Existing claim: none. Cycle: 1/3.
2026-08-02T12:34:17+00:00 DEBUG [scope=wc_subscription_scheduled_event] Dedicated queue runner "woocommerce-subscriptions" could not be created. Existing claim: none. Cycle: 2/3.
2026-08-02T12:34:38+00:00 DEBUG [scope=wc_subscription_scheduled_event] Dedicated queue runner "woocommerce-subscriptions" created. Cycle: 3/3.
2026-08-02T12:36:08+00:00 DEBUG [scope=wc_subscription_scheduled_event] Dedicated queue runner "woocommerce-subscriptions" could not be created. Existing claim: none. Cycle: 1/3.
2026-08-02T12:36:46+00:00 DEBUG [scope=wc_subscription_scheduled_event] Dedicated queue runner "woocommerce-subscriptions" could not be created. Existing claim: none. Cycle: 2/3.
2026-08-02T12:38:31+00:00 DEBUG [scope=wc_subscription_scheduled_event] Dedicated queue runner "woocommerce-subscriptions" created. Cycle: 3/3.
2026-08-02T12:39:14+00:00 DEBUG [scope=wc_subscription_scheduled_event] Dedicated queue runner "woocommerce-subscriptions" could not be created. Existing claim: none. Cycle: 1/3.
2026-08-02T12:39:46+00:00 DEBUG [scope=wc_subscription_scheduled_event] Dedicated queue runner "woocommerce-subscriptions" could not be created. Existing claim: none. Cycle: 2/3.
2026-08-02T12:41:15+00:00 DEBUG [scope=wc_subscription_scheduled_event] Dedicated queue runner "woocommerce-subscriptions" created. Cycle: 3/3.
2026-08-02T12:42:33+00:00 DEBUG [scope=wc_subscription_scheduled_event] Dedicated queue runner "woocommerce-subscriptions" could not be created. Existing claim: none. Cycle: 1/3.
2026-08-02T12:43:16+00:00 DEBUG [scope=wc_subscription_scheduled_event] Dedicated queue runner "woocommerce-subscriptions" could not be created. Existing claim: none. Cycle: 2/3.
2026-08-02T12:44:24+00:00 DEBUG [scope=wc_subscription_scheduled_event] Dedicated queue runner "woocommerce-subscriptions" created. Cycle: 3/3.
2026-08-02T12:45:17+00:00 DEBUG [scope=wc_subscription_scheduled_event] Dedicated queue runner "woocommerce-subscriptions" could not be created. Existing claim: none. Cycle: 1/3.
2026-08-02T12:46:24+00:00 DEBUG [scope=wc_subscription_scheduled_event] Dedicated queue runner "woocommerce-subscriptions" could not be created. Existing claim: none. Cycle: 2/3.
2026-08-02T12:47:21+00:00 DEBUG [scope=wc_subscription_scheduled_event] Dedicated queue runner "woocommerce-subscriptions" created. Cycle: 3/3.
2026-08-02T12:49:19+00:00 DEBUG [scope=wc_subscription_scheduled_event] Dedicated queue runner "woocommerce-subscriptions" could not be created. Existing claim: none. Cycle: 1/3.
2026-08-02T12:51:21+00:00 DEBUG [scope=wc_subscription_scheduled_event] Dedicated queue runner "woocommerce-subscriptions" could not be created. Existing claim: none. Cycle: 2/3.
2026-08-02T12:53:21+00:00 DEBUG [scope=wc_subscription_scheduled_event] Dedicated queue runner "woocommerce-subscriptions" created. Cycle: 3/3.
2026-08-02T12:55:23+00:00 DEBUG [scope=wc_subscription_scheduled_event] Dedicated queue runner "woocommerce-subscriptions" could not be created. Existing claim: none. Cycle: 1/3.
2026-08-02T12:57:23+00:00 DEBUG [scope=wc_subscription_scheduled_event] Dedicated queue runner "woocommerce-subscriptions" could not be created. Existing claim: none. Cycle: 2/3.
2026-08-02T12:59:24+00:00 DEBUG [scope=wc_subscription_scheduled_event] Dedicated queue runner "woocommerce-subscriptions" created. Cycle: 3/3.
2026-08-02T12:59:47+00:00 DEBUG [scope=wc_subscription_scheduled_event] Dedicated queue runner "woocommerce-subscriptions" could not be created. Existing claim: none. Cycle: 1/3.
2026-08-02T13:01:25+00:00 DEBUG [scope=wc_subscription_scheduled_event] Dedicated queue runner "woocommerce-subscriptions" could not be created. Existing claim: none. Cycle: 2/3.
2026-08-02T13:03:26+00:00 DEBUG [scope=wc_subscription_scheduled_event] Dedicated queue runner "woocommerce-subscriptions" created. Cycle: 3/3.
2026-08-02T13:03:27+00:00 DEBUG [scope=wc_subscription_scheduled_event] Dedicated queue runner "woocommerce-subscriptions" could not be created. Existing claim: none. Cycle: 1/3.
2026-08-02T13:05:27+00:00 DEBUG [scope=wc_subscription_scheduled_event] Dedicated queue runner "woocommerce-subscriptions" could not be created. Existing claim: none. Cycle: 2/3.
2026-08-02T13:07:28+00:00 DEBUG [scope=wc_subscription_scheduled_event] Dedicated queue runner "woocommerce-subscriptions" created. Cycle: 3/3.
2026-08-02T13:09:07+00:00 DEBUG [scope=wc_subscription_scheduled_event] Dedicated queue runner "woocommerce-subscriptions" could not be created. Existing claim: none. Cycle: 1/3.
2026-08-02T13:10:07+00:00 DEBUG [scope=wc_subscription_scheduled_event] Dedicated queue runner "woocommerce-subscriptions" could not be created. Existing claim: none. Cycle: 2/3.
2026-08-02T13:11:11+00:00 DEBUG [scope=wc_subscription_scheduled_event] Dedicated queue runner "woocommerce-subscriptions" created. Cycle: 3/3.
2026-08-02T13:12:08+00:00 DEBUG [scope=wc_subscription_scheduled_event] Dedicated queue runner "woocommerce-subscriptions" could not be created. Existing claim: none. Cycle: 1/3.
2026-08-02T13:13:08+00:00 DEBUG [scope=wc_subscription_scheduled_event] Dedicated queue runner "woocommerce-subscriptions" could not be created. Existing claim: none. Cycle: 2/3.
2026-08-02T13:14:08+00:00 DEBUG [scope=wc_subscription_scheduled_event] Dedicated queue runner "woocommerce-subscriptions" created. Cycle: 3/3.
2026-08-02T13:15:08+00:00 DEBUG [scope=wc_subscription_scheduled_event] Dedicated queue runner "woocommerce-subscriptions" could not be created. Existing claim: none. Cycle: 1/3.
2026-08-02T13:16:09+00:00 DEBUG [scope=wc_subscription_scheduled_event] Dedicated queue runner "woocommerce-subscriptions" could not be created. Existing claim: none. Cycle: 2/3.
2026-08-02T13:17:08+00:00 DEBUG [scope=wc_subscription_scheduled_event] Dedicated queue runner "woocommerce-subscriptions" created. Cycle: 3/3.
2026-08-02T13:18:08+00:00 DEBUG [scope=wc_subscription_scheduled_event] Dedicated queue runner "woocommerce-subscriptions" could not be created. Existing claim: none. Cycle: 1/3.
2026-08-02T13:19:08+00:00 DEBUG [scope=wc_subscription_scheduled_event] Dedicated queue runner "woocommerce-subscriptions" could not be created. Existing claim: none. Cycle: 2/3.
2026-08-02T13:20:32+00:00 DEBUG [scope=wc_subscription_scheduled_event] Dedicated queue runner "woocommerce-subscriptions" created. Cycle: 3/3.
2026-08-02T13:21:32+00:00 DEBUG [scope=wc_subscription_scheduled_event] Dedicated queue runner "woocommerce-subscriptions" could not be created. Existing claim: none. Cycle: 1/3.
2026-08-02T13:21:35+00:00 DEBUG [scope=wc_subscription_scheduled_event] Dedicated queue runner "woocommerce-subscriptions" could not be created. Existing claim: none. Cycle: 2/3.
2026-08-02T13:23:33+00:00 DEBUG [scope=wc_subscription_scheduled_event] Dedicated queue runner "woocommerce-subscriptions" created. Cycle: 3/3.
2026-08-02T13:23:36+00:00 DEBUG [scope=wc_subscription_scheduled_event] Dedicated queue runner "woocommerce-subscriptions" could not be created. Existing claim: none. Cycle: 1/3.
2026-08-02T13:25:34+00:00 DEBUG [scope=wc_subscription_scheduled_event] Dedicated queue runner "woocommerce-subscriptions" could not be created. Existing claim: none. Cycle: 2/3.
2026-08-02T13:27:35+00:00 DEBUG [scope=wc_subscription_scheduled_event] Dedicated queue runner "woocommerce-subscriptions" created. Cycle: 3/3.
2026-08-02T13:28:35+00:00 DEBUG [scope=wc_subscription_scheduled_event] Dedicated queue runner "woocommerce-subscriptions" could not be created. Existing claim: none. Cycle: 1/3.
2026-08-02T13:29:36+00:00 DEBUG [scope=wc_subscription_scheduled_event] Dedicated queue runner "woocommerce-subscriptions" could not be created. Existing claim: none. Cycle: 2/3.
2026-08-02T13:30:37+00:00 DEBUG [scope=wc_subscription_scheduled_event] Dedicated queue runner "woocommerce-subscriptions" created. Cycle: 3/3.
2026-08-02T13:31:40+00:00 DEBUG [scope=wc_subscription_scheduled_event] Dedicated queue runner "woocommerce-subscriptions" could not be created. Existing claim: none. Cycle: 1/3.
2026-08-02T13:32:38+00:00 DEBUG [scope=wc_subscription_scheduled_event] Dedicated queue runner "woocommerce-subscriptions" could not be created. Existing claim: none. Cycle: 2/3.
2026-08-02T13:33:42+00:00 DEBUG [scope=wc_subscription_scheduled_event] Dedicated queue runner "woocommerce-subscriptions" created. Cycle: 3/3.
2026-08-02T13:34:39+00:00 DEBUG [scope=wc_subscription_scheduled_event] Dedicated queue runner "woocommerce-subscriptions" could not be created. Existing claim: none. Cycle: 1/3.
2026-08-02T13:35:42+00:00 DEBUG [scope=wc_subscription_scheduled_event] Dedicated queue runner "woocommerce-subscriptions" could not be created. Existing claim: none. Cycle: 2/3.
2026-08-02T13:36:40+00:00 DEBUG [scope=wc_subscription_scheduled_event] Dedicated queue runner "woocommerce-subscriptions" created. Cycle: 3/3.
2026-08-02T13:37:43+00:00 DEBUG [scope=wc_subscription_scheduled_event] Dedicated queue runner "woocommerce-subscriptions" could not be created. Existing claim: none. Cycle: 1/3.
2026-08-02T13:38:41+00:00 DEBUG [scope=wc_subscription_scheduled_event] Dedicated queue runner "woocommerce-subscriptions" could not be created. Existing claim: none. Cycle: 2/3.
2026-08-02T13:39:44+00:00 DEBUG [scope=wc_subscription_scheduled_event] Dedicated queue runner "woocommerce-subscriptions" created. Cycle: 3/3.
2026-08-02T13:40:42+00:00 DEBUG [scope=wc_subscription_scheduled_event] Dedicated queue runner "woocommerce-subscriptions" could not be created. Existing claim: none. Cycle: 1/3.
2026-08-02T13:41:45+00:00 DEBUG [scope=wc_subscription_scheduled_event] Dedicated queue runner "woocommerce-subscriptions" could not be created. Existing claim: none. Cycle: 2/3.
2026-08-02T13:43:46+00:00 DEBUG [scope=wc_subscription_scheduled_event] Dedicated queue runner "woocommerce-subscriptions" created. Cycle: 3/3.
2026-08-02T13:45:47+00:00 DEBUG [scope=wc_subscription_scheduled_event] Dedicated queue runner "woocommerce-subscriptions" could not be created. Existing claim: none. Cycle: 1/3.
2026-08-02T13:46:50+00:00 DEBUG [scope=wc_subscription_scheduled_event] Dedicated queue runner "woocommerce-subscriptions" could not be created. Existing claim: none. Cycle: 2/3.
2026-08-02T13:47:50+00:00 DEBUG [scope=wc_subscription_scheduled_event] Dedicated queue runner "woocommerce-subscriptions" created. Cycle: 3/3.
2026-08-02T13:48:50+00:00 DEBUG [scope=wc_subscription_scheduled_event] Dedicated queue runner "woocommerce-subscriptions" could not be created. Existing claim: none. Cycle: 1/3.
2026-08-02T13:49:49+00:00 DEBUG [scope=wc_subscription_scheduled_event] Dedicated queue runner "woocommerce-subscriptions" could not be created. Existing claim: none. Cycle: 2/3.
2026-08-02T13:50:49+00:00 DEBUG [scope=wc_subscription_scheduled_event] Dedicated queue runner "woocommerce-subscriptions" created. Cycle: 3/3.
2026-08-02T13:51:49+00:00 DEBUG [scope=wc_subscription_scheduled_event] Dedicated queue runner "woocommerce-subscriptions" could not be created. Existing claim: none. Cycle: 1/3.
2026-08-02T13:52:49+00:00 DEBUG [scope=wc_subscription_scheduled_event] Dedicated queue runner "woocommerce-subscriptions" could not be created. Existing claim: none. Cycle: 2/3.
2026-08-02T13:53:49+00:00 DEBUG [scope=wc_subscription_scheduled_event] Dedicated queue runner "woocommerce-subscriptions" created. Cycle: 3/3.
2026-08-02T13:54:49+00:00 DEBUG [scope=wc_subscription_scheduled_event] Dedicated queue runner "woocommerce-subscriptions" could not be created. Existing claim: none. Cycle: 1/3.
2026-08-02T13:55:49+00:00 DEBUG [scope=wc_subscription_scheduled_event] Dedicated queue runner "woocommerce-subscriptions" could not be created. Existing claim: none. Cycle: 2/3.
2026-08-02T13:56:50+00:00 DEBUG [scope=wc_subscription_scheduled_event] Dedicated queue runner "woocommerce-subscriptions" created. Cycle: 3/3.
2026-08-02T13:57:53+00:00 DEBUG [scope=wc_subscription_scheduled_event] Dedicated queue runner "woocommerce-subscriptions" could not be created. Existing claim: none. Cycle: 1/3.
2026-08-02T13:58:51+00:00 DEBUG [scope=wc_subscription_scheduled_event] Dedicated queue runner "woocommerce-subscriptions" could not be created. Existing claim: none. Cycle: 2/3.
2026-08-02T13:59:54+00:00 DEBUG [scope=wc_subscription_scheduled_event] Dedicated queue runner "woocommerce-subscriptions" created. Cycle: 3/3.
2026-08-02T14:00:53+00:00 DEBUG [scope=wc_subscription_scheduled_event] Dedicated queue runner "woocommerce-subscriptions" could not be created. Existing claim: none. Cycle: 1/3.
2026-08-02T14:01:55+00:00 DEBUG [scope=wc_subscription_scheduled_event] Dedicated queue runner "woocommerce-subscriptions" could not be created. Existing claim: none. Cycle: 2/3.
2026-08-02T14:02:46+00:00 DEBUG [scope=wc_subscription_scheduled_event] Dedicated queue runner "woocommerce-subscriptions" created. Cycle: 3/3.
2026-08-02T14:03:46+00:00 DEBUG [scope=wc_subscription_scheduled_event] Dedicated queue runner "woocommerce-subscriptions" could not be created. Existing claim: none. Cycle: 1/3.
2026-08-02T14:03:47+00:00 DEBUG [scope=wc_subscription_scheduled_event] Dedicated queue runner "woocommerce-subscriptions" could not be created. Existing claim: none. Cycle: 2/3.
2026-08-02T14:05:36+00:00 DEBUG [scope=wc_subscription_scheduled_event] Dedicated queue runner "woocommerce-subscriptions" not applied: none of its groups exist yet.
2026-08-02T14:05:47+00:00 DEBUG [scope=wc_subscription_scheduled_event] Dedicated queue runner "woocommerce-subscriptions" created. Cycle: 3/3.
2026-08-02T14:07:48+00:00 DEBUG [scope=wc_subscription_scheduled_event] Dedicated queue runner "woocommerce-subscriptions" could not be created. Existing claim: none. Cycle: 1/3.
2026-08-02T14:09:49+00:00 DEBUG [scope=wc_subscription_scheduled_event] Dedicated queue runner "woocommerce-subscriptions" could not be created. Existing claim: none. Cycle: 2/3.
2026-08-02T14:11:50+00:00 DEBUG [scope=wc_subscription_scheduled_event] Dedicated queue runner "woocommerce-subscriptions" created. Cycle: 3/3.
2026-08-02T14:14:01+00:00 DEBUG [scope=wc_subscription_scheduled_event] Dedicated queue runner "woocommerce-subscriptions" could not be created. Existing claim: none. Cycle: 1/3.
2026-08-02T14:16:02+00:00 DEBUG [scope=wc_subscription_scheduled_event] Dedicated queue runner "woocommerce-subscriptions" could not be created. Existing claim: none. Cycle: 2/3.
2026-08-02T14:18:03+00:00 DEBUG [scope=wc_subscription_scheduled_event] Dedicated queue runner "woocommerce-subscriptions" created. Cycle: 3/3.
2026-08-02T14:19:22+00:00 DEBUG [scope=wc_subscription_scheduled_event] Dedicated queue runner "woocommerce-subscriptions" could not be created. Existing claim: none. Cycle: 1/3.
2026-08-02T14:20:05+00:00 DEBUG [scope=wc_subscription_scheduled_event] Dedicated queue runner "woocommerce-subscriptions" could not be created. Existing claim: none. Cycle: 2/3.
2026-08-02T14:21:22+00:00 DEBUG [scope=wc_subscription_scheduled_event] Dedicated queue runner "woocommerce-subscriptions" created. Cycle: 3/3.
2026-08-02T14:22:05+00:00 DEBUG [scope=wc_subscription_scheduled_event] Dedicated queue runner "woocommerce-subscriptions" could not be created. Existing claim: none. Cycle: 1/3.
2026-08-02T14:23:23+00:00 DEBUG [scope=wc_subscription_scheduled_event] Dedicated queue runner "woocommerce-subscriptions" could not be created. Existing claim: none. Cycle: 2/3.
2026-08-02T14:24:06+00:00 DEBUG [scope=wc_subscription_scheduled_event] Dedicated queue runner "woocommerce-subscriptions" created. Cycle: 3/3.
2026-08-02T14:25:25+00:00 DEBUG [scope=wc_subscription_scheduled_event] Dedicated queue runner "woocommerce-subscriptions" could not be created. Existing claim: none. Cycle: 1/3.
2026-08-02T14:25:50+00:00 DEBUG [scope=wc_subscription_scheduled_event] Dedicated queue runner "woocommerce-subscriptions" could not be created. Existing claim: none. Cycle: 2/3.
2026-08-02T14:26:50+00:00 DEBUG [scope=wc_subscription_scheduled_event] Dedicated queue runner "woocommerce-subscriptions" created. Cycle: 3/3.
2026-08-02T14:28:08+00:00 DEBUG [scope=wc_subscription_scheduled_event] Dedicated queue runner "woocommerce-subscriptions" could not be created. Existing claim: none. Cycle: 1/3.
2026-08-02T14:28:51+00:00 DEBUG [scope=wc_subscription_scheduled_event] Dedicated queue runner "woocommerce-subscriptions" could not be created. Existing claim: none. Cycle: 2/3.
2026-08-02T14:30:09+00:00 DEBUG [scope=wc_subscription_scheduled_event] Dedicated queue runner "woocommerce-subscriptions" created. Cycle: 3/3.
2026-08-02T14:30:52+00:00 DEBUG [scope=wc_subscription_scheduled_event] Dedicated queue runner "woocommerce-subscriptions" could not be created. Existing claim: none. Cycle: 1/3.
2026-08-02T14:32:10+00:00 DEBUG [scope=wc_subscription_scheduled_event] Dedicated queue runner "woocommerce-subscriptions" could not be created. Existing claim: none. Cycle: 2/3.
2026-08-02T14:32:53+00:00 DEBUG [scope=wc_subscription_scheduled_event] Dedicated queue runner "woocommerce-subscriptions" created. Cycle: 3/3.
2026-08-02T14:34:01+00:00 DEBUG [scope=wc_subscription_scheduled_event] Dedicated queue runner "woocommerce-subscriptions" could not be created. Existing claim: none. Cycle: 1/3.
2026-08-02T14:34:54+00:00 DEBUG [scope=wc_subscription_scheduled_event] Dedicated queue runner "woocommerce-subscriptions" could not be created. Existing claim: none. Cycle: 2/3.
2026-08-02T14:36:12+00:00 DEBUG [scope=wc_subscription_scheduled_event] Dedicated queue runner "woocommerce-subscriptions" created. Cycle: 3/3.
2026-08-02T14:36:59+00:00 DEBUG [scope=wc_subscription_scheduled_event] Dedicated queue runner "woocommerce-subscriptions" could not be created. Existing claim: none. Cycle: 1/3.
2026-08-02T14:37:47+00:00 DEBUG [scope=wc_subscription_scheduled_event] Dedicated queue runner "woocommerce-subscriptions" could not be created. Existing claim: none. Cycle: 2/3.
2026-08-02T14:39:04+00:00 DEBUG [scope=wc_subscription_scheduled_event] Dedicated queue runner "woocommerce-subscriptions" created. Cycle: 3/3.
2026-08-02T14:40:05+00:00 DEBUG [scope=wc_subscription_scheduled_event] Dedicated queue runner "woocommerce-subscriptions" could not be created. Existing claim: none. Cycle: 1/3.
2026-08-02T14:41:53+00:00 DEBUG [scope=wc_subscription_scheduled_event] Dedicated queue runner "woocommerce-subscriptions" could not be created. Existing claim: none. Cycle: 2/3.
2026-08-02T14:42:56+00:00 DEBUG [scope=wc_subscription_scheduled_event] Dedicated queue runner "woocommerce-subscriptions" created. Cycle: 3/3.
2026-08-02T14:43:56+00:00 DEBUG [scope=wc_subscription_scheduled_event] Dedicated queue runner "woocommerce-subscriptions" could not be created. Existing claim: none. Cycle: 1/3.
2026-08-02T14:44:56+00:00 DEBUG [scope=wc_subscription_scheduled_event] Dedicated queue runner "woocommerce-subscriptions" could not be created. Existing claim: none. Cycle: 2/3.
2026-08-02T14:46:04+00:00 DEBUG [scope=wc_subscription_scheduled_event] Dedicated queue runner "woocommerce-subscriptions" created. Cycle: 3/3.
2026-08-02T14:46:44+00:00 DEBUG [scope=wc_subscription_scheduled_event] Dedicated queue runner "woocommerce-subscriptions" could not be created. Existing claim: none. Cycle: 1/3.
2026-08-02T14:48:12+00:00 DEBUG [scope=wc_subscription_scheduled_event] Dedicated queue runner "woocommerce-subscriptions" could not be created. Existing claim: none. Cycle: 2/3.
2026-08-02T14:48:36+00:00 DEBUG [scope=wc_subscription_scheduled_event] Dedicated queue runner "woocommerce-subscriptions" created. Cycle: 3/3.
2026-08-02T14:49:37+00:00 DEBUG [scope=wc_subscription_scheduled_event] Dedicated queue runner "woocommerce-subscriptions" could not be created. Existing claim: none. Cycle: 1/3.
2026-08-02T14:51:13+00:00 DEBUG [scope=wc_subscription_scheduled_event] Dedicated queue runner "woocommerce-subscriptions" could not be created. Existing claim: none. Cycle: 2/3.
2026-08-02T14:51:38+00:00 DEBUG [scope=wc_subscription_scheduled_event] Dedicated queue runner "woocommerce-subscriptions" created. Cycle: 3/3.
2026-08-02T14:53:14+00:00 DEBUG [scope=wc_subscription_scheduled_event] Dedicated queue runner "woocommerce-subscriptions" could not be created. Existing claim: none. Cycle: 1/3.
2026-08-02T14:53:39+00:00 DEBUG [scope=wc_subscription_scheduled_event] Dedicated queue runner "woocommerce-subscriptions" could not be created. Existing claim: none. Cycle: 2/3.
2026-08-02T14:54:58+00:00 DEBUG [scope=wc_subscription_scheduled_event] Dedicated queue runner "woocommerce-subscriptions" created. Cycle: 3/3.
2026-08-02T14:56:01+00:00 DEBUG [scope=wc_subscription_scheduled_event] Dedicated queue runner "woocommerce-subscriptions" could not be created. Existing claim: none. Cycle: 1/3.
2026-08-02T14:58:03+00:00 DEBUG [scope=wc_subscription_scheduled_event] Dedicated queue runner "woocommerce-subscriptions" could not be created. Existing claim: none. Cycle: 2/3.
2026-08-02T15:00:03+00:00 DEBUG [scope=wc_subscription_scheduled_event] Dedicated queue runner "woocommerce-subscriptions" created. Cycle: 3/3.
2026-08-02T15:02:04+00:00 DEBUG [scope=wc_subscription_scheduled_event] Dedicated queue runner "woocommerce-subscriptions" could not be created. Existing claim: none. Cycle: 1/3.
2026-08-02T15:04:05+00:00 DEBUG [scope=wc_subscription_scheduled_event] Dedicated queue runner "woocommerce-subscriptions" could not be created. Existing claim: none. Cycle: 2/3.
2026-08-02T15:04:06+00:00 DEBUG [scope=wc_subscription_scheduled_event] Dedicated queue runner "woocommerce-subscriptions" created. Cycle: 3/3.
2026-08-02T15:06:27+00:00 DEBUG [scope=wc_subscription_scheduled_event] Dedicated queue runner "woocommerce-subscriptions" could not be created. Existing claim: none. Cycle: 1/3.
2026-08-02T15:08:29+00:00 DEBUG [scope=wc_subscription_scheduled_event] Dedicated queue runner "woocommerce-subscriptions" could not be created. Existing claim: none. Cycle: 2/3.
2026-08-02T15:10:29+00:00 DEBUG [scope=wc_subscription_scheduled_event] Dedicated queue runner "woocommerce-subscriptions" created. Cycle: 3/3.
2026-08-02T15:12:30+00:00 DEBUG [scope=wc_subscription_scheduled_event] Dedicated queue runner "woocommerce-subscriptions" could not be created. Existing claim: none. Cycle: 1/3.
2026-08-02T15:14:31+00:00 DEBUG [scope=wc_subscription_scheduled_event] Dedicated queue runner "woocommerce-subscriptions" could not be created. Existing claim: none. Cycle: 2/3.
2026-08-02T15:16:32+00:00 DEBUG [scope=wc_subscription_scheduled_event] Dedicated queue runner "woocommerce-subscriptions" created. Cycle: 3/3.
2026-08-02T15:18:04+00:00 DEBUG [scope=wc_subscription_scheduled_event] Dedicated queue runner "woocommerce-subscriptions" could not be created. Existing claim: none. Cycle: 1/3.
2026-08-02T15:20:34+00:00 DEBUG [scope=wc_subscription_scheduled_event] Dedicated queue runner "woocommerce-subscriptions" could not be created. Existing claim: none. Cycle: 2/3.
2026-08-02T15:22:35+00:00 DEBUG [scope=wc_subscription_scheduled_event] Dedicated queue runner "woocommerce-subscriptions" created. Cycle: 3/3.
2026-08-02T15:24:36+00:00 DEBUG [scope=wc_subscription_scheduled_event] Dedicated queue runner "woocommerce-subscriptions" could not be created. Existing claim: none. Cycle: 1/3.
2026-08-02T15:26:37+00:00 DEBUG [scope=wc_subscription_scheduled_event] Dedicated queue runner "woocommerce-subscriptions" could not be created. Existing claim: none. Cycle: 2/3.
2026-08-02T15:28:38+00:00 DEBUG [scope=wc_subscription_scheduled_event] Dedicated queue runner "woocommerce-subscriptions" created. Cycle: 3/3.
2026-08-02T15:30:39+00:00 DEBUG [scope=wc_subscription_scheduled_event] Dedicated queue runner "woocommerce-subscriptions" could not be created. Existing claim: none. Cycle: 1/3.
2026-08-02T15:32:40+00:00 DEBUG [scope=wc_subscription_scheduled_event] Dedicated queue runner "woocommerce-subscriptions" could not be created. Existing claim: none. Cycle: 2/3.
2026-08-02T15:34:44+00:00 DEBUG [scope=wc_subscription_scheduled_event] Dedicated queue runner "woocommerce-subscriptions" created. Cycle: 3/3.
2026-08-02T15:36:42+00:00 DEBUG [scope=wc_subscription_scheduled_event] Dedicated queue runner "woocommerce-subscriptions" could not be created. Existing claim: none. Cycle: 1/3.
2026-08-02T15:38:43+00:00 DEBUG [scope=wc_subscription_scheduled_event] Dedicated queue runner "woocommerce-subscriptions" could not be created. Existing claim: none. Cycle: 2/3.
2026-08-02T15:40:44+00:00 DEBUG [scope=wc_subscription_scheduled_event] Dedicated queue runner "woocommerce-subscriptions" created. Cycle: 3/3.
2026-08-02T15:40:50+00:00 DEBUG [scope=wc_subscription_scheduled_event] Dedicated queue runner "woocommerce-subscriptions" not applied: none of its groups exist yet.
2026-08-02T15:40:51+00:00 DEBUG [scope=wc_subscription_scheduled_event] Dedicated queue runner "woocommerce-subscriptions" not applied: none of its groups exist yet.
2026-08-02T15:42:10+00:00 DEBUG [scope=wc_subscription_scheduled_event] Dedicated queue runner "woocommerce-subscriptions" could not be created. Existing claim: none. Cycle: 1/3.
2026-08-02T15:42:45+00:00 DEBUG [scope=wc_subscription_scheduled_event] Dedicated queue runner "woocommerce-subscriptions" could not be created. Existing claim: none. Cycle: 2/3.
2026-08-02T15:44:46+00:00 DEBUG [scope=wc_subscription_scheduled_event] Dedicated queue runner "woocommerce-subscriptions" created. Cycle: 3/3.
2026-08-02T15:46:47+00:00 DEBUG [scope=wc_subscription_scheduled_event] Dedicated queue runner "woocommerce-subscriptions" could not be created. Existing claim: none. Cycle: 1/3.
2026-08-02T15:48:48+00:00 DEBUG [scope=wc_subscription_scheduled_event] Dedicated queue runner "woocommerce-subscriptions" could not be created. Existing claim: none. Cycle: 2/3.
2026-08-02T15:50:49+00:00 DEBUG [scope=wc_subscription_scheduled_event] Dedicated queue runner "woocommerce-subscriptions" created. Cycle: 3/3.
2026-08-02T15:52:50+00:00 DEBUG [scope=wc_subscription_scheduled_event] Dedicated queue runner "woocommerce-subscriptions" could not be created. Existing claim: none. Cycle: 1/3.
2026-08-02T15:53:36+00:00 DEBUG [scope=wc_subscription_scheduled_event] Dedicated queue runner "woocommerce-subscriptions" not applied: none of its groups exist yet.
2026-08-02T15:54:51+00:00 DEBUG [scope=wc_subscription_scheduled_event] Dedicated queue runner "woocommerce-subscriptions" could not be created. Existing claim: none. Cycle: 2/3.
2026-08-02T15:56:53+00:00 DEBUG [scope=wc_subscription_scheduled_event] Dedicated queue runner "woocommerce-subscriptions" created. Cycle: 3/3.
2026-08-02T15:58:53+00:00 DEBUG [scope=wc_subscription_scheduled_event] Dedicated queue runner "woocommerce-subscriptions" could not be created. Existing claim: none. Cycle: 1/3.
2026-08-02T16:00:12+00:00 DEBUG [scope=wc_subscription_scheduled_event] Dedicated queue runner "woocommerce-subscriptions" could not be created. Existing claim: none. Cycle: 2/3.
2026-08-02T16:00:13+00:00 DEBUG [scope=wc_subscription_scheduled_event] Dedicated queue runner "woocommerce-subscriptions" created. Cycle: 3/3.
2026-08-02T16:00:54+00:00 DEBUG [scope=wc_subscription_scheduled_event] Dedicated queue runner "woocommerce-subscriptions" could not be created. Existing claim: none. Cycle: 1/3.
2026-08-02T16:02:13+00:00 DEBUG [scope=wc_subscription_scheduled_event] Dedicated queue runner "woocommerce-subscriptions" could not be created. Existing claim: none. Cycle: 2/3.
2026-08-02T16:02:14+00:00 DEBUG [scope=wc_subscription_scheduled_event] Dedicated queue runner "woocommerce-subscriptions" created. Cycle: 3/3.
2026-08-02T16:02:55+00:00 DEBUG [scope=wc_subscription_scheduled_event] Dedicated queue runner "woocommerce-subscriptions" could not be created. Existing claim: none. Cycle: 1/3.
2026-08-02T16:04:14+00:00 DEBUG [scope=wc_subscription_scheduled_event] Dedicated queue runner "woocommerce-subscriptions" could not be created. Existing claim: none. Cycle: 2/3.
2026-08-02T16:04:15+00:00 DEBUG [scope=wc_subscription_scheduled_event] Dedicated queue runner "woocommerce-subscriptions" created. Cycle: 3/3.
2026-08-02T16:04:56+00:00 DEBUG [scope=wc_subscription_scheduled_event] Dedicated queue runner "woocommerce-subscriptions" could not be created. Existing claim: none. Cycle: 1/3.
2026-08-02T16:06:15+00:00 DEBUG [scope=wc_subscription_scheduled_event] Dedicated queue runner "woocommerce-subscriptions" could not be created. Existing claim: none. Cycle: 2/3.
2026-08-02T16:06:17+00:00 DEBUG [scope=wc_subscription_scheduled_event] Dedicated queue runner "woocommerce-subscriptions" created. Cycle: 3/3.
2026-08-02T16:06:46+00:00 DEBUG [scope=wc_subscription_scheduled_event] Dedicated queue runner "woocommerce-subscriptions" not applied: none of its groups exist yet.
2026-08-02T16:06:57+00:00 DEBUG [scope=wc_subscription_scheduled_event] Dedicated queue runner "woocommerce-subscriptions" could not be created. Existing claim: none. Cycle: 1/3.
2026-08-02T16:08:16+00:00 DEBUG [scope=wc_subscription_scheduled_event] Dedicated queue runner "woocommerce-subscriptions" could not be created. Existing claim: none. Cycle: 2/3.
2026-08-02T16:08:58+00:00 DEBUG [scope=wc_subscription_scheduled_event] Dedicated queue runner "woocommerce-subscriptions" created. Cycle: 3/3.
2026-08-02T16:10:59+00:00 DEBUG [scope=wc_subscription_scheduled_event] Dedicated queue runner "woocommerce-subscriptions" could not be created. Existing claim: none. Cycle: 1/3.
2026-08-02T16:11:00+00:00 DEBUG [scope=wc_subscription_scheduled_event] Dedicated queue runner "woocommerce-subscriptions" could not be created. Existing claim: none. Cycle: 2/3.
2026-08-02T16:13:00+00:00 DEBUG [scope=wc_subscription_scheduled_event] Dedicated queue runner "woocommerce-subscriptions" created. Cycle: 3/3.
2026-08-02T16:15:01+00:00 DEBUG [scope=wc_subscription_scheduled_event] Dedicated queue runner "woocommerce-subscriptions" could not be created. Existing claim: none. Cycle: 1/3.
2026-08-02T16:15:48+00:00 DEBUG [scope=wc_subscription_scheduled_event] Dedicated queue runner "woocommerce-subscriptions" could not be created. Existing claim: none. Cycle: 2/3.
2026-08-02T16:16:49+00:00 DEBUG [scope=wc_subscription_scheduled_event] Dedicated queue runner "woocommerce-subscriptions" created. Cycle: 3/3.
2026-08-02T16:18:45+00:00 DEBUG [scope=wc_subscription_scheduled_event] Dedicated queue runner "woocommerce-subscriptions" could not be created. Existing claim: none. Cycle: 1/3.
2026-08-02T16:18:53+00:00 DEBUG [scope=wc_subscription_scheduled_event] Dedicated queue runner "woocommerce-subscriptions" not applied: none of its groups exist yet.
2026-08-02T16:20:51+00:00 DEBUG [scope=wc_subscription_scheduled_event] Dedicated queue runner "woocommerce-subscriptions" could not be created. Existing claim: none. Cycle: 2/3.
2026-08-02T16:20:52+00:00 DEBUG [scope=wc_subscription_scheduled_event] Dedicated queue runner "woocommerce-subscriptions" created. Cycle: 3/3.
2026-08-02T16:22:52+00:00 DEBUG [scope=wc_subscription_scheduled_event] Dedicated queue runner "woocommerce-subscriptions" could not be created. Existing claim: none. Cycle: 1/3.
2026-08-02T16:24:53+00:00 DEBUG [scope=wc_subscription_scheduled_event] Dedicated queue runner "woocommerce-subscriptions" could not be created. Existing claim: none. Cycle: 2/3.
2026-08-02T16:27:08+00:00 DEBUG [scope=wc_subscription_scheduled_event] Dedicated queue runner "woocommerce-subscriptions" created. Cycle: 3/3.
2026-08-02T16:29:09+00:00 DEBUG [scope=wc_subscription_scheduled_event] Dedicated queue runner "woocommerce-subscriptions" could not be created. Existing claim: none. Cycle: 1/3.
2026-08-02T16:29:38+00:00 DEBUG [scope=wc_subscription_scheduled_event] Dedicated queue runner "woocommerce-subscriptions" could not be created. Existing claim: none. Cycle: 2/3.
2026-08-02T16:30:41+00:00 DEBUG [scope=wc_subscription_scheduled_event] Dedicated queue runner "woocommerce-subscriptions" created. Cycle: 3/3.
2026-08-02T16:32:11+00:00 DEBUG [scope=wc_subscription_scheduled_event] Dedicated queue runner "woocommerce-subscriptions" could not be created. Existing claim: none. Cycle: 1/3.
2026-08-02T16:32:47+00:00 DEBUG [scope=wc_subscription_scheduled_event] Dedicated queue runner "woocommerce-subscriptions" could not be created. Existing claim: none. Cycle: 2/3.
2026-08-02T16:33:42+00:00 DEBUG [scope=wc_subscription_scheduled_event] Dedicated queue runner "woocommerce-subscriptions" created. Cycle: 3/3.
2026-08-02T16:34:36+00:00 DEBUG [scope=wc_subscription_scheduled_event] Dedicated queue runner "woocommerce-subscriptions" could not be created. Existing claim: none. Cycle: 1/3.
2026-08-02T16:36:08+00:00 DEBUG [scope=wc_subscription_scheduled_event] Dedicated queue runner "woocommerce-subscriptions" could not be created. Existing claim: none. Cycle: 2/3.
2026-08-02T16:36:44+00:00 DEBUG [scope=wc_subscription_scheduled_event] Dedicated queue runner "woocommerce-subscriptions" created. Cycle: 3/3.
2026-08-02T16:38:13+00:00 DEBUG [scope=wc_subscription_scheduled_event] Dedicated queue runner "woocommerce-subscriptions" could not be created. Existing claim: none. Cycle: 1/3.
2026-08-02T16:38:45+00:00 DEBUG [scope=wc_subscription_scheduled_event] Dedicated queue runner "woocommerce-subscriptions" could not be created. Existing claim: none. Cycle: 2/3.
2026-08-02T16:40:14+00:00 DEBUG [scope=wc_subscription_scheduled_event] Dedicated queue runner "woocommerce-subscriptions" created. Cycle: 3/3.
2026-08-02T16:40:46+00:00 DEBUG [scope=wc_subscription_scheduled_event] Dedicated queue runner "woocommerce-subscriptions" could not be created. Existing claim: none. Cycle: 1/3.
2026-08-02T16:42:15+00:00 DEBUG [scope=wc_subscription_scheduled_event] Dedicated queue runner "woocommerce-subscriptions" could not be created. Existing claim: none. Cycle: 2/3.
2026-08-02T16:42:47+00:00 DEBUG [scope=wc_subscription_scheduled_event] Dedicated queue runner "woocommerce-subscriptions" created. Cycle: 3/3.
2026-08-02T16:56:32+00:00 DEBUG [scope=wc_subscription_scheduled_event] Dedicated queue runner "woocommerce-subscriptions" could not be created. Existing claim: none. Cycle: 1/3.
2026-08-02T16:58:29+00:00 DEBUG [scope=wc_subscription_scheduled_event] Dedicated queue runner "woocommerce-subscriptions" could not be created. Existing claim: none. Cycle: 2/3.
2026-08-02T17:00:30+00:00 DEBUG [scope=wc_subscription_scheduled_event] Dedicated queue runner "woocommerce-subscriptions" created. Cycle: 3/3.
2026-08-02T17:02:31+00:00 DEBUG [scope=wc_subscription_scheduled_event] Dedicated queue runner "woocommerce-subscriptions" could not be created. Existing claim: none. Cycle: 1/3.
2026-08-02T17:04:32+00:00 DEBUG [scope=wc_subscription_scheduled_event] Dedicated queue runner "woocommerce-subscriptions" could not be created. Existing claim: none. Cycle: 2/3.
2026-08-02T17:04:33+00:00 DEBUG [scope=wc_subscription_scheduled_event] Dedicated queue runner "woocommerce-subscriptions" created. Cycle: 3/3.
2026-08-02T17:04:38+00:00 DEBUG [scope=wc_subscription_scheduled_event] Dedicated queue runner "woocommerce-subscriptions" could not be created. Existing claim: none. Cycle: 1/3.
2026-08-02T17:06:33+00:00 DEBUG [scope=wc_subscription_scheduled_event] Dedicated queue runner "woocommerce-subscriptions" could not be created. Existing claim: none. Cycle: 2/3.
2026-08-02T17:06:58+00:00 DEBUG [scope=wc_subscription_scheduled_event] Dedicated queue runner "woocommerce-subscriptions" created. Cycle: 3/3.
2026-08-02T17:07:53+00:00 DEBUG [scope=wc_subscription_scheduled_event] Dedicated queue runner "woocommerce-subscriptions" not applied: none of its groups exist yet.
2026-08-02T17:07:59+00:00 DEBUG [scope=wc_subscription_scheduled_event] Dedicated queue runner "woocommerce-subscriptions" could not be created. Existing claim: none. Cycle: 1/3.
2026-08-02T17:08:48+00:00 DEBUG [scope=wc_subscription_scheduled_event] Dedicated queue runner "woocommerce-subscriptions" could not be created. Existing claim: none. Cycle: 2/3.
2026-08-02T17:20:02+00:00 DEBUG [scope=wc_subscription_scheduled_event] Dedicated queue runner "woocommerce-subscriptions" created. Cycle: 3/3.
2026-08-02T17:22:38+00:00 DEBUG [scope=wc_subscription_scheduled_event] Dedicated queue runner "woocommerce-subscriptions" could not be created. Existing claim: none. Cycle: 1/3.
2026-08-02T17:23:55+00:00 DEBUG [scope=wc_subscription_scheduled_event] Dedicated queue runner "woocommerce-subscriptions" could not be created. Existing claim: none. Cycle: 2/3.
2026-08-02T17:25:57+00:00 DEBUG [scope=wc_subscription_scheduled_event] Dedicated queue runner "woocommerce-subscriptions" created. Cycle: 3/3.
2026-08-02T17:26:48+00:00 DEBUG [scope=wc_subscription_scheduled_event] Dedicated queue runner "woocommerce-subscriptions" could not be created. Existing claim: none. Cycle: 1/3.
2026-08-02T17:28:18+00:00 DEBUG [scope=wc_subscription_scheduled_event] Dedicated queue runner "woocommerce-subscriptions" not applied: none of its groups exist yet.
2026-08-02T17:35:55+00:00 DEBUG [scope=wc_subscription_scheduled_event] Dedicated queue runner "woocommerce-subscriptions" could not be created. Existing claim: none. Cycle: 2/3.
2026-08-02T18:04:36+00:00 DEBUG [scope=wc_subscription_scheduled_event] Dedicated queue runner "woocommerce-subscriptions" created. Cycle: 3/3.
2026-08-02T18:04:36+00:00 DEBUG [scope=wc_subscription_scheduled_event] Dedicated queue runner "woocommerce-subscriptions" could not be created. Existing claim: none. Cycle: 1/3.
2026-08-02T18:33:01+00:00 DEBUG [scope=wc_subscription_scheduled_event] Dedicated queue runner "woocommerce-subscriptions" could not be created. Existing claim: none. Cycle: 2/3.
2026-08-02T18:36:50+00:00 DEBUG [scope=wc_subscription_scheduled_event] Dedicated queue runner "woocommerce-subscriptions" created. Cycle: 3/3.
2026-08-02T18:39:23+00:00 DEBUG [scope=wc_subscription_scheduled_event] Dedicated queue runner "woocommerce-subscriptions" not applied: none of its groups exist yet.
2026-08-02T18:54:10+00:00 DEBUG [scope=wc_subscription_scheduled_event] Dedicated queue runner "woocommerce-subscriptions" not applied: none of its groups exist yet.
2026-08-02T18:57:33+00:00 DEBUG [scope=wc_subscription_scheduled_event] Dedicated queue runner "woocommerce-subscriptions" not applied: none of its groups exist yet.
2026-08-02T18:58:53+00:00 DEBUG [scope=wc_subscription_scheduled_event] Dedicated queue runner "woocommerce-subscriptions" not applied: none of its groups exist yet.
2026-08-02T19:22:06+00:00 DEBUG [scope=wc_subscription_scheduled_event] Dedicated queue runner "woocommerce-subscriptions" could not be created. Existing claim: none. Cycle: 1/3.
2026-08-02T19:22:07+00:00 DEBUG [scope=wc_subscription_scheduled_event] Dedicated queue runner "woocommerce-subscriptions" could not be created. Existing claim: none. Cycle: 2/3.
2026-08-02T19:28:39+00:00 DEBUG [scope=wc_subscription_scheduled_event] Dedicated queue runner "woocommerce-subscriptions" created. Cycle: 3/3.
2026-08-02T19:30:19+00:00 DEBUG [scope=wc_subscription_scheduled_event] Dedicated queue runner "woocommerce-subscriptions" could not be created. Existing claim: none. Cycle: 1/3.
2026-08-02T19:31:34+00:00 DEBUG [scope=wc_subscription_scheduled_event] Dedicated queue runner "woocommerce-subscriptions" could not be created. Existing claim: none. Cycle: 2/3.
2026-08-02T19:33:05+00:00 DEBUG [scope=wc_subscription_scheduled_event] Dedicated queue runner "woocommerce-subscriptions" created. Cycle: 3/3.
2026-08-02T19:33:39+00:00 DEBUG [scope=wc_subscription_scheduled_event] Dedicated queue runner "woocommerce-subscriptions" could not be created. Existing claim: none. Cycle: 1/3.
2026-08-02T19:36:38+00:00 DEBUG [scope=wc_subscription_scheduled_event] Dedicated queue runner "woocommerce-subscriptions" could not be created. Existing claim: none. Cycle: 2/3.
2026-08-02T19:37:51+00:00 DEBUG [scope=wc_subscription_scheduled_event] Dedicated queue runner "woocommerce-subscriptions" created. Cycle: 3/3.
2026-08-02T19:38:35+00:00 DEBUG [scope=wc_subscription_scheduled_event] Dedicated queue runner "woocommerce-subscriptions" could not be created. Existing claim: none. Cycle: 1/3.
2026-08-02T19:40:14+00:00 DEBUG [scope=wc_subscription_scheduled_event] Dedicated queue runner "woocommerce-subscriptions" could not be created. Existing claim: none. Cycle: 2/3.
2026-08-02T19:40:56+00:00 DEBUG [scope=wc_subscription_scheduled_event] Dedicated queue runner "woocommerce-subscriptions" created. Cycle: 3/3.
2026-08-02T19:54:58+00:00 DEBUG [scope=wc_subscription_scheduled_event] Dedicated queue runner "woocommerce-subscriptions" could not be created. Existing claim: none. Cycle: 1/3.
2026-08-02T20:08:14+00:00 DEBUG [scope=wc_subscription_scheduled_event] Dedicated queue runner "woocommerce-subscriptions" not applied: none of its groups exist yet.
2026-08-02T20:08:48+00:00 DEBUG [scope=wc_subscription_scheduled_event] Dedicated queue runner "woocommerce-subscriptions" not applied: none of its groups exist yet.
2026-08-02T20:28:56+00:00 DEBUG [scope=wc_subscription_scheduled_event] Dedicated queue runner "woocommerce-subscriptions" could not be created. Existing claim: none. Cycle: 2/3.
2026-08-02T20:28:56+00:00 DEBUG [scope=wc_subscription_scheduled_event] Dedicated queue runner "woocommerce-subscriptions" created. Cycle: 3/3.
2026-08-02T20:31:44+00:00 DEBUG [scope=wc_subscription_scheduled_event] Dedicated queue runner "woocommerce-subscriptions" could not be created. Existing claim: none. Cycle: 1/3.
2026-08-02T21:08:12+00:00 DEBUG [scope=wc_subscription_scheduled_event] Dedicated queue runner "woocommerce-subscriptions" not applied: none of its groups exist yet.
2026-08-02T21:17:12+00:00 DEBUG [scope=wc_subscription_scheduled_event] Dedicated queue runner "woocommerce-subscriptions" could not be created. Existing claim: none. Cycle: 2/3.
2026-08-02T21:50:38+00:00 DEBUG [scope=wc_subscription_scheduled_event] Dedicated queue runner "woocommerce-subscriptions" created. Cycle: 3/3.
2026-08-02T21:50:39+00:00 DEBUG [scope=wc_subscription_scheduled_event] Dedicated queue runner "woocommerce-subscriptions" could not be created. Existing claim: none. Cycle: 1/3.
2026-08-02T22:09:59+00:00 DEBUG [scope=wc_subscription_scheduled_event] Dedicated queue runner "woocommerce-subscriptions" could not be created. Existing claim: none. Cycle: 2/3.
2026-08-02T22:28:32+00:00 DEBUG [scope=wc_subscription_scheduled_event] Dedicated queue runner "woocommerce-subscriptions" created. Cycle: 3/3.
2026-08-02T22:39:17+00:00 DEBUG [scope=wc_subscription_scheduled_event] Dedicated queue runner "woocommerce-subscriptions" could not be created. Existing claim: none. Cycle: 1/3.
2026-08-02T22:48:26+00:00 DEBUG [scope=wc_subscription_scheduled_event] Dedicated queue runner "woocommerce-subscriptions" could not be created. Existing claim: none. Cycle: 2/3.
2026-08-02T22:54:38+00:00 DEBUG [scope=wc_subscription_scheduled_event] Dedicated queue runner "woocommerce-subscriptions" created. Cycle: 3/3.
2026-08-02T22:54:42+00:00 DEBUG [scope=wc_subscription_scheduled_event] Dedicated queue runner "woocommerce-subscriptions" could not be created. Existing claim: none. Cycle: 1/3.
2026-08-02T22:55:40+00:00 DEBUG [scope=wc_subscription_scheduled_event] Dedicated queue runner "woocommerce-subscriptions" could not be created. Existing claim: none. Cycle: 2/3.
2026-08-02T22:56:42+00:00 DEBUG [scope=wc_subscription_scheduled_event] Dedicated queue runner "woocommerce-subscriptions" created. Cycle: 3/3.
2026-08-02T22:57:43+00:00 DEBUG [scope=wc_subscription_scheduled_event] Dedicated queue runner "woocommerce-subscriptions" could not be created. Existing claim: none. Cycle: 1/3.
2026-08-02T22:58:46+00:00 DEBUG [scope=wc_subscription_scheduled_event] Dedicated queue runner "woocommerce-subscriptions" could not be created. Existing claim: none. Cycle: 2/3.
2026-08-02T22:59:46+00:00 DEBUG [scope=wc_subscription_scheduled_event] Dedicated queue runner "woocommerce-subscriptions" created. Cycle: 3/3.
2026-08-02T23:00:46+00:00 DEBUG [scope=wc_subscription_scheduled_event] Dedicated queue runner "woocommerce-subscriptions" could not be created. Existing claim: none. Cycle: 1/3.
2026-08-02T23:01:46+00:00 DEBUG [scope=wc_subscription_scheduled_event] Dedicated queue runner "woocommerce-subscriptions" could not be created. Existing claim: none. Cycle: 2/3.
2026-08-02T23:02:46+00:00 DEBUG [scope=wc_subscription_scheduled_event] Dedicated queue runner "woocommerce-subscriptions" created. Cycle: 3/3.
2026-08-02T23:04:13+00:00 DEBUG [scope=wc_subscription_scheduled_event] Dedicated queue runner "woocommerce-subscriptions" could not be created. Existing claim: none. Cycle: 1/3.
2026-08-02T23:05:14+00:00 DEBUG [scope=wc_subscription_scheduled_event] Dedicated queue runner "woocommerce-subscriptions" could not be created. Existing claim: none. Cycle: 2/3.
2026-08-02T23:06:14+00:00 DEBUG [scope=wc_subscription_scheduled_event] Dedicated queue runner "woocommerce-subscriptions" created. Cycle: 3/3.
2026-08-02T23:06:40+00:00 DEBUG [scope=wc_subscription_scheduled_event] Dedicated queue runner "woocommerce-subscriptions" could not be created. Existing claim: none. Cycle: 1/3.
2026-08-02T23:07:42+00:00 DEBUG [scope=wc_subscription_scheduled_event] Dedicated queue runner "woocommerce-subscriptions" could not be created. Existing claim: none. Cycle: 2/3.
2026-08-02T23:08:40+00:00 DEBUG [scope=wc_subscription_scheduled_event] Dedicated queue runner "woocommerce-subscriptions" created. Cycle: 3/3.
2026-08-02T23:09:37+00:00 DEBUG [scope=wc_subscription_scheduled_event] Dedicated queue runner "woocommerce-subscriptions" could not be created. Existing claim: none. Cycle: 1/3.
2026-08-02T23:11:20+00:00 DEBUG [scope=wc_subscription_scheduled_event] Dedicated queue runner "woocommerce-subscriptions" could not be created. Existing claim: none. Cycle: 2/3.
2026-08-02T23:12:04+00:00 DEBUG [scope=wc_subscription_scheduled_event] Dedicated queue runner "woocommerce-subscriptions" created. Cycle: 3/3.
2026-08-02T23:13:21+00:00 DEBUG [scope=wc_subscription_scheduled_event] Dedicated queue runner "woocommerce-subscriptions" could not be created. Existing claim: none. Cycle: 1/3.
2026-08-02T23:15:21+00:00 DEBUG [scope=wc_subscription_scheduled_event] Dedicated queue runner "woocommerce-subscriptions" could not be created. Existing claim: none. Cycle: 2/3.
2026-08-02T23:17:22+00:00 DEBUG [scope=wc_subscription_scheduled_event] Dedicated queue runner "woocommerce-subscriptions" created. Cycle: 3/3.
2026-08-02T23:19:21+00:00 DEBUG [scope=wc_subscription_scheduled_event] Dedicated queue runner "woocommerce-subscriptions" could not be created. Existing claim: none. Cycle: 1/3.
2026-08-02T23:31:03+00:00 DEBUG [scope=wc_subscription_scheduled_event] Dedicated queue runner "woocommerce-subscriptions" could not be created. Existing claim: none. Cycle: 2/3.
2026-08-02T23:33:02+00:00 DEBUG [scope=wc_subscription_scheduled_event] Dedicated queue runner "woocommerce-subscriptions" created. Cycle: 3/3.
2026-08-02T23:35:03+00:00 DEBUG [scope=wc_subscription_scheduled_event] Dedicated queue runner "woocommerce-subscriptions" could not be created. Existing claim: none. Cycle: 1/3.
2026-08-02T23:37:03+00:00 DEBUG [scope=wc_subscription_scheduled_event] Dedicated queue runner "woocommerce-subscriptions" could not be created. Existing claim: none. Cycle: 2/3.
2026-08-02T23:39:06+00:00 DEBUG [scope=wc_subscription_scheduled_event] Dedicated queue runner "woocommerce-subscriptions" created. Cycle: 3/3.
2026-08-02T23:41:08+00:00 DEBUG [scope=wc_subscription_scheduled_event] Dedicated queue runner "woocommerce-subscriptions" could not be created. Existing claim: none. Cycle: 1/3.
2026-08-02T23:43:42+00:00 DEBUG [scope=wc_subscription_scheduled_event] Dedicated queue runner "woocommerce-subscriptions" could not be created. Existing claim: none. Cycle: 2/3.
2026-08-02T23:44:42+00:00 DEBUG [scope=wc_subscription_scheduled_event] Dedicated queue runner "woocommerce-subscriptions" created. Cycle: 3/3.
2026-08-02T23:46:42+00:00 DEBUG [scope=wc_subscription_scheduled_event] Dedicated queue runner "woocommerce-subscriptions" could not be created. Existing claim: none. Cycle: 1/3.
2026-08-02T23:48:43+00:00 DEBUG [scope=wc_subscription_scheduled_event] Dedicated queue runner "woocommerce-subscriptions" could not be created. Existing claim: none. Cycle: 2/3.
2026-08-02T23:50:45+00:00 DEBUG [scope=wc_subscription_scheduled_event] Dedicated queue runner "woocommerce-subscriptions" created. Cycle: 3/3.
2026-08-02T23:52:46+00:00 DEBUG [scope=wc_subscription_scheduled_event] Dedicated queue runner "woocommerce-subscriptions" could not be created. Existing claim: none. Cycle: 1/3.
