2026-07-22T00:49:31+00:00 DEBUG [scope=wc_subscription_scheduled_event] Dedicated queue runner "woocommerce-subscriptions" created. Cycle: 3/3.
2026-07-22T01:25:26+00:00 DEBUG [scope=wc_subscription_scheduled_event] Dedicated queue runner "woocommerce-subscriptions" not applied: none of its groups exist yet.
2026-07-22T01:32:14+00:00 DEBUG [scope=wc_subscription_scheduled_event] Dedicated queue runner "woocommerce-subscriptions" could not be created. Existing claim: none. Cycle: 1/3.
2026-07-22T01:37:23+00:00 DEBUG [scope=wc_subscription_scheduled_event] Dedicated queue runner "woocommerce-subscriptions" not applied: none of its groups exist yet.
2026-07-22T01:37:41+00:00 DEBUG [scope=wc_subscription_scheduled_event] Dedicated queue runner "woocommerce-subscriptions" not applied: none of its groups exist yet.
2026-07-22T01:43:33+00:00 DEBUG [scope=wc_subscription_scheduled_event] Dedicated queue runner "woocommerce-subscriptions" could not be created. Existing claim: none. Cycle: 2/3.
2026-07-22T02:19:23+00:00 DEBUG [scope=wc_subscription_scheduled_event] Dedicated queue runner "woocommerce-subscriptions" not applied: none of its groups exist yet.
2026-07-22T02:19:50+00:00 DEBUG [scope=wc_subscription_scheduled_event] Dedicated queue runner "woocommerce-subscriptions" not applied: none of its groups exist yet.
2026-07-22T03:01:01+00:00 DEBUG [scope=wc_subscription_scheduled_event] Dedicated queue runner "woocommerce-subscriptions" created. Cycle: 3/3.
2026-07-22T04:26:29+00:00 DEBUG [scope=wc_subscription_scheduled_event] Dedicated queue runner "woocommerce-subscriptions" could not be created. Existing claim: none. Cycle: 1/3.
2026-07-22T04:28:28+00:00 DEBUG [scope=wc_subscription_scheduled_event] Dedicated queue runner "woocommerce-subscriptions" could not be created. Existing claim: none. Cycle: 2/3.
2026-07-22T04:30:29+00:00 DEBUG [scope=wc_subscription_scheduled_event] Dedicated queue runner "woocommerce-subscriptions" created. Cycle: 3/3.
2026-07-22T04:32:23+00:00 DEBUG [scope=wc_subscription_scheduled_event] Dedicated queue runner "woocommerce-subscriptions" could not be created. Existing claim: none. Cycle: 1/3.
2026-07-22T04:34:16+00:00 DEBUG [scope=wc_subscription_scheduled_event] Dedicated queue runner "woocommerce-subscriptions" not applied: none of its groups exist yet.
2026-07-22T04:34:30+00:00 DEBUG [scope=wc_subscription_scheduled_event] Dedicated queue runner "woocommerce-subscriptions" could not be created. Existing claim: none. Cycle: 2/3.
2026-07-22T04:36:32+00:00 DEBUG [scope=wc_subscription_scheduled_event] Dedicated queue runner "woocommerce-subscriptions" created. Cycle: 3/3.
2026-07-22T05:09:09+00:00 DEBUG [scope=wc_subscription_scheduled_event] Dedicated queue runner "woocommerce-subscriptions" not applied: none of its groups exist yet.
2026-07-22T05:09:37+00:00 DEBUG [scope=wc_subscription_scheduled_event] Dedicated queue runner "woocommerce-subscriptions" not applied: none of its groups exist yet.
2026-07-22T05:28:40+00:00 DEBUG [scope=wc_subscription_scheduled_event] Dedicated queue runner "woocommerce-subscriptions" not applied: none of its groups exist yet.
2026-07-22T05:50:02+00:00 DEBUG [scope=wc_subscription_scheduled_event] Dedicated queue runner "woocommerce-subscriptions" could not be created. Existing claim: none. Cycle: 1/3.
2026-07-22T05:51:00+00:00 DEBUG [scope=wc_subscription_scheduled_event] Dedicated queue runner "woocommerce-subscriptions" could not be created. Existing claim: none. Cycle: 2/3.
2026-07-22T05:53:01+00:00 DEBUG [scope=wc_subscription_scheduled_event] Dedicated queue runner "woocommerce-subscriptions" created. Cycle: 3/3.
2026-07-22T05:53:55+00:00 DEBUG [scope=wc_subscription_scheduled_event] Dedicated queue runner "woocommerce-subscriptions" could not be created. Existing claim: none. Cycle: 1/3.
2026-07-22T05:54:51+00:00 DEBUG [scope=wc_subscription_scheduled_event] Dedicated queue runner "woocommerce-subscriptions" could not be created. Existing claim: none. Cycle: 2/3.
2026-07-22T05:55:56+00:00 DEBUG [scope=wc_subscription_scheduled_event] Dedicated queue runner "woocommerce-subscriptions" created. Cycle: 3/3.
2026-07-22T05:56:51+00:00 DEBUG [scope=wc_subscription_scheduled_event] Dedicated queue runner "woocommerce-subscriptions" could not be created. Existing claim: none. Cycle: 1/3.
2026-07-22T05:58:52+00:00 DEBUG [scope=wc_subscription_scheduled_event] Dedicated queue runner "woocommerce-subscriptions" could not be created. Existing claim: none. Cycle: 2/3.
2026-07-22T05:59:55+00:00 DEBUG [scope=wc_subscription_scheduled_event] Dedicated queue runner "woocommerce-subscriptions" created. Cycle: 3/3.
2026-07-22T06:00:53+00:00 DEBUG [scope=wc_subscription_scheduled_event] Dedicated queue runner "woocommerce-subscriptions" could not be created. Existing claim: none. Cycle: 1/3.
2026-07-22T06:01:46+00:00 DEBUG [scope=wc_subscription_scheduled_event] Dedicated queue runner "woocommerce-subscriptions" could not be created. Existing claim: none. Cycle: 2/3.
2026-07-22T06:02:46+00:00 DEBUG [scope=wc_subscription_scheduled_event] Dedicated queue runner "woocommerce-subscriptions" created. Cycle: 3/3.
2026-07-22T06:04:47+00:00 DEBUG [scope=wc_subscription_scheduled_event] Dedicated queue runner "woocommerce-subscriptions" could not be created. Existing claim: none. Cycle: 1/3.
2026-07-22T06:06:48+00:00 DEBUG [scope=wc_subscription_scheduled_event] Dedicated queue runner "woocommerce-subscriptions" could not be created. Existing claim: none. Cycle: 2/3.
2026-07-22T06:08:49+00:00 DEBUG [scope=wc_subscription_scheduled_event] Dedicated queue runner "woocommerce-subscriptions" created. Cycle: 3/3.
2026-07-22T06:10:50+00:00 DEBUG [scope=wc_subscription_scheduled_event] Dedicated queue runner "woocommerce-subscriptions" could not be created. Existing claim: none. Cycle: 1/3.
2026-07-22T06:29:08+00:00 DEBUG [scope=wc_subscription_scheduled_event] Dedicated queue runner "woocommerce-subscriptions" not applied: none of its groups exist yet.
2026-07-22T06:37:30+00:00 DEBUG [scope=wc_subscription_scheduled_event] Dedicated queue runner "woocommerce-subscriptions" could not be created. Existing claim: none. Cycle: 2/3.
2026-07-22T06:37:39+00:00 DEBUG [scope=wc_subscription_scheduled_event] Dedicated queue runner "woocommerce-subscriptions" created. Cycle: 3/3.
2026-07-22T06:40:38+00:00 DEBUG [scope=wc_subscription_scheduled_event] Dedicated queue runner "woocommerce-subscriptions" could not be created. Existing claim: none. Cycle: 1/3.
2026-07-22T06:41:35+00:00 DEBUG [scope=wc_subscription_scheduled_event] Dedicated queue runner "woocommerce-subscriptions" not applied: none of its groups exist yet.
2026-07-22T06:41:40+00:00 DEBUG [scope=wc_subscription_scheduled_event] Dedicated queue runner "woocommerce-subscriptions" could not be created. Existing claim: none. Cycle: 2/3.
2026-07-22T06:42:35+00:00 DEBUG [scope=wc_subscription_scheduled_event] Dedicated queue runner "woocommerce-subscriptions" created. Cycle: 3/3.
2026-07-22T06:44:34+00:00 DEBUG [scope=wc_subscription_scheduled_event] Dedicated queue runner "woocommerce-subscriptions" could not be created. Existing claim: none. Cycle: 1/3.
2026-07-22T06:46:35+00:00 DEBUG [scope=wc_subscription_scheduled_event] Dedicated queue runner "woocommerce-subscriptions" could not be created. Existing claim: none. Cycle: 2/3.
2026-07-22T06:48:36+00:00 DEBUG [scope=wc_subscription_scheduled_event] Dedicated queue runner "woocommerce-subscriptions" created. Cycle: 3/3.
2026-07-22T06:50:37+00:00 DEBUG [scope=wc_subscription_scheduled_event] Dedicated queue runner "woocommerce-subscriptions" could not be created. Existing claim: none. Cycle: 1/3.
2026-07-22T06:52:38+00:00 DEBUG [scope=wc_subscription_scheduled_event] Dedicated queue runner "woocommerce-subscriptions" could not be created. Existing claim: none. Cycle: 2/3.
2026-07-22T07:05:06+00:00 DEBUG [scope=wc_subscription_scheduled_event] Dedicated queue runner "woocommerce-subscriptions" created. Cycle: 3/3.
2026-07-22T07:06:11+00:00 DEBUG [scope=wc_subscription_scheduled_event] Dedicated queue runner "woocommerce-subscriptions" could not be created. Existing claim: none. Cycle: 1/3.
2026-07-22T07:08:12+00:00 DEBUG [scope=wc_subscription_scheduled_event] Dedicated queue runner "woocommerce-subscriptions" could not be created. Existing claim: none. Cycle: 2/3.
2026-07-22T07:09:21+00:00 DEBUG [scope=wc_subscription_scheduled_event] Dedicated queue runner "woocommerce-subscriptions" not applied: none of its groups exist yet.
2026-07-22T07:09:45+00:00 DEBUG [scope=wc_subscription_scheduled_event] Dedicated queue runner "woocommerce-subscriptions" not applied: none of its groups exist yet.
2026-07-22T07:10:14+00:00 DEBUG [scope=wc_subscription_scheduled_event] Dedicated queue runner "woocommerce-subscriptions" created. Cycle: 3/3.
2026-07-22T07:11:58+00:00 DEBUG [scope=wc_subscription_scheduled_event] Dedicated queue runner "woocommerce-subscriptions" not applied: none of its groups exist yet.
2026-07-22T07:12:14+00:00 DEBUG [scope=wc_subscription_scheduled_event] Dedicated queue runner "woocommerce-subscriptions" could not be created. Existing claim: none. Cycle: 1/3.
2026-07-22T07:14:15+00:00 DEBUG [scope=wc_subscription_scheduled_event] Dedicated queue runner "woocommerce-subscriptions" could not be created. Existing claim: none. Cycle: 2/3.
2026-07-22T07:16:17+00:00 DEBUG [scope=wc_subscription_scheduled_event] Dedicated queue runner "woocommerce-subscriptions" created. Cycle: 3/3.
2026-07-22T07:18:17+00:00 DEBUG [scope=wc_subscription_scheduled_event] Dedicated queue runner "woocommerce-subscriptions" could not be created. Existing claim: none. Cycle: 1/3.
2026-07-22T07:20:18+00:00 DEBUG [scope=wc_subscription_scheduled_event] Dedicated queue runner "woocommerce-subscriptions" could not be created. Existing claim: none. Cycle: 2/3.
2026-07-22T07:22:20+00:00 DEBUG [scope=wc_subscription_scheduled_event] Dedicated queue runner "woocommerce-subscriptions" created. Cycle: 3/3.
2026-07-22T07:24:20+00:00 DEBUG [scope=wc_subscription_scheduled_event] Dedicated queue runner "woocommerce-subscriptions" could not be created. Existing claim: none. Cycle: 1/3.
2026-07-22T07:26:21+00:00 DEBUG [scope=wc_subscription_scheduled_event] Dedicated queue runner "woocommerce-subscriptions" could not be created. Existing claim: none. Cycle: 2/3.
2026-07-22T07:28:23+00:00 DEBUG [scope=wc_subscription_scheduled_event] Dedicated queue runner "woocommerce-subscriptions" created. Cycle: 3/3.
2026-07-22T07:30:16+00:00 DEBUG [scope=wc_subscription_scheduled_event] Dedicated queue runner "woocommerce-subscriptions" not applied: none of its groups exist yet.
2026-07-22T07:30:23+00:00 DEBUG [scope=wc_subscription_scheduled_event] Dedicated queue runner "woocommerce-subscriptions" could not be created. Existing claim: none. Cycle: 1/3.
2026-07-22T07:32:24+00:00 DEBUG [scope=wc_subscription_scheduled_event] Dedicated queue runner "woocommerce-subscriptions" could not be created. Existing claim: none. Cycle: 2/3.
2026-07-22T07:34:26+00:00 DEBUG [scope=wc_subscription_scheduled_event] Dedicated queue runner "woocommerce-subscriptions" created. Cycle: 3/3.
2026-07-22T07:36:26+00:00 DEBUG [scope=wc_subscription_scheduled_event] Dedicated queue runner "woocommerce-subscriptions" could not be created. Existing claim: none. Cycle: 1/3.
2026-07-22T07:38:28+00:00 DEBUG [scope=wc_subscription_scheduled_event] Dedicated queue runner "woocommerce-subscriptions" could not be created. Existing claim: none. Cycle: 2/3.
2026-07-22T07:40:29+00:00 DEBUG [scope=wc_subscription_scheduled_event] Dedicated queue runner "woocommerce-subscriptions" created. Cycle: 3/3.
2026-07-22T07:42:29+00:00 DEBUG [scope=wc_subscription_scheduled_event] Dedicated queue runner "woocommerce-subscriptions" could not be created. Existing claim: none. Cycle: 1/3.
2026-07-22T07:44:30+00:00 DEBUG [scope=wc_subscription_scheduled_event] Dedicated queue runner "woocommerce-subscriptions" could not be created. Existing claim: none. Cycle: 2/3.
2026-07-22T07:46:32+00:00 DEBUG [scope=wc_subscription_scheduled_event] Dedicated queue runner "woocommerce-subscriptions" created. Cycle: 3/3.
2026-07-22T07:48:32+00:00 DEBUG [scope=wc_subscription_scheduled_event] Dedicated queue runner "woocommerce-subscriptions" could not be created. Existing claim: none. Cycle: 1/3.
2026-07-22T07:50:34+00:00 DEBUG [scope=wc_subscription_scheduled_event] Dedicated queue runner "woocommerce-subscriptions" could not be created. Existing claim: none. Cycle: 2/3.
2026-07-22T07:52:35+00:00 DEBUG [scope=wc_subscription_scheduled_event] Dedicated queue runner "woocommerce-subscriptions" created. Cycle: 3/3.
2026-07-22T07:54:36+00:00 DEBUG [scope=wc_subscription_scheduled_event] Dedicated queue runner "woocommerce-subscriptions" could not be created. Existing claim: none. Cycle: 1/3.
2026-07-22T07:56:36+00:00 DEBUG [scope=wc_subscription_scheduled_event] Dedicated queue runner "woocommerce-subscriptions" could not be created. Existing claim: none. Cycle: 2/3.
2026-07-22T07:58:37+00:00 DEBUG [scope=wc_subscription_scheduled_event] Dedicated queue runner "woocommerce-subscriptions" created. Cycle: 3/3.
2026-07-22T08:00:38+00:00 DEBUG [scope=wc_subscription_scheduled_event] Dedicated queue runner "woocommerce-subscriptions" could not be created. Existing claim: none. Cycle: 1/3.
2026-07-22T08:01:41+00:00 DEBUG [scope=wc_subscription_scheduled_event] Dedicated queue runner "woocommerce-subscriptions" could not be created. Existing claim: none. Cycle: 2/3.
2026-07-22T08:02:34+00:00 DEBUG [scope=wc_subscription_scheduled_event] Dedicated queue runner "woocommerce-subscriptions" created. Cycle: 3/3.
2026-07-22T08:03:39+00:00 DEBUG [scope=wc_subscription_scheduled_event] Dedicated queue runner "woocommerce-subscriptions" could not be created. Existing claim: none. Cycle: 1/3.
2026-07-22T08:04:35+00:00 DEBUG [scope=wc_subscription_scheduled_event] Dedicated queue runner "woocommerce-subscriptions" could not be created. Existing claim: none. Cycle: 2/3.
2026-07-22T08:05:35+00:00 DEBUG [scope=wc_subscription_scheduled_event] Dedicated queue runner "woocommerce-subscriptions" could not be created: active store does not support claim filtering.
2026-07-22T08:06:38+00:00 DEBUG [scope=wc_subscription_scheduled_event] Dedicated queue runner "woocommerce-subscriptions" could not be created: active store does not support claim filtering.
2026-07-22T08:08:42+00:00 DEBUG [scope=wc_subscription_scheduled_event] Dedicated queue runner "woocommerce-subscriptions" created. Cycle: 3/3.
2026-07-22T08:08:42+00:00 DEBUG [scope=wc_subscription_scheduled_event] Dedicated queue runner "woocommerce-subscriptions" could not be created. Existing claim: none. Cycle: 1/3.
2026-07-22T08:09:44+00:00 DEBUG [scope=wc_subscription_scheduled_event] Dedicated queue runner "woocommerce-subscriptions" could not be created. Existing claim: none. Cycle: 2/3.
2026-07-22T08:10:05+00:00 DEBUG [scope=wc_subscription_scheduled_event] Dedicated queue runner "woocommerce-subscriptions" not applied: none of its groups exist yet.
2026-07-22T08:10:35+00:00 DEBUG [scope=wc_subscription_scheduled_event] Dedicated queue runner "woocommerce-subscriptions" created. Cycle: 3/3.
2026-07-22T08:10:56+00:00 DEBUG [scope=wc_subscription_scheduled_event] Dedicated queue runner "woocommerce-subscriptions" could not be created. Existing claim: none. Cycle: 1/3.
2026-07-22T08:12:05+00:00 DEBUG [scope=wc_subscription_scheduled_event] Dedicated queue runner "woocommerce-subscriptions" could not be created. Existing claim: none. Cycle: 2/3.
2026-07-22T08:12:34+00:00 DEBUG [scope=wc_subscription_scheduled_event] Dedicated queue runner "woocommerce-subscriptions" created. Cycle: 3/3.
2026-07-22T08:13:07+00:00 DEBUG [scope=wc_subscription_scheduled_event] Dedicated queue runner "woocommerce-subscriptions" could not be created. Existing claim: none. Cycle: 1/3.
2026-07-22T08:13:34+00:00 DEBUG [scope=wc_subscription_scheduled_event] Dedicated queue runner "woocommerce-subscriptions" could not be created. Existing claim: none. Cycle: 2/3.
2026-07-22T08:14:20+00:00 DEBUG [scope=wc_subscription_scheduled_event] Dedicated queue runner "woocommerce-subscriptions" created. Cycle: 3/3.
2026-07-22T08:14:25+00:00 DEBUG [scope=wc_subscription_scheduled_event] Dedicated queue runner "woocommerce-subscriptions" could not be created. Existing claim: none. Cycle: 1/3.
2026-07-22T08:14:35+00:00 DEBUG [scope=wc_subscription_scheduled_event] Dedicated queue runner "woocommerce-subscriptions" could not be created. Existing claim: none. Cycle: 2/3.
2026-07-22T08:15:27+00:00 DEBUG [scope=wc_subscription_scheduled_event] Dedicated queue runner "woocommerce-subscriptions" created. Cycle: 3/3.
2026-07-22T08:15:32+00:00 DEBUG [scope=wc_subscription_scheduled_event] Dedicated queue runner "woocommerce-subscriptions" could not be created. Existing claim: none. Cycle: 1/3.
2026-07-22T08:15:35+00:00 DEBUG [scope=wc_subscription_scheduled_event] Dedicated queue runner "woocommerce-subscriptions" could not be created. Existing claim: none. Cycle: 2/3.
2026-07-22T08:15:40+00:00 DEBUG [scope=wc_subscription_scheduled_event] Dedicated queue runner "woocommerce-subscriptions" created. Cycle: 3/3.
2026-07-22T08:15:46+00:00 DEBUG [scope=wc_subscription_scheduled_event] Dedicated queue runner "woocommerce-subscriptions" could not be created. Existing claim: none. Cycle: 1/3.
2026-07-22T08:15:51+00:00 DEBUG [scope=wc_subscription_scheduled_event] Dedicated queue runner "woocommerce-subscriptions" could not be created. Existing claim: none. Cycle: 2/3.
2026-07-22T08:16:36+00:00 DEBUG [scope=wc_subscription_scheduled_event] Dedicated queue runner "woocommerce-subscriptions" created. Cycle: 3/3.
2026-07-22T08:17:32+00:00 DEBUG [scope=wc_subscription_scheduled_event] Dedicated queue runner "woocommerce-subscriptions" could not be created. Existing claim: none. Cycle: 1/3.
2026-07-22T08:17:36+00:00 DEBUG [scope=wc_subscription_scheduled_event] Dedicated queue runner "woocommerce-subscriptions" could not be created. Existing claim: none. Cycle: 2/3.
2026-07-22T08:18:36+00:00 DEBUG [scope=wc_subscription_scheduled_event] Dedicated queue runner "woocommerce-subscriptions" created. Cycle: 3/3.
2026-07-22T08:19:37+00:00 DEBUG [scope=wc_subscription_scheduled_event] Dedicated queue runner "woocommerce-subscriptions" could not be created. Existing claim: none. Cycle: 1/3.
2026-07-22T08:20:37+00:00 DEBUG [scope=wc_subscription_scheduled_event] Dedicated queue runner "woocommerce-subscriptions" could not be created. Existing claim: none. Cycle: 2/3.
2026-07-22T08:21:40+00:00 DEBUG [scope=wc_subscription_scheduled_event] Dedicated queue runner "woocommerce-subscriptions" created. Cycle: 3/3.
2026-07-22T08:22:39+00:00 DEBUG [scope=wc_subscription_scheduled_event] Dedicated queue runner "woocommerce-subscriptions" could not be created. Existing claim: none. Cycle: 1/3.
2026-07-22T08:24:04+00:00 DEBUG [scope=wc_subscription_scheduled_event] Dedicated queue runner "woocommerce-subscriptions" could not be created. Existing claim: none. Cycle: 2/3.
2026-07-22T08:24:39+00:00 DEBUG [scope=wc_subscription_scheduled_event] Dedicated queue runner "woocommerce-subscriptions" created. Cycle: 3/3.
2026-07-22T08:25:06+00:00 DEBUG [scope=wc_subscription_scheduled_event] Dedicated queue runner "woocommerce-subscriptions" could not be created. Existing claim: none. Cycle: 1/3.
2026-07-22T08:26:07+00:00 DEBUG [scope=wc_subscription_scheduled_event] Dedicated queue runner "woocommerce-subscriptions" could not be created. Existing claim: none. Cycle: 2/3.
2026-07-22T08:26:40+00:00 DEBUG [scope=wc_subscription_scheduled_event] Dedicated queue runner "woocommerce-subscriptions" created. Cycle: 3/3.
2026-07-22T08:28:03+00:00 DEBUG [scope=wc_subscription_scheduled_event] Dedicated queue runner "woocommerce-subscriptions" could not be created. Existing claim: none. Cycle: 1/3.
2026-07-22T08:28:43+00:00 DEBUG [scope=wc_subscription_scheduled_event] Dedicated queue runner "woocommerce-subscriptions" could not be created. Existing claim: none. Cycle: 2/3.
2026-07-22T08:30:09+00:00 DEBUG [scope=wc_subscription_scheduled_event] Dedicated queue runner "woocommerce-subscriptions" created. Cycle: 3/3.
2026-07-22T08:30:34+00:00 DEBUG [scope=wc_subscription_scheduled_event] Dedicated queue runner "woocommerce-subscriptions" could not be created. Existing claim: none. Cycle: 1/3.
2026-07-22T08:31:51+00:00 DEBUG [scope=wc_subscription_scheduled_event] Dedicated queue runner "woocommerce-subscriptions" could not be created. Existing claim: none. Cycle: 2/3.
2026-07-22T08:32:44+00:00 DEBUG [scope=wc_subscription_scheduled_event] Dedicated queue runner "woocommerce-subscriptions" created. Cycle: 3/3.
2026-07-22T08:33:35+00:00 DEBUG [scope=wc_subscription_scheduled_event] Dedicated queue runner "woocommerce-subscriptions" could not be created. Existing claim: none. Cycle: 1/3.
2026-07-22T08:34:52+00:00 DEBUG [scope=wc_subscription_scheduled_event] Dedicated queue runner "woocommerce-subscriptions" could not be created. Existing claim: none. Cycle: 2/3.
2026-07-22T08:36:13+00:00 DEBUG [scope=wc_subscription_scheduled_event] Dedicated queue runner "woocommerce-subscriptions" created. Cycle: 3/3.
2026-07-22T08:36:35+00:00 DEBUG [scope=wc_subscription_scheduled_event] Dedicated queue runner "woocommerce-subscriptions" could not be created. Existing claim: none. Cycle: 1/3.
2026-07-22T08:38:14+00:00 DEBUG [scope=wc_subscription_scheduled_event] Dedicated queue runner "woocommerce-subscriptions" could not be created. Existing claim: none. Cycle: 2/3.
2026-07-22T08:38:36+00:00 DEBUG [scope=wc_subscription_scheduled_event] Dedicated queue runner "woocommerce-subscriptions" created. Cycle: 3/3.
2026-07-22T08:39:35+00:00 DEBUG [scope=wc_subscription_scheduled_event] Dedicated queue runner "woocommerce-subscriptions" could not be created. Existing claim: none. Cycle: 1/3.
2026-07-22T08:40:17+00:00 DEBUG [scope=wc_subscription_scheduled_event] Dedicated queue runner "woocommerce-subscriptions" not applied: none of its groups exist yet.
2026-07-22T08:40:36+00:00 DEBUG [scope=wc_subscription_scheduled_event] Dedicated queue runner "woocommerce-subscriptions" could not be created. Existing claim: none. Cycle: 2/3.
2026-07-22T08:40:42+00:00 DEBUG [scope=wc_subscription_scheduled_event] Dedicated queue runner "woocommerce-subscriptions" created. Cycle: 3/3.
2026-07-22T08:41:41+00:00 DEBUG [scope=wc_subscription_scheduled_event] Dedicated queue runner "woocommerce-subscriptions" could not be created. Existing claim: none. Cycle: 1/3.
2026-07-22T08:41:42+00:00 DEBUG [scope=wc_subscription_scheduled_event] Dedicated queue runner "woocommerce-subscriptions" could not be created. Existing claim: none. Cycle: 2/3.
2026-07-22T08:42:42+00:00 DEBUG [scope=wc_subscription_scheduled_event] Dedicated queue runner "woocommerce-subscriptions" created. Cycle: 3/3.
2026-07-22T08:43:46+00:00 DEBUG [scope=wc_subscription_scheduled_event] Dedicated queue runner "woocommerce-subscriptions" could not be created. Existing claim: none. Cycle: 1/3.
2026-07-22T08:43:47+00:00 DEBUG [scope=wc_subscription_scheduled_event] Dedicated queue runner "woocommerce-subscriptions" could not be created. Existing claim: none. Cycle: 2/3.
2026-07-22T08:44:35+00:00 DEBUG [scope=wc_subscription_scheduled_event] Dedicated queue runner "woocommerce-subscriptions" created. Cycle: 3/3.
2026-07-22T08:44:52+00:00 DEBUG [scope=wc_subscription_scheduled_event] Dedicated queue runner "woocommerce-subscriptions" could not be created. Existing claim: none. Cycle: 1/3.
2026-07-22T08:45:59+00:00 DEBUG [scope=wc_subscription_scheduled_event] Dedicated queue runner "woocommerce-subscriptions" could not be created. Existing claim: none. Cycle: 2/3.
2026-07-22T08:46:00+00:00 DEBUG [scope=wc_subscription_scheduled_event] Dedicated queue runner "woocommerce-subscriptions" created. Cycle: 3/3.
2026-07-22T08:46:35+00:00 DEBUG [scope=wc_subscription_scheduled_event] Dedicated queue runner "woocommerce-subscriptions" could not be created. Existing claim: none. Cycle: 1/3.
2026-07-22T08:47:05+00:00 DEBUG [scope=wc_subscription_scheduled_event] Dedicated queue runner "woocommerce-subscriptions" could not be created. Existing claim: none. Cycle: 2/3.
2026-07-22T08:47:35+00:00 DEBUG [scope=wc_subscription_scheduled_event] Dedicated queue runner "woocommerce-subscriptions" created. Cycle: 3/3.
2026-07-22T08:48:14+00:00 DEBUG [scope=wc_subscription_scheduled_event] Dedicated queue runner "woocommerce-subscriptions" could not be created. Existing claim: none. Cycle: 1/3.
2026-07-22T08:48:39+00:00 DEBUG [scope=wc_subscription_scheduled_event] Dedicated queue runner "woocommerce-subscriptions" could not be created. Existing claim: none. Cycle: 2/3.
2026-07-22T08:49:20+00:00 DEBUG [scope=wc_subscription_scheduled_event] Dedicated queue runner "woocommerce-subscriptions" created. Cycle: 3/3.
2026-07-22T08:49:26+00:00 DEBUG [scope=wc_subscription_scheduled_event] Dedicated queue runner "woocommerce-subscriptions" could not be created. Existing claim: none. Cycle: 1/3.
2026-07-22T08:49:44+00:00 DEBUG [scope=wc_subscription_scheduled_event] Dedicated queue runner "woocommerce-subscriptions" could not be created. Existing claim: none. Cycle: 2/3.
2026-07-22T08:50:37+00:00 DEBUG [scope=wc_subscription_scheduled_event] Dedicated queue runner "woocommerce-subscriptions" created. Cycle: 3/3.
2026-07-22T08:51:28+00:00 DEBUG [scope=wc_subscription_scheduled_event] Dedicated queue runner "woocommerce-subscriptions" could not be created. Existing claim: none. Cycle: 1/3.
2026-07-22T08:51:40+00:00 DEBUG [scope=wc_subscription_scheduled_event] Dedicated queue runner "woocommerce-subscriptions" could not be created. Existing claim: none. Cycle: 2/3.
2026-07-22T08:52:22+00:00 DEBUG [scope=wc_subscription_scheduled_event] Dedicated queue runner "woocommerce-subscriptions" not applied: none of its groups exist yet.
2026-07-22T08:52:37+00:00 DEBUG [scope=wc_subscription_scheduled_event] Dedicated queue runner "woocommerce-subscriptions" created. Cycle: 3/3.
2026-07-22T08:52:38+00:00 DEBUG [scope=wc_subscription_scheduled_event] Dedicated queue runner "woocommerce-subscriptions" could not be created. Existing claim: none. Cycle: 1/3.
2026-07-22T08:53:42+00:00 DEBUG [scope=wc_subscription_scheduled_event] Dedicated queue runner "woocommerce-subscriptions" could not be created. Existing claim: none. Cycle: 2/3.
2026-07-22T08:53:43+00:00 DEBUG [scope=wc_subscription_scheduled_event] Dedicated queue runner "woocommerce-subscriptions" created. Cycle: 3/3.
2026-07-22T08:59:07+00:00 DEBUG [scope=wc_subscription_scheduled_event] Dedicated queue runner "woocommerce-subscriptions" not applied: none of its groups exist yet.
2026-07-22T09:00:50+00:00 DEBUG [scope=wc_subscription_scheduled_event] Dedicated queue runner "woocommerce-subscriptions" could not be created. Existing claim: none. Cycle: 1/3.
2026-07-22T09:00:51+00:00 DEBUG [scope=wc_subscription_scheduled_event] Dedicated queue runner "woocommerce-subscriptions" could not be created. Existing claim: none. Cycle: 2/3.
2026-07-22T09:01:36+00:00 DEBUG [scope=wc_subscription_scheduled_event] Dedicated queue runner "woocommerce-subscriptions" created. Cycle: 3/3.
2026-07-22T09:02:34+00:00 DEBUG [scope=wc_subscription_scheduled_event] Dedicated queue runner "woocommerce-subscriptions" could not be created. Existing claim: none. Cycle: 1/3.
2026-07-22T09:03:48+00:00 DEBUG [scope=wc_subscription_scheduled_event] Dedicated queue runner "woocommerce-subscriptions" could not be created. Existing claim: none. Cycle: 2/3.
2026-07-22T09:05:20+00:00 DEBUG [scope=wc_subscription_scheduled_event] Dedicated queue runner "woocommerce-subscriptions" created. Cycle: 3/3.
2026-07-22T09:05:21+00:00 DEBUG [scope=wc_subscription_scheduled_event] Dedicated queue runner "woocommerce-subscriptions" could not be created. Existing claim: none. Cycle: 1/3.
2026-07-22T09:05:48+00:00 DEBUG [scope=wc_subscription_scheduled_event] Dedicated queue runner "woocommerce-subscriptions" could not be created. Existing claim: none. Cycle: 2/3.
2026-07-22T09:07:22+00:00 DEBUG [scope=wc_subscription_scheduled_event] Dedicated queue runner "woocommerce-subscriptions" created. Cycle: 3/3.
2026-07-22T09:07:22+00:00 DEBUG [scope=wc_subscription_scheduled_event] Dedicated queue runner "woocommerce-subscriptions" could not be created. Existing claim: none. Cycle: 1/3.
2026-07-22T09:07:49+00:00 DEBUG [scope=wc_subscription_scheduled_event] Dedicated queue runner "woocommerce-subscriptions" could not be created. Existing claim: none. Cycle: 2/3.
2026-07-22T09:08:49+00:00 DEBUG [scope=wc_subscription_scheduled_event] Dedicated queue runner "woocommerce-subscriptions" created. Cycle: 3/3.
2026-07-22T09:09:24+00:00 DEBUG [scope=wc_subscription_scheduled_event] Dedicated queue runner "woocommerce-subscriptions" could not be created. Existing claim: none. Cycle: 1/3.
2026-07-22T09:09:49+00:00 DEBUG [scope=wc_subscription_scheduled_event] Dedicated queue runner "woocommerce-subscriptions" could not be created. Existing claim: none. Cycle: 2/3.
2026-07-22T09:10:49+00:00 DEBUG [scope=wc_subscription_scheduled_event] Dedicated queue runner "woocommerce-subscriptions" created. Cycle: 3/3.
2026-07-22T09:11:49+00:00 DEBUG [scope=wc_subscription_scheduled_event] Dedicated queue runner "woocommerce-subscriptions" could not be created. Existing claim: none. Cycle: 1/3.
2026-07-22T09:12:51+00:00 DEBUG [scope=wc_subscription_scheduled_event] Dedicated queue runner "woocommerce-subscriptions" could not be created. Existing claim: none. Cycle: 2/3.
2026-07-22T09:13:51+00:00 DEBUG [scope=wc_subscription_scheduled_event] Dedicated queue runner "woocommerce-subscriptions" created. Cycle: 3/3.
2026-07-22T09:15:53+00:00 DEBUG [scope=wc_subscription_scheduled_event] Dedicated queue runner "woocommerce-subscriptions" could not be created. Existing claim: none. Cycle: 1/3.
2026-07-22T09:17:54+00:00 DEBUG [scope=wc_subscription_scheduled_event] Dedicated queue runner "woocommerce-subscriptions" could not be created. Existing claim: none. Cycle: 2/3.
2026-07-22T09:19:09+00:00 DEBUG [scope=wc_subscription_scheduled_event] Dedicated queue runner "woocommerce-subscriptions" not applied: none of its groups exist yet.
2026-07-22T09:19:48+00:00 DEBUG [scope=wc_subscription_scheduled_event] Dedicated queue runner "woocommerce-subscriptions" not applied: none of its groups exist yet.
2026-07-22T09:19:54+00:00 DEBUG [scope=wc_subscription_scheduled_event] Dedicated queue runner "woocommerce-subscriptions" created. Cycle: 3/3.
2026-07-22T09:21:55+00:00 DEBUG [scope=wc_subscription_scheduled_event] Dedicated queue runner "woocommerce-subscriptions" could not be created. Existing claim: none. Cycle: 1/3.
2026-07-22T09:34:15+00:00 DEBUG [scope=wc_subscription_scheduled_event] Dedicated queue runner "woocommerce-subscriptions" could not be created. Existing claim: none. Cycle: 2/3.
2026-07-22T09:35:21+00:00 DEBUG [scope=wc_subscription_scheduled_event] Dedicated queue runner "woocommerce-subscriptions" created. Cycle: 3/3.
2026-07-22T09:37:22+00:00 DEBUG [scope=wc_subscription_scheduled_event] Dedicated queue runner "woocommerce-subscriptions" could not be created. Existing claim: none. Cycle: 1/3.
2026-07-22T09:39:23+00:00 DEBUG [scope=wc_subscription_scheduled_event] Dedicated queue runner "woocommerce-subscriptions" could not be created. Existing claim: none. Cycle: 2/3.
2026-07-22T10:01:46+00:00 DEBUG [scope=wc_subscription_scheduled_event] Dedicated queue runner "woocommerce-subscriptions" not applied: none of its groups exist yet.
2026-07-22T10:01:47+00:00 DEBUG [scope=wc_subscription_scheduled_event] Dedicated queue runner "woocommerce-subscriptions" not applied: none of its groups exist yet.
2026-07-22T10:21:20+00:00 DEBUG [scope=wc_subscription_scheduled_event] Dedicated queue runner "woocommerce-subscriptions" created. Cycle: 3/3.
2026-07-22T10:43:21+00:00 DEBUG [scope=wc_subscription_scheduled_event] Dedicated queue runner "woocommerce-subscriptions" could not be created. Existing claim: none. Cycle: 1/3.
2026-07-22T10:43:35+00:00 DEBUG [scope=wc_subscription_scheduled_event] Dedicated queue runner "woocommerce-subscriptions" could not be created. Existing claim: none. Cycle: 2/3.
2026-07-22T10:45:14+00:00 DEBUG [scope=wc_subscription_scheduled_event] Dedicated queue runner "woocommerce-subscriptions" created. Cycle: 3/3.
2026-07-22T10:45:50+00:00 DEBUG [scope=wc_subscription_scheduled_event] Dedicated queue runner "woocommerce-subscriptions" could not be created. Existing claim: none. Cycle: 1/3.
2026-07-22T10:46:39+00:00 DEBUG [scope=wc_subscription_scheduled_event] Dedicated queue runner "woocommerce-subscriptions" could not be created. Existing claim: none. Cycle: 2/3.
2026-07-22T10:47:34+00:00 DEBUG [scope=wc_subscription_scheduled_event] Dedicated queue runner "woocommerce-subscriptions" created. Cycle: 3/3.
2026-07-22T10:48:41+00:00 DEBUG [scope=wc_subscription_scheduled_event] Dedicated queue runner "woocommerce-subscriptions" could not be created. Existing claim: none. Cycle: 1/3.
2026-07-22T10:49:38+00:00 DEBUG [scope=wc_subscription_scheduled_event] Dedicated queue runner "woocommerce-subscriptions" could not be created. Existing claim: none. Cycle: 2/3.
2026-07-22T10:50:40+00:00 DEBUG [scope=wc_subscription_scheduled_event] Dedicated queue runner "woocommerce-subscriptions" created. Cycle: 3/3.
2026-07-22T10:51:43+00:00 DEBUG [scope=wc_subscription_scheduled_event] Dedicated queue runner "woocommerce-subscriptions" could not be created. Existing claim: none. Cycle: 1/3.
2026-07-22T10:52:41+00:00 DEBUG [scope=wc_subscription_scheduled_event] Dedicated queue runner "woocommerce-subscriptions" could not be created. Existing claim: none. Cycle: 2/3.
2026-07-22T10:53:45+00:00 DEBUG [scope=wc_subscription_scheduled_event] Dedicated queue runner "woocommerce-subscriptions" created. Cycle: 3/3.
2026-07-22T10:54:41+00:00 DEBUG [scope=wc_subscription_scheduled_event] Dedicated queue runner "woocommerce-subscriptions" could not be created. Existing claim: none. Cycle: 1/3.
2026-07-22T10:55:34+00:00 DEBUG [scope=wc_subscription_scheduled_event] Dedicated queue runner "woocommerce-subscriptions" could not be created. Existing claim: none. Cycle: 2/3.
2026-07-22T10:55:35+00:00 DEBUG [scope=wc_subscription_scheduled_event] Dedicated queue runner "woocommerce-subscriptions" created. Cycle: 3/3.
2026-07-22T10:56:43+00:00 DEBUG [scope=wc_subscription_scheduled_event] Dedicated queue runner "woocommerce-subscriptions" could not be created. Existing claim: none. Cycle: 1/3.
2026-07-22T10:56:43+00:00 DEBUG [scope=wc_subscription_scheduled_event] Dedicated queue runner "woocommerce-subscriptions" could not be created. Existing claim: none. Cycle: 2/3.
2026-07-22T10:57:47+00:00 DEBUG [scope=wc_subscription_scheduled_event] Dedicated queue runner "woocommerce-subscriptions" created. Cycle: 3/3.
2026-07-22T10:58:44+00:00 DEBUG [scope=wc_subscription_scheduled_event] Dedicated queue runner "woocommerce-subscriptions" could not be created. Existing claim: none. Cycle: 1/3.
2026-07-22T10:59:48+00:00 DEBUG [scope=wc_subscription_scheduled_event] Dedicated queue runner "woocommerce-subscriptions" could not be created. Existing claim: none. Cycle: 2/3.
2026-07-22T11:00:45+00:00 DEBUG [scope=wc_subscription_scheduled_event] Dedicated queue runner "woocommerce-subscriptions" created. Cycle: 3/3.
2026-07-22T11:01:49+00:00 DEBUG [scope=wc_subscription_scheduled_event] Dedicated queue runner "woocommerce-subscriptions" could not be created. Existing claim: none. Cycle: 1/3.
2026-07-22T11:03:49+00:00 DEBUG [scope=wc_subscription_scheduled_event] Dedicated queue runner "woocommerce-subscriptions" could not be created. Existing claim: none. Cycle: 2/3.
2026-07-22T11:06:34+00:00 DEBUG [scope=wc_subscription_scheduled_event] Dedicated queue runner "woocommerce-subscriptions" created. Cycle: 3/3.
2026-07-22T11:07:34+00:00 DEBUG [scope=wc_subscription_scheduled_event] Dedicated queue runner "woocommerce-subscriptions" could not be created. Existing claim: none. Cycle: 1/3.
2026-07-22T11:08:45+00:00 DEBUG [scope=wc_subscription_scheduled_event] Dedicated queue runner "woocommerce-subscriptions" could not be created. Existing claim: none. Cycle: 2/3.
2026-07-22T11:09:45+00:00 DEBUG [scope=wc_subscription_scheduled_event] Dedicated queue runner "woocommerce-subscriptions" created. Cycle: 3/3.
2026-07-22T11:11:47+00:00 DEBUG [scope=wc_subscription_scheduled_event] Dedicated queue runner "woocommerce-subscriptions" could not be created. Existing claim: none. Cycle: 1/3.
2026-07-22T11:13:48+00:00 DEBUG [scope=wc_subscription_scheduled_event] Dedicated queue runner "woocommerce-subscriptions" could not be created. Existing claim: none. Cycle: 2/3.
2026-07-22T11:15:48+00:00 DEBUG [scope=wc_subscription_scheduled_event] Dedicated queue runner "woocommerce-subscriptions" created. Cycle: 3/3.
2026-07-22T11:17:50+00:00 DEBUG [scope=wc_subscription_scheduled_event] Dedicated queue runner "woocommerce-subscriptions" could not be created. Existing claim: none. Cycle: 1/3.
2026-07-22T11:27:11+00:00 DEBUG [scope=wc_subscription_scheduled_event] Dedicated queue runner "woocommerce-subscriptions" not applied: none of its groups exist yet.
2026-07-22T11:38:30+00:00 DEBUG [scope=wc_subscription_scheduled_event] Dedicated queue runner "woocommerce-subscriptions" could not be created. Existing claim: none. Cycle: 2/3.
2026-07-22T11:38:37+00:00 DEBUG [scope=wc_subscription_scheduled_event] Dedicated queue runner "woocommerce-subscriptions" created. Cycle: 3/3.
2026-07-22T11:39:38+00:00 DEBUG [scope=wc_subscription_scheduled_event] Dedicated queue runner "woocommerce-subscriptions" could not be created. Existing claim: none. Cycle: 1/3.
2026-07-22T11:41:40+00:00 DEBUG [scope=wc_subscription_scheduled_event] Dedicated queue runner "woocommerce-subscriptions" could not be created. Existing claim: none. Cycle: 2/3.
2026-07-22T11:43:11+00:00 DEBUG [scope=wc_subscription_scheduled_event] Dedicated queue runner "woocommerce-subscriptions" created. Cycle: 3/3.
2026-07-22T11:43:37+00:00 DEBUG [scope=wc_subscription_scheduled_event] Dedicated queue runner "woocommerce-subscriptions" could not be created. Existing claim: none. Cycle: 1/3.
2026-07-22T11:44:54+00:00 DEBUG [scope=wc_subscription_scheduled_event] Dedicated queue runner "woocommerce-subscriptions" could not be created. Existing claim: none. Cycle: 2/3.
2026-07-22T11:49:26+00:00 DEBUG [scope=wc_subscription_scheduled_event] Dedicated queue runner "woocommerce-subscriptions" created. Cycle: 3/3.
2026-07-22T11:49:34+00:00 DEBUG [scope=wc_subscription_scheduled_event] Dedicated queue runner "woocommerce-subscriptions" could not be created. Existing claim: none. Cycle: 1/3.
2026-07-22T11:50:34+00:00 DEBUG [scope=wc_subscription_scheduled_event] Dedicated queue runner "woocommerce-subscriptions" could not be created. Existing claim: none. Cycle: 2/3.
2026-07-22T11:52:33+00:00 DEBUG [scope=wc_subscription_scheduled_event] Dedicated queue runner "woocommerce-subscriptions" created. Cycle: 3/3.
2026-07-22T11:52:35+00:00 DEBUG [scope=wc_subscription_scheduled_event] Dedicated queue runner "woocommerce-subscriptions" could not be created. Existing claim: none. Cycle: 1/3.
2026-07-22T11:53:43+00:00 DEBUG [scope=wc_subscription_scheduled_event] Dedicated queue runner "woocommerce-subscriptions" could not be created. Existing claim: none. Cycle: 2/3.
2026-07-22T11:54:34+00:00 DEBUG [scope=wc_subscription_scheduled_event] Dedicated queue runner "woocommerce-subscriptions" created. Cycle: 3/3.
2026-07-22T11:55:45+00:00 DEBUG [scope=wc_subscription_scheduled_event] Dedicated queue runner "woocommerce-subscriptions" could not be created. Existing claim: none. Cycle: 1/3.
2026-07-22T11:56:35+00:00 DEBUG [scope=wc_subscription_scheduled_event] Dedicated queue runner "woocommerce-subscriptions" could not be created. Existing claim: none. Cycle: 2/3.
2026-07-22T11:57:53+00:00 DEBUG [scope=wc_subscription_scheduled_event] Dedicated queue runner "woocommerce-subscriptions" created. Cycle: 3/3.
2026-07-22T11:58:34+00:00 DEBUG [scope=wc_subscription_scheduled_event] Dedicated queue runner "woocommerce-subscriptions" could not be created. Existing claim: none. Cycle: 1/3.
2026-07-22T12:00:00+00:00 DEBUG [scope=wc_subscription_scheduled_event] Dedicated queue runner "woocommerce-subscriptions" could not be created. Existing claim: none. Cycle: 2/3.
2026-07-22T12:00:34+00:00 DEBUG [scope=wc_subscription_scheduled_event] Dedicated queue runner "woocommerce-subscriptions" created. Cycle: 3/3.
2026-07-22T12:19:42+00:00 DEBUG [scope=wc_subscription_scheduled_event] Dedicated queue runner "woocommerce-subscriptions" not applied: none of its groups exist yet.
2026-07-22T12:24:48+00:00 DEBUG [scope=wc_subscription_scheduled_event] Dedicated queue runner "woocommerce-subscriptions" not applied: none of its groups exist yet.
2026-07-22T12:30:43+00:00 DEBUG [scope=wc_subscription_scheduled_event] Dedicated queue runner "woocommerce-subscriptions" could not be created. Existing claim: none. Cycle: 1/3.
2026-07-22T12:43:53+00:00 DEBUG [scope=wc_subscription_scheduled_event] Dedicated queue runner "woocommerce-subscriptions" could not be created. Existing claim: none. Cycle: 2/3.
2026-07-22T12:46:03+00:00 DEBUG [scope=wc_subscription_scheduled_event] Dedicated queue runner "woocommerce-subscriptions" created. Cycle: 3/3.
2026-07-22T12:47:29+00:00 DEBUG [scope=wc_subscription_scheduled_event] Dedicated queue runner "woocommerce-subscriptions" could not be created. Existing claim: none. Cycle: 1/3.
2026-07-22T12:49:30+00:00 DEBUG [scope=wc_subscription_scheduled_event] Dedicated queue runner "woocommerce-subscriptions" could not be created. Existing claim: none. Cycle: 2/3.
2026-07-22T12:51:31+00:00 DEBUG [scope=wc_subscription_scheduled_event] Dedicated queue runner "woocommerce-subscriptions" created. Cycle: 3/3.
2026-07-22T12:52:31+00:00 DEBUG [scope=wc_subscription_scheduled_event] Dedicated queue runner "woocommerce-subscriptions" could not be created. Existing claim: none. Cycle: 1/3.
2026-07-22T12:53:32+00:00 DEBUG [scope=wc_subscription_scheduled_event] Dedicated queue runner "woocommerce-subscriptions" could not be created. Existing claim: none. Cycle: 2/3.
2026-07-22T12:55:33+00:00 DEBUG [scope=wc_subscription_scheduled_event] Dedicated queue runner "woocommerce-subscriptions" created. Cycle: 3/3.
2026-07-22T12:57:34+00:00 DEBUG [scope=wc_subscription_scheduled_event] Dedicated queue runner "woocommerce-subscriptions" could not be created. Existing claim: none. Cycle: 1/3.
2026-07-22T12:58:35+00:00 DEBUG [scope=wc_subscription_scheduled_event] Dedicated queue runner "woocommerce-subscriptions" could not be created. Existing claim: none. Cycle: 2/3.
2026-07-22T12:58:58+00:00 DEBUG [scope=wc_subscription_scheduled_event] Dedicated queue runner "woocommerce-subscriptions" not applied: none of its groups exist yet.
2026-07-22T13:00:16+00:00 DEBUG [scope=wc_subscription_scheduled_event] Dedicated queue runner "woocommerce-subscriptions" created. Cycle: 3/3.
2026-07-22T13:00:37+00:00 DEBUG [scope=wc_subscription_scheduled_event] Dedicated queue runner "woocommerce-subscriptions" could not be created. Existing claim: none. Cycle: 1/3.
2026-07-22T13:01:43+00:00 DEBUG [scope=wc_subscription_scheduled_event] Dedicated queue runner "woocommerce-subscriptions" could not be created. Existing claim: none. Cycle: 2/3.
2026-07-22T13:02:35+00:00 DEBUG [scope=wc_subscription_scheduled_event] Dedicated queue runner "woocommerce-subscriptions" created. Cycle: 3/3.
2026-07-22T13:03:34+00:00 DEBUG [scope=wc_subscription_scheduled_event] Dedicated queue runner "woocommerce-subscriptions" could not be created. Existing claim: none. Cycle: 1/3.
2026-07-22T13:04:36+00:00 DEBUG [scope=wc_subscription_scheduled_event] Dedicated queue runner "woocommerce-subscriptions" could not be created. Existing claim: none. Cycle: 2/3.
2026-07-22T13:06:36+00:00 DEBUG [scope=wc_subscription_scheduled_event] Dedicated queue runner "woocommerce-subscriptions" created. Cycle: 3/3.
2026-07-22T13:08:37+00:00 DEBUG [scope=wc_subscription_scheduled_event] Dedicated queue runner "woocommerce-subscriptions" could not be created. Existing claim: none. Cycle: 1/3.
2026-07-22T13:10:39+00:00 DEBUG [scope=wc_subscription_scheduled_event] Dedicated queue runner "woocommerce-subscriptions" could not be created. Existing claim: none. Cycle: 2/3.
2026-07-22T13:12:40+00:00 DEBUG [scope=wc_subscription_scheduled_event] Dedicated queue runner "woocommerce-subscriptions" created. Cycle: 3/3.
2026-07-22T13:13:40+00:00 DEBUG [scope=wc_subscription_scheduled_event] Dedicated queue runner "woocommerce-subscriptions" could not be created. Existing claim: none. Cycle: 1/3.
2026-07-22T13:15:41+00:00 DEBUG [scope=wc_subscription_scheduled_event] Dedicated queue runner "woocommerce-subscriptions" could not be created. Existing claim: none. Cycle: 2/3.
2026-07-22T13:17:42+00:00 DEBUG [scope=wc_subscription_scheduled_event] Dedicated queue runner "woocommerce-subscriptions" created. Cycle: 3/3.
2026-07-22T13:19:43+00:00 DEBUG [scope=wc_subscription_scheduled_event] Dedicated queue runner "woocommerce-subscriptions" could not be created. Existing claim: none. Cycle: 1/3.
2026-07-22T13:21:44+00:00 DEBUG [scope=wc_subscription_scheduled_event] Dedicated queue runner "woocommerce-subscriptions" could not be created. Existing claim: none. Cycle: 2/3.
2026-07-22T13:32:27+00:00 DEBUG [scope=wc_subscription_scheduled_event] Dedicated queue runner "woocommerce-subscriptions" created. Cycle: 3/3.
2026-07-22T13:32:41+00:00 DEBUG [scope=wc_subscription_scheduled_event] Dedicated queue runner "woocommerce-subscriptions" could not be created. Existing claim: none. Cycle: 1/3.
2026-07-22T13:33:55+00:00 DEBUG [scope=wc_subscription_scheduled_event] Dedicated queue runner "woocommerce-subscriptions" could not be created. Existing claim: none. Cycle: 2/3.
2026-07-22T13:35:51+00:00 DEBUG [scope=wc_subscription_scheduled_event] Dedicated queue runner "woocommerce-subscriptions" created. Cycle: 3/3.
2026-07-22T13:36:34+00:00 DEBUG [scope=wc_subscription_scheduled_event] Dedicated queue runner "woocommerce-subscriptions" could not be created. Existing claim: none. Cycle: 1/3.
2026-07-22T13:37:57+00:00 DEBUG [scope=wc_subscription_scheduled_event] Dedicated queue runner "woocommerce-subscriptions" could not be created. Existing claim: none. Cycle: 2/3.
2026-07-22T13:38:34+00:00 DEBUG [scope=wc_subscription_scheduled_event] Dedicated queue runner "woocommerce-subscriptions" created. Cycle: 3/3.
2026-07-22T13:39:34+00:00 DEBUG [scope=wc_subscription_scheduled_event] Dedicated queue runner "woocommerce-subscriptions" could not be created. Existing claim: none. Cycle: 1/3.
2026-07-22T13:41:49+00:00 DEBUG [scope=wc_subscription_scheduled_event] Dedicated queue runner "woocommerce-subscriptions" could not be created. Existing claim: none. Cycle: 2/3.
2026-07-22T13:43:50+00:00 DEBUG [scope=wc_subscription_scheduled_event] Dedicated queue runner "woocommerce-subscriptions" created. Cycle: 3/3.
2026-07-22T13:45:10+00:00 DEBUG [scope=wc_subscription_scheduled_event] Dedicated queue runner "woocommerce-subscriptions" could not be created. Existing claim: none. Cycle: 1/3.
2026-07-22T13:45:51+00:00 DEBUG [scope=wc_subscription_scheduled_event] Dedicated queue runner "woocommerce-subscriptions" could not be created. Existing claim: none. Cycle: 2/3.
2026-07-22T13:47:10+00:00 DEBUG [scope=wc_subscription_scheduled_event] Dedicated queue runner "woocommerce-subscriptions" created. Cycle: 3/3.
2026-07-22T13:47:52+00:00 DEBUG [scope=wc_subscription_scheduled_event] Dedicated queue runner "woocommerce-subscriptions" could not be created. Existing claim: none. Cycle: 1/3.
2026-07-22T13:49:11+00:00 DEBUG [scope=wc_subscription_scheduled_event] Dedicated queue runner "woocommerce-subscriptions" could not be created. Existing claim: none. Cycle: 2/3.
2026-07-22T13:49:53+00:00 DEBUG [scope=wc_subscription_scheduled_event] Dedicated queue runner "woocommerce-subscriptions" created. Cycle: 3/3.
2026-07-22T13:50:44+00:00 DEBUG [scope=wc_subscription_scheduled_event] Dedicated queue runner "woocommerce-subscriptions" could not be created. Existing claim: none. Cycle: 1/3.
2026-07-22T13:52:15+00:00 DEBUG [scope=wc_subscription_scheduled_event] Dedicated queue runner "woocommerce-subscriptions" could not be created. Existing claim: none. Cycle: 2/3.
2026-07-22T13:52:50+00:00 DEBUG [scope=wc_subscription_scheduled_event] Dedicated queue runner "woocommerce-subscriptions" created. Cycle: 3/3.
2026-07-22T13:54:34+00:00 DEBUG [scope=wc_subscription_scheduled_event] Dedicated queue runner "woocommerce-subscriptions" could not be created. Existing claim: none. Cycle: 1/3.
2026-07-22T13:55:35+00:00 DEBUG [scope=wc_subscription_scheduled_event] Dedicated queue runner "woocommerce-subscriptions" could not be created. Existing claim: none. Cycle: 2/3.
2026-07-22T13:56:52+00:00 DEBUG [scope=wc_subscription_scheduled_event] Dedicated queue runner "woocommerce-subscriptions" created. Cycle: 3/3.
2026-07-22T13:57:36+00:00 DEBUG [scope=wc_subscription_scheduled_event] Dedicated queue runner "woocommerce-subscriptions" could not be created. Existing claim: none. Cycle: 1/3.
2026-07-22T13:58:53+00:00 DEBUG [scope=wc_subscription_scheduled_event] Dedicated queue runner "woocommerce-subscriptions" could not be created. Existing claim: none. Cycle: 2/3.
2026-07-22T13:59:37+00:00 DEBUG [scope=wc_subscription_scheduled_event] Dedicated queue runner "woocommerce-subscriptions" created. Cycle: 3/3.
2026-07-22T14:00:54+00:00 DEBUG [scope=wc_subscription_scheduled_event] Dedicated queue runner "woocommerce-subscriptions" could not be created. Existing claim: none. Cycle: 1/3.
2026-07-22T14:01:38+00:00 DEBUG [scope=wc_subscription_scheduled_event] Dedicated queue runner "woocommerce-subscriptions" could not be created. Existing claim: none. Cycle: 2/3.
2026-07-22T14:02:34+00:00 DEBUG [scope=wc_subscription_scheduled_event] Dedicated queue runner "woocommerce-subscriptions" created. Cycle: 3/3.
2026-07-22T14:03:35+00:00 DEBUG [scope=wc_subscription_scheduled_event] Dedicated queue runner "woocommerce-subscriptions" could not be created. Existing claim: none. Cycle: 1/3.
2026-07-22T14:04:35+00:00 DEBUG [scope=wc_subscription_scheduled_event] Dedicated queue runner "woocommerce-subscriptions" could not be created. Existing claim: none. Cycle: 2/3.
2026-07-22T14:05:36+00:00 DEBUG [scope=wc_subscription_scheduled_event] Dedicated queue runner "woocommerce-subscriptions" created. Cycle: 3/3.
2026-07-22T14:07:30+00:00 DEBUG [scope=wc_subscription_scheduled_event] Dedicated queue runner "woocommerce-subscriptions" could not be created. Existing claim: none. Cycle: 1/3.
2026-07-22T14:07:37+00:00 DEBUG [scope=wc_subscription_scheduled_event] Dedicated queue runner "woocommerce-subscriptions" could not be created. Existing claim: none. Cycle: 2/3.
2026-07-22T14:09:20+00:00 DEBUG [scope=wc_subscription_scheduled_event] Dedicated queue runner "woocommerce-subscriptions" created. Cycle: 3/3.
2026-07-22T14:09:38+00:00 DEBUG [scope=wc_subscription_scheduled_event] Dedicated queue runner "woocommerce-subscriptions" could not be created. Existing claim: none. Cycle: 1/3.
2026-07-22T14:10:42+00:00 DEBUG [scope=wc_subscription_scheduled_event] Dedicated queue runner "woocommerce-subscriptions" could not be created. Existing claim: none. Cycle: 2/3.
2026-07-22T14:11:36+00:00 DEBUG [scope=wc_subscription_scheduled_event] Dedicated queue runner "woocommerce-subscriptions" created. Cycle: 3/3.
2026-07-22T14:12:54+00:00 DEBUG [scope=wc_subscription_scheduled_event] Dedicated queue runner "woocommerce-subscriptions" could not be created. Existing claim: none. Cycle: 1/3.
2026-07-22T14:13:54+00:00 DEBUG [scope=wc_subscription_scheduled_event] Dedicated queue runner "woocommerce-subscriptions" could not be created. Existing claim: none. Cycle: 2/3.
2026-07-22T14:14:54+00:00 DEBUG [scope=wc_subscription_scheduled_event] Dedicated queue runner "woocommerce-subscriptions" created. Cycle: 3/3.
2026-07-22T14:15:54+00:00 DEBUG [scope=wc_subscription_scheduled_event] Dedicated queue runner "woocommerce-subscriptions" could not be created. Existing claim: none. Cycle: 1/3.
2026-07-22T14:16:54+00:00 DEBUG [scope=wc_subscription_scheduled_event] Dedicated queue runner "woocommerce-subscriptions" could not be created. Existing claim: none. Cycle: 2/3.
2026-07-22T14:17:54+00:00 DEBUG [scope=wc_subscription_scheduled_event] Dedicated queue runner "woocommerce-subscriptions" created. Cycle: 3/3.
2026-07-22T14:19:04+00:00 DEBUG [scope=wc_subscription_scheduled_event] Dedicated queue runner "woocommerce-subscriptions" could not be created. Existing claim: none. Cycle: 1/3.
2026-07-22T14:19:55+00:00 DEBUG [scope=wc_subscription_scheduled_event] Dedicated queue runner "woocommerce-subscriptions" could not be created. Existing claim: none. Cycle: 2/3.
2026-07-22T14:21:05+00:00 DEBUG [scope=wc_subscription_scheduled_event] Dedicated queue runner "woocommerce-subscriptions" created. Cycle: 3/3.
2026-07-22T14:21:56+00:00 DEBUG [scope=wc_subscription_scheduled_event] Dedicated queue runner "woocommerce-subscriptions" could not be created. Existing claim: none. Cycle: 1/3.
2026-07-22T14:23:57+00:00 DEBUG [scope=wc_subscription_scheduled_event] Dedicated queue runner "woocommerce-subscriptions" could not be created. Existing claim: none. Cycle: 2/3.
2026-07-22T14:25:58+00:00 DEBUG [scope=wc_subscription_scheduled_event] Dedicated queue runner "woocommerce-subscriptions" created. Cycle: 3/3.
2026-07-22T14:33:14+00:00 DEBUG [scope=wc_subscription_scheduled_event] Dedicated queue runner "woocommerce-subscriptions" could not be created. Existing claim: none. Cycle: 1/3.
2026-07-22T14:56:32+00:00 DEBUG [scope=wc_subscription_scheduled_event] Dedicated queue runner "woocommerce-subscriptions" not applied: none of its groups exist yet.
2026-07-22T15:34:23+00:00 DEBUG [scope=wc_subscription_scheduled_event] Dedicated queue runner "woocommerce-subscriptions" could not be created. Existing claim: none. Cycle: 2/3.
2026-07-22T15:35:31+00:00 DEBUG [scope=wc_subscription_scheduled_event] Dedicated queue runner "woocommerce-subscriptions" created. Cycle: 3/3.
2026-07-22T15:35:43+00:00 DEBUG [scope=wc_subscription_scheduled_event] Dedicated queue runner "woocommerce-subscriptions" could not be created. Existing claim: none. Cycle: 1/3.
2026-07-22T15:36:51+00:00 DEBUG [scope=wc_subscription_scheduled_event] Dedicated queue runner "woocommerce-subscriptions" could not be created. Existing claim: none. Cycle: 2/3.
2026-07-22T15:37:42+00:00 DEBUG [scope=wc_subscription_scheduled_event] Dedicated queue runner "woocommerce-subscriptions" created. Cycle: 3/3.
2026-07-22T15:38:46+00:00 DEBUG [scope=wc_subscription_scheduled_event] Dedicated queue runner "woocommerce-subscriptions" could not be created. Existing claim: none. Cycle: 1/3.
2026-07-22T15:40:47+00:00 DEBUG [scope=wc_subscription_scheduled_event] Dedicated queue runner "woocommerce-subscriptions" could not be created. Existing claim: none. Cycle: 2/3.
2026-07-22T15:42:48+00:00 DEBUG [scope=wc_subscription_scheduled_event] Dedicated queue runner "woocommerce-subscriptions" created. Cycle: 3/3.
2026-07-22T15:44:49+00:00 DEBUG [scope=wc_subscription_scheduled_event] Dedicated queue runner "woocommerce-subscriptions" could not be created. Existing claim: none. Cycle: 1/3.
2026-07-22T15:46:50+00:00 DEBUG [scope=wc_subscription_scheduled_event] Dedicated queue runner "woocommerce-subscriptions" could not be created. Existing claim: none. Cycle: 2/3.
2026-07-22T15:47:37+00:00 DEBUG [scope=wc_subscription_scheduled_event] Dedicated queue runner "woocommerce-subscriptions" created. Cycle: 3/3.
2026-07-22T15:48:37+00:00 DEBUG [scope=wc_subscription_scheduled_event] Dedicated queue runner "woocommerce-subscriptions" could not be created. Existing claim: none. Cycle: 1/3.
2026-07-22T15:50:00+00:00 DEBUG [scope=wc_subscription_scheduled_event] Dedicated queue runner "woocommerce-subscriptions" could not be created. Existing claim: none. Cycle: 2/3.
2026-07-22T15:50:54+00:00 DEBUG [scope=wc_subscription_scheduled_event] Dedicated queue runner "woocommerce-subscriptions" created. Cycle: 3/3.
2026-07-22T15:52:01+00:00 DEBUG [scope=wc_subscription_scheduled_event] Dedicated queue runner "woocommerce-subscriptions" could not be created. Existing claim: none. Cycle: 1/3.
2026-07-22T15:52:54+00:00 DEBUG [scope=wc_subscription_scheduled_event] Dedicated queue runner "woocommerce-subscriptions" could not be created. Existing claim: none. Cycle: 2/3.
2026-07-22T15:54:00+00:00 DEBUG [scope=wc_subscription_scheduled_event] Dedicated queue runner "woocommerce-subscriptions" created. Cycle: 3/3.
2026-07-22T15:54:55+00:00 DEBUG [scope=wc_subscription_scheduled_event] Dedicated queue runner "woocommerce-subscriptions" could not be created. Existing claim: none. Cycle: 1/3.
2026-07-22T15:56:01+00:00 DEBUG [scope=wc_subscription_scheduled_event] Dedicated queue runner "woocommerce-subscriptions" could not be created. Existing claim: none. Cycle: 2/3.
2026-07-22T15:56:57+00:00 DEBUG [scope=wc_subscription_scheduled_event] Dedicated queue runner "woocommerce-subscriptions" created. Cycle: 3/3.
2026-07-22T15:58:01+00:00 DEBUG [scope=wc_subscription_scheduled_event] Dedicated queue runner "woocommerce-subscriptions" could not be created. Existing claim: none. Cycle: 1/3.
2026-07-22T15:58:58+00:00 DEBUG [scope=wc_subscription_scheduled_event] Dedicated queue runner "woocommerce-subscriptions" could not be created. Existing claim: none. Cycle: 2/3.
2026-07-22T16:00:01+00:00 DEBUG [scope=wc_subscription_scheduled_event] Dedicated queue runner "woocommerce-subscriptions" created. Cycle: 3/3.
2026-07-22T16:00:59+00:00 DEBUG [scope=wc_subscription_scheduled_event] Dedicated queue runner "woocommerce-subscriptions" could not be created. Existing claim: none. Cycle: 1/3.
2026-07-22T16:02:02+00:00 DEBUG [scope=wc_subscription_scheduled_event] Dedicated queue runner "woocommerce-subscriptions" could not be created. Existing claim: none. Cycle: 2/3.
2026-07-22T16:02:59+00:00 DEBUG [scope=wc_subscription_scheduled_event] Dedicated queue runner "woocommerce-subscriptions" created. Cycle: 3/3.
2026-07-22T16:04:03+00:00 DEBUG [scope=wc_subscription_scheduled_event] Dedicated queue runner "woocommerce-subscriptions" could not be created. Existing claim: none. Cycle: 1/3.
2026-07-22T16:05:01+00:00 DEBUG [scope=wc_subscription_scheduled_event] Dedicated queue runner "woocommerce-subscriptions" could not be created. Existing claim: none. Cycle: 2/3.
2026-07-22T16:07:02+00:00 DEBUG [scope=wc_subscription_scheduled_event] Dedicated queue runner "woocommerce-subscriptions" created. Cycle: 3/3.
2026-07-22T16:09:03+00:00 DEBUG [scope=wc_subscription_scheduled_event] Dedicated queue runner "woocommerce-subscriptions" could not be created. Existing claim: none. Cycle: 1/3.
2026-07-22T16:11:30+00:00 DEBUG [scope=wc_subscription_scheduled_event] Dedicated queue runner "woocommerce-subscriptions" could not be created. Existing claim: none. Cycle: 2/3.
2026-07-22T16:20:45+00:00 DEBUG [scope=wc_subscription_scheduled_event] Dedicated queue runner "woocommerce-subscriptions" created. Cycle: 3/3.
2026-07-22T16:21:51+00:00 DEBUG [scope=wc_subscription_scheduled_event] Dedicated queue runner "woocommerce-subscriptions" could not be created. Existing claim: none. Cycle: 1/3.
2026-07-22T16:22:41+00:00 DEBUG [scope=wc_subscription_scheduled_event] Dedicated queue runner "woocommerce-subscriptions" could not be created. Existing claim: none. Cycle: 2/3.
2026-07-22T16:23:52+00:00 DEBUG [scope=wc_subscription_scheduled_event] Dedicated queue runner "woocommerce-subscriptions" created. Cycle: 3/3.
2026-07-22T16:24:42+00:00 DEBUG [scope=wc_subscription_scheduled_event] Dedicated queue runner "woocommerce-subscriptions" could not be created. Existing claim: none. Cycle: 1/3.
2026-07-22T16:25:53+00:00 DEBUG [scope=wc_subscription_scheduled_event] Dedicated queue runner "woocommerce-subscriptions" could not be created. Existing claim: none. Cycle: 2/3.
2026-07-22T16:26:43+00:00 DEBUG [scope=wc_subscription_scheduled_event] Dedicated queue runner "woocommerce-subscriptions" created. Cycle: 3/3.
2026-07-22T16:27:54+00:00 DEBUG [scope=wc_subscription_scheduled_event] Dedicated queue runner "woocommerce-subscriptions" could not be created. Existing claim: none. Cycle: 1/3.
2026-07-22T16:28:44+00:00 DEBUG [scope=wc_subscription_scheduled_event] Dedicated queue runner "woocommerce-subscriptions" could not be created. Existing claim: none. Cycle: 2/3.
2026-07-22T16:29:55+00:00 DEBUG [scope=wc_subscription_scheduled_event] Dedicated queue runner "woocommerce-subscriptions" created. Cycle: 3/3.
2026-07-22T16:30:45+00:00 DEBUG [scope=wc_subscription_scheduled_event] Dedicated queue runner "woocommerce-subscriptions" could not be created. Existing claim: none. Cycle: 1/3.
2026-07-22T16:32:46+00:00 DEBUG [scope=wc_subscription_scheduled_event] Dedicated queue runner "woocommerce-subscriptions" could not be created. Existing claim: none. Cycle: 2/3.
2026-07-22T16:34:47+00:00 DEBUG [scope=wc_subscription_scheduled_event] Dedicated queue runner "woocommerce-subscriptions" created. Cycle: 3/3.
2026-07-22T16:36:48+00:00 DEBUG [scope=wc_subscription_scheduled_event] Dedicated queue runner "woocommerce-subscriptions" could not be created. Existing claim: none. Cycle: 1/3.
2026-07-22T16:38:49+00:00 DEBUG [scope=wc_subscription_scheduled_event] Dedicated queue runner "woocommerce-subscriptions" could not be created. Existing claim: none. Cycle: 2/3.
2026-07-22T16:40:02+00:00 DEBUG [scope=wc_subscription_scheduled_event] Dedicated queue runner "woocommerce-subscriptions" created. Cycle: 3/3.
2026-07-22T16:40:50+00:00 DEBUG [scope=wc_subscription_scheduled_event] Dedicated queue runner "woocommerce-subscriptions" could not be created. Existing claim: none. Cycle: 1/3.
2026-07-22T16:42:51+00:00 DEBUG [scope=wc_subscription_scheduled_event] Dedicated queue runner "woocommerce-subscriptions" could not be created. Existing claim: none. Cycle: 2/3.
2026-07-22T16:44:44+00:00 DEBUG [scope=wc_subscription_scheduled_event] Dedicated queue runner "woocommerce-subscriptions" created. Cycle: 3/3.
2026-07-22T16:45:35+00:00 DEBUG [scope=wc_subscription_scheduled_event] Dedicated queue runner "woocommerce-subscriptions" could not be created. Existing claim: none. Cycle: 1/3.
2026-07-22T16:46:47+00:00 DEBUG [scope=wc_subscription_scheduled_event] Dedicated queue runner "woocommerce-subscriptions" could not be created. Existing claim: none. Cycle: 2/3.
2026-07-22T16:47:45+00:00 DEBUG [scope=wc_subscription_scheduled_event] Dedicated queue runner "woocommerce-subscriptions" created. Cycle: 3/3.
2026-07-22T16:48:48+00:00 DEBUG [scope=wc_subscription_scheduled_event] Dedicated queue runner "woocommerce-subscriptions" could not be created. Existing claim: none. Cycle: 1/3.
2026-07-22T16:49:46+00:00 DEBUG [scope=wc_subscription_scheduled_event] Dedicated queue runner "woocommerce-subscriptions" could not be created. Existing claim: none. Cycle: 2/3.
2026-07-22T16:50:46+00:00 DEBUG [scope=wc_subscription_scheduled_event] Dedicated queue runner "woocommerce-subscriptions" created. Cycle: 3/3.
2026-07-22T16:51:47+00:00 DEBUG [scope=wc_subscription_scheduled_event] Dedicated queue runner "woocommerce-subscriptions" could not be created. Existing claim: none. Cycle: 1/3.
2026-07-22T16:52:48+00:00 DEBUG [scope=wc_subscription_scheduled_event] Dedicated queue runner "woocommerce-subscriptions" could not be created. Existing claim: none. Cycle: 2/3.
2026-07-22T16:53:41+00:00 DEBUG [scope=wc_subscription_scheduled_event] Dedicated queue runner "woocommerce-subscriptions" created. Cycle: 3/3.
2026-07-22T16:54:49+00:00 DEBUG [scope=wc_subscription_scheduled_event] Dedicated queue runner "woocommerce-subscriptions" could not be created. Existing claim: none. Cycle: 1/3.
2026-07-22T16:56:50+00:00 DEBUG [scope=wc_subscription_scheduled_event] Dedicated queue runner "woocommerce-subscriptions" could not be created. Existing claim: none. Cycle: 2/3.
2026-07-22T16:57:51+00:00 DEBUG [scope=wc_subscription_scheduled_event] Dedicated queue runner "woocommerce-subscriptions" created. Cycle: 3/3.
2026-07-22T16:58:52+00:00 DEBUG [scope=wc_subscription_scheduled_event] Dedicated queue runner "woocommerce-subscriptions" could not be created. Existing claim: none. Cycle: 1/3.
2026-07-22T17:00:53+00:00 DEBUG [scope=wc_subscription_scheduled_event] Dedicated queue runner "woocommerce-subscriptions" could not be created. Existing claim: none. Cycle: 2/3.
2026-07-22T17:02:54+00:00 DEBUG [scope=wc_subscription_scheduled_event] Dedicated queue runner "woocommerce-subscriptions" created. Cycle: 3/3.
2026-07-22T17:04:55+00:00 DEBUG [scope=wc_subscription_scheduled_event] Dedicated queue runner "woocommerce-subscriptions" could not be created. Existing claim: none. Cycle: 1/3.
2026-07-22T17:06:56+00:00 DEBUG [scope=wc_subscription_scheduled_event] Dedicated queue runner "woocommerce-subscriptions" could not be created. Existing claim: none. Cycle: 2/3.
2026-07-22T17:08:57+00:00 DEBUG [scope=wc_subscription_scheduled_event] Dedicated queue runner "woocommerce-subscriptions" created. Cycle: 3/3.
2026-07-22T17:11:05+00:00 DEBUG [scope=wc_subscription_scheduled_event] Dedicated queue runner "woocommerce-subscriptions" could not be created. Existing claim: none. Cycle: 1/3.
2026-07-22T17:13:07+00:00 DEBUG [scope=wc_subscription_scheduled_event] Dedicated queue runner "woocommerce-subscriptions" could not be created. Existing claim: none. Cycle: 2/3.
2026-07-22T17:15:07+00:00 DEBUG [scope=wc_subscription_scheduled_event] Dedicated queue runner "woocommerce-subscriptions" created. Cycle: 3/3.
2026-07-22T17:17:08+00:00 DEBUG [scope=wc_subscription_scheduled_event] Dedicated queue runner "woocommerce-subscriptions" could not be created. Existing claim: none. Cycle: 1/3.
2026-07-22T17:25:16+00:00 DEBUG [scope=wc_subscription_scheduled_event] Dedicated queue runner "woocommerce-subscriptions" could not be created. Existing claim: none. Cycle: 2/3.
2026-07-22T17:27:16+00:00 DEBUG [scope=wc_subscription_scheduled_event] Dedicated queue runner "woocommerce-subscriptions" created. Cycle: 3/3.
2026-07-22T17:29:17+00:00 DEBUG [scope=wc_subscription_scheduled_event] Dedicated queue runner "woocommerce-subscriptions" could not be created. Existing claim: none. Cycle: 1/3.
2026-07-22T17:31:19+00:00 DEBUG [scope=wc_subscription_scheduled_event] Dedicated queue runner "woocommerce-subscriptions" could not be created. Existing claim: none. Cycle: 2/3.
2026-07-22T17:33:19+00:00 DEBUG [scope=wc_subscription_scheduled_event] Dedicated queue runner "woocommerce-subscriptions" created. Cycle: 3/3.
2026-07-22T17:35:20+00:00 DEBUG [scope=wc_subscription_scheduled_event] Dedicated queue runner "woocommerce-subscriptions" could not be created. Existing claim: none. Cycle: 1/3.
2026-07-22T17:37:22+00:00 DEBUG [scope=wc_subscription_scheduled_event] Dedicated queue runner "woocommerce-subscriptions" could not be created. Existing claim: none. Cycle: 2/3.
2026-07-22T17:44:52+00:00 DEBUG [scope=wc_subscription_scheduled_event] Dedicated queue runner "woocommerce-subscriptions" created. Cycle: 3/3.
2026-07-22T17:46:52+00:00 DEBUG [scope=wc_subscription_scheduled_event] Dedicated queue runner "woocommerce-subscriptions" could not be created. Existing claim: none. Cycle: 1/3.
2026-07-22T17:48:53+00:00 DEBUG [scope=wc_subscription_scheduled_event] Dedicated queue runner "woocommerce-subscriptions" could not be created. Existing claim: none. Cycle: 2/3.
2026-07-22T17:50:13+00:00 DEBUG [scope=wc_subscription_scheduled_event] Dedicated queue runner "woocommerce-subscriptions" created. Cycle: 3/3.
2026-07-22T17:51:16+00:00 DEBUG [scope=wc_subscription_scheduled_event] Dedicated queue runner "woocommerce-subscriptions" not applied: none of its groups exist yet.
2026-07-22T17:52:13+00:00 DEBUG [scope=wc_subscription_scheduled_event] Dedicated queue runner "woocommerce-subscriptions" could not be created. Existing claim: none. Cycle: 1/3.
2026-07-22T17:53:27+00:00 DEBUG [scope=wc_subscription_scheduled_event] Dedicated queue runner "woocommerce-subscriptions" could not be created. Existing claim: none. Cycle: 2/3.
2026-07-22T17:54:15+00:00 DEBUG [scope=wc_subscription_scheduled_event] Dedicated queue runner "woocommerce-subscriptions" created. Cycle: 3/3.
2026-07-22T17:55:54+00:00 DEBUG [scope=wc_subscription_scheduled_event] Dedicated queue runner "woocommerce-subscriptions" could not be created. Existing claim: none. Cycle: 1/3.
2026-07-22T17:56:54+00:00 DEBUG [scope=wc_subscription_scheduled_event] Dedicated queue runner "woocommerce-subscriptions" could not be created. Existing claim: none. Cycle: 2/3.
2026-07-22T17:58:17+00:00 DEBUG [scope=wc_subscription_scheduled_event] Dedicated queue runner "woocommerce-subscriptions" created. Cycle: 3/3.
2026-07-22T17:58:55+00:00 DEBUG [scope=wc_subscription_scheduled_event] Dedicated queue runner "woocommerce-subscriptions" could not be created. Existing claim: none. Cycle: 1/3.
2026-07-22T18:00:18+00:00 DEBUG [scope=wc_subscription_scheduled_event] Dedicated queue runner "woocommerce-subscriptions" could not be created. Existing claim: none. Cycle: 2/3.
2026-07-22T18:00:56+00:00 DEBUG [scope=wc_subscription_scheduled_event] Dedicated queue runner "woocommerce-subscriptions" created. Cycle: 3/3.
2026-07-22T18:01:48+00:00 DEBUG [scope=wc_subscription_scheduled_event] Dedicated queue runner "woocommerce-subscriptions" could not be created. Existing claim: none. Cycle: 1/3.
2026-07-22T18:02:57+00:00 DEBUG [scope=wc_subscription_scheduled_event] Dedicated queue runner "woocommerce-subscriptions" could not be created. Existing claim: none. Cycle: 2/3.
2026-07-22T18:04:20+00:00 DEBUG [scope=wc_subscription_scheduled_event] Dedicated queue runner "woocommerce-subscriptions" created. Cycle: 3/3.
2026-07-22T18:04:58+00:00 DEBUG [scope=wc_subscription_scheduled_event] Dedicated queue runner "woocommerce-subscriptions" could not be created. Existing claim: none. Cycle: 1/3.
2026-07-22T18:06:21+00:00 DEBUG [scope=wc_subscription_scheduled_event] Dedicated queue runner "woocommerce-subscriptions" could not be created. Existing claim: none. Cycle: 2/3.
2026-07-22T18:07:22+00:00 DEBUG [scope=wc_subscription_scheduled_event] Dedicated queue runner "woocommerce-subscriptions" created. Cycle: 3/3.
2026-07-22T18:09:23+00:00 DEBUG [scope=wc_subscription_scheduled_event] Dedicated queue runner "woocommerce-subscriptions" could not be created. Existing claim: none. Cycle: 1/3.
2026-07-22T18:11:24+00:00 DEBUG [scope=wc_subscription_scheduled_event] Dedicated queue runner "woocommerce-subscriptions" could not be created. Existing claim: none. Cycle: 2/3.
2026-07-22T18:13:25+00:00 DEBUG [scope=wc_subscription_scheduled_event] Dedicated queue runner "woocommerce-subscriptions" created. Cycle: 3/3.
2026-07-22T18:15:26+00:00 DEBUG [scope=wc_subscription_scheduled_event] Dedicated queue runner "woocommerce-subscriptions" could not be created. Existing claim: none. Cycle: 1/3.
2026-07-22T18:17:27+00:00 DEBUG [scope=wc_subscription_scheduled_event] Dedicated queue runner "woocommerce-subscriptions" could not be created. Existing claim: none. Cycle: 2/3.
2026-07-22T18:19:22+00:00 DEBUG [scope=wc_subscription_scheduled_event] Dedicated queue runner "woocommerce-subscriptions" created. Cycle: 3/3.
2026-07-22T18:20:29+00:00 DEBUG [scope=wc_subscription_scheduled_event] Dedicated queue runner "woocommerce-subscriptions" could not be created. Existing claim: none. Cycle: 1/3.
2026-07-22T18:20:45+00:00 DEBUG [scope=wc_subscription_scheduled_event] Dedicated queue runner "woocommerce-subscriptions" could not be created. Existing claim: none. Cycle: 2/3.
2026-07-22T18:21:46+00:00 DEBUG [scope=wc_subscription_scheduled_event] Dedicated queue runner "woocommerce-subscriptions" created. Cycle: 3/3.
2026-07-22T18:23:31+00:00 DEBUG [scope=wc_subscription_scheduled_event] Dedicated queue runner "woocommerce-subscriptions" could not be created. Existing claim: none. Cycle: 1/3.
2026-07-22T18:23:47+00:00 DEBUG [scope=wc_subscription_scheduled_event] Dedicated queue runner "woocommerce-subscriptions" could not be created. Existing claim: none. Cycle: 2/3.
2026-07-22T18:24:43+00:00 DEBUG [scope=wc_subscription_scheduled_event] Dedicated queue runner "woocommerce-subscriptions" created. Cycle: 3/3.
2026-07-22T18:25:43+00:00 DEBUG [scope=wc_subscription_scheduled_event] Dedicated queue runner "woocommerce-subscriptions" could not be created. Existing claim: none. Cycle: 1/3.
2026-07-22T18:26:35+00:00 DEBUG [scope=wc_subscription_scheduled_event] Dedicated queue runner "woocommerce-subscriptions" could not be created. Existing claim: none. Cycle: 2/3.
2026-07-22T18:27:39+00:00 DEBUG [scope=wc_subscription_scheduled_event] Dedicated queue runner "woocommerce-subscriptions" created. Cycle: 3/3.
2026-07-22T18:29:45+00:00 DEBUG [scope=wc_subscription_scheduled_event] Dedicated queue runner "woocommerce-subscriptions" could not be created. Existing claim: none. Cycle: 1/3.
2026-07-22T18:30:34+00:00 DEBUG [scope=wc_subscription_scheduled_event] Dedicated queue runner "woocommerce-subscriptions" could not be created. Existing claim: none. Cycle: 2/3.
2026-07-22T18:31:46+00:00 DEBUG [scope=wc_subscription_scheduled_event] Dedicated queue runner "woocommerce-subscriptions" created. Cycle: 3/3.
2026-07-22T18:32:35+00:00 DEBUG [scope=wc_subscription_scheduled_event] Dedicated queue runner "woocommerce-subscriptions" could not be created. Existing claim: none. Cycle: 1/3.
2026-07-22T18:33:47+00:00 DEBUG [scope=wc_subscription_scheduled_event] Dedicated queue runner "woocommerce-subscriptions" could not be created. Existing claim: none. Cycle: 2/3.
2026-07-22T18:34:36+00:00 DEBUG [scope=wc_subscription_scheduled_event] Dedicated queue runner "woocommerce-subscriptions" created. Cycle: 3/3.
2026-07-22T18:36:38+00:00 DEBUG [scope=wc_subscription_scheduled_event] Dedicated queue runner "woocommerce-subscriptions" could not be created. Existing claim: none. Cycle: 1/3.
2026-07-22T18:38:38+00:00 DEBUG [scope=wc_subscription_scheduled_event] Dedicated queue runner "woocommerce-subscriptions" could not be created. Existing claim: none. Cycle: 2/3.
2026-07-22T18:39:56+00:00 DEBUG [scope=wc_subscription_scheduled_event] Dedicated queue runner "woocommerce-subscriptions" created. Cycle: 3/3.
2026-07-22T18:40:52+00:00 DEBUG [scope=wc_subscription_scheduled_event] Dedicated queue runner "woocommerce-subscriptions" could not be created. Existing claim: none. Cycle: 1/3.
2026-07-22T18:41:41+00:00 DEBUG [scope=wc_subscription_scheduled_event] Dedicated queue runner "woocommerce-subscriptions" could not be created. Existing claim: none. Cycle: 2/3.
2026-07-22T18:42:45+00:00 DEBUG [scope=wc_subscription_scheduled_event] Dedicated queue runner "woocommerce-subscriptions" created. Cycle: 3/3.
2026-07-22T18:44:01+00:00 DEBUG [scope=wc_subscription_scheduled_event] Dedicated queue runner "woocommerce-subscriptions" could not be created. Existing claim: none. Cycle: 1/3.
2026-07-22T18:44:52+00:00 DEBUG [scope=wc_subscription_scheduled_event] Dedicated queue runner "woocommerce-subscriptions" could not be created. Existing claim: none. Cycle: 2/3.
2026-07-22T18:47:04+00:00 DEBUG [scope=wc_subscription_scheduled_event] Dedicated queue runner "woocommerce-subscriptions" created. Cycle: 3/3.
2026-07-22T18:47:56+00:00 DEBUG [scope=wc_subscription_scheduled_event] Dedicated queue runner "woocommerce-subscriptions" not applied: none of its groups exist yet.
2026-07-22T18:49:04+00:00 DEBUG [scope=wc_subscription_scheduled_event] Dedicated queue runner "woocommerce-subscriptions" could not be created. Existing claim: none. Cycle: 1/3.
2026-07-22T18:51:05+00:00 DEBUG [scope=wc_subscription_scheduled_event] Dedicated queue runner "woocommerce-subscriptions" could not be created. Existing claim: none. Cycle: 2/3.
2026-07-22T18:53:06+00:00 DEBUG [scope=wc_subscription_scheduled_event] Dedicated queue runner "woocommerce-subscriptions" created. Cycle: 3/3.
2026-07-22T18:54:45+00:00 DEBUG [scope=wc_subscription_scheduled_event] Dedicated queue runner "woocommerce-subscriptions" not applied: none of its groups exist yet.
2026-07-22T19:01:11+00:00 DEBUG [scope=wc_subscription_scheduled_event] Dedicated queue runner "woocommerce-subscriptions" not applied: none of its groups exist yet.
2026-07-22T19:24:13+00:00 DEBUG [scope=wc_subscription_scheduled_event] Dedicated queue runner "woocommerce-subscriptions" not applied: none of its groups exist yet.
2026-07-22T19:24:55+00:00 DEBUG [scope=wc_subscription_scheduled_event] Dedicated queue runner "woocommerce-subscriptions" not applied: none of its groups exist yet.
2026-07-22T19:26:08+00:00 DEBUG [scope=wc_subscription_scheduled_event] Dedicated queue runner "woocommerce-subscriptions" not applied: none of its groups exist yet.
2026-07-22T19:26:44+00:00 DEBUG [scope=wc_subscription_scheduled_event] Dedicated queue runner "woocommerce-subscriptions" not applied: none of its groups exist yet.
2026-07-22T19:29:12+00:00 DEBUG [scope=wc_subscription_scheduled_event] Dedicated queue runner "woocommerce-subscriptions" not applied: none of its groups exist yet.
2026-07-22T19:29:52+00:00 DEBUG [scope=wc_subscription_scheduled_event] Dedicated queue runner "woocommerce-subscriptions" not applied: none of its groups exist yet.
2026-07-22T19:39:59+00:00 DEBUG [scope=wc_subscription_scheduled_event] Dedicated queue runner "woocommerce-subscriptions" could not be created. Existing claim: none. Cycle: 1/3.
2026-07-22T19:53:19+00:00 DEBUG [scope=wc_subscription_scheduled_event] Dedicated queue runner "woocommerce-subscriptions" could not be created. Existing claim: none. Cycle: 2/3.
2026-07-22T19:54:16+00:00 DEBUG [scope=wc_subscription_scheduled_event] Dedicated queue runner "woocommerce-subscriptions" created. Cycle: 3/3.
2026-07-22T19:55:17+00:00 DEBUG [scope=wc_subscription_scheduled_event] Dedicated queue runner "woocommerce-subscriptions" could not be created. Existing claim: none. Cycle: 1/3.
2026-07-22T19:55:17+00:00 DEBUG [scope=wc_subscription_scheduled_event] Dedicated queue runner "woocommerce-subscriptions" not applied: none of its groups exist yet.
2026-07-22T19:57:09+00:00 DEBUG [scope=wc_subscription_scheduled_event] Dedicated queue runner "woocommerce-subscriptions" could not be created. Existing claim: none. Cycle: 2/3.
2026-07-22T19:58:10+00:00 DEBUG [scope=wc_subscription_scheduled_event] Dedicated queue runner "woocommerce-subscriptions" created. Cycle: 3/3.
2026-07-22T19:59:58+00:00 DEBUG [scope=wc_subscription_scheduled_event] Dedicated queue runner "woocommerce-subscriptions" could not be created. Existing claim: none. Cycle: 1/3.
2026-07-22T20:00:48+00:00 DEBUG [scope=wc_subscription_scheduled_event] Dedicated queue runner "woocommerce-subscriptions" not applied: none of its groups exist yet.
2026-07-22T20:01:17+00:00 DEBUG [scope=wc_subscription_scheduled_event] Dedicated queue runner "woocommerce-subscriptions" could not be created. Existing claim: none. Cycle: 2/3.
2026-07-22T20:02:12+00:00 DEBUG [scope=wc_subscription_scheduled_event] Dedicated queue runner "woocommerce-subscriptions" created. Cycle: 3/3.
2026-07-22T20:02:22+00:00 DEBUG [scope=wc_subscription_scheduled_event] Dedicated queue runner "woocommerce-subscriptions" not applied: none of its groups exist yet.
2026-07-22T20:04:13+00:00 DEBUG [scope=wc_subscription_scheduled_event] Dedicated queue runner "woocommerce-subscriptions" could not be created. Existing claim: none. Cycle: 1/3.
2026-07-22T20:05:30+00:00 DEBUG [scope=wc_subscription_scheduled_event] Dedicated queue runner "woocommerce-subscriptions" could not be created. Existing claim: none. Cycle: 2/3.
2026-07-22T20:05:49+00:00 DEBUG [scope=wc_subscription_scheduled_event] Dedicated queue runner "woocommerce-subscriptions" created. Cycle: 3/3.
2026-07-22T20:06:57+00:00 DEBUG [scope=wc_subscription_scheduled_event] Dedicated queue runner "woocommerce-subscriptions" could not be created: active store does not support claim filtering.
2026-07-22T20:06:58+00:00 DEBUG [scope=wc_subscription_scheduled_event] Dedicated queue runner "woocommerce-subscriptions" could not be created. Existing claim: none. Cycle: 1/3.
2026-07-22T20:07:57+00:00 DEBUG [scope=wc_subscription_scheduled_event] Dedicated queue runner "woocommerce-subscriptions" could not be created. Existing claim: none. Cycle: 2/3.
2026-07-22T20:09:58+00:00 DEBUG [scope=wc_subscription_scheduled_event] Dedicated queue runner "woocommerce-subscriptions" created. Cycle: 3/3.
2026-07-22T20:11:59+00:00 DEBUG [scope=wc_subscription_scheduled_event] Dedicated queue runner "woocommerce-subscriptions" could not be created. Existing claim: none. Cycle: 1/3.
2026-07-22T20:13:37+00:00 DEBUG [scope=wc_subscription_scheduled_event] Dedicated queue runner "woocommerce-subscriptions" could not be created. Existing claim: none. Cycle: 2/3.
2026-07-22T20:15:34+00:00 DEBUG [scope=wc_subscription_scheduled_event] Dedicated queue runner "woocommerce-subscriptions" created. Cycle: 3/3.
2026-07-22T20:16:34+00:00 DEBUG [scope=wc_subscription_scheduled_event] Dedicated queue runner "woocommerce-subscriptions" could not be created. Existing claim: none. Cycle: 1/3.
2026-07-22T20:18:35+00:00 DEBUG [scope=wc_subscription_scheduled_event] Dedicated queue runner "woocommerce-subscriptions" could not be created. Existing claim: none. Cycle: 2/3.
2026-07-22T20:20:37+00:00 DEBUG [scope=wc_subscription_scheduled_event] Dedicated queue runner "woocommerce-subscriptions" created. Cycle: 3/3.
2026-07-22T20:20:57+00:00 DEBUG [scope=wc_subscription_scheduled_event] Dedicated queue runner "woocommerce-subscriptions" not applied: none of its groups exist yet.
2026-07-22T20:22:37+00:00 DEBUG [scope=wc_subscription_scheduled_event] Dedicated queue runner "woocommerce-subscriptions" could not be created. Existing claim: none. Cycle: 1/3.
2026-07-22T20:24:38+00:00 DEBUG [scope=wc_subscription_scheduled_event] Dedicated queue runner "woocommerce-subscriptions" could not be created. Existing claim: none. Cycle: 2/3.
2026-07-22T20:26:41+00:00 DEBUG [scope=wc_subscription_scheduled_event] Dedicated queue runner "woocommerce-subscriptions" created. Cycle: 3/3.
2026-07-22T20:27:41+00:00 DEBUG [scope=wc_subscription_scheduled_event] Dedicated queue runner "woocommerce-subscriptions" could not be created. Existing claim: none. Cycle: 1/3.
2026-07-22T21:02:55+00:00 DEBUG [scope=wc_subscription_scheduled_event] Dedicated queue runner "woocommerce-subscriptions" could not be created. Existing claim: none. Cycle: 2/3.
2026-07-22T21:05:27+00:00 DEBUG [scope=wc_subscription_scheduled_event] Dedicated queue runner "woocommerce-subscriptions" created. Cycle: 3/3.
2026-07-22T21:07:14+00:00 DEBUG [scope=wc_subscription_scheduled_event] Dedicated queue runner "woocommerce-subscriptions" could not be created. Existing claim: none. Cycle: 1/3.
2026-07-22T21:07:56+00:00 DEBUG [scope=wc_subscription_scheduled_event] Dedicated queue runner "woocommerce-subscriptions" could not be created. Existing claim: none. Cycle: 2/3.
2026-07-22T21:10:03+00:00 DEBUG [scope=wc_subscription_scheduled_event] Dedicated queue runner "woocommerce-subscriptions" created. Cycle: 3/3.
2026-07-22T21:53:32+00:00 DEBUG [scope=wc_subscription_scheduled_event] Dedicated queue runner "woocommerce-subscriptions" not applied: none of its groups exist yet.
2026-07-22T22:01:31+00:00 DEBUG [scope=wc_subscription_scheduled_event] Dedicated queue runner "woocommerce-subscriptions" not applied: none of its groups exist yet.
2026-07-22T22:02:02+00:00 DEBUG [scope=wc_subscription_scheduled_event] Dedicated queue runner "woocommerce-subscriptions" not applied: none of its groups exist yet.
2026-07-22T22:08:51+00:00 DEBUG [scope=wc_subscription_scheduled_event] Dedicated queue runner "woocommerce-subscriptions" not applied: none of its groups exist yet.
2026-07-22T22:29:02+00:00 DEBUG [scope=wc_subscription_scheduled_event] Dedicated queue runner "woocommerce-subscriptions" not applied: none of its groups exist yet.
2026-07-22T22:30:17+00:00 DEBUG [scope=wc_subscription_scheduled_event] Dedicated queue runner "woocommerce-subscriptions" could not be created. Existing claim: none. Cycle: 1/3.
