2026-07-20T20:05:51+00:00 INFO Array
(
    [template_type] => invoice
    [default_template_status] => 1
    [template_id] => 1
)
2026-07-20T20:05:51+00:00 INFO Array
(
    [template_type] => packinglist
    [default_template_status] => 1
    [template_id] => 2
)
2026-07-20T20:05:51+00:00 INFO Array
(
    [template_type] => shippinglabel
    [default_template_status] => 1
    [template_id] => 3
)
2026-07-20T20:05:51+00:00 INFO Array
(
    [template_type] => deliverynote
    [default_template_status] => 1
    [template_id] => 4
)
2026-07-20T20:05:51+00:00 INFO Array
(
    [template_type] => dispatchlabel
    [default_template_status] => 1
    [template_id] => 5
)
